Starting Picoquic (v1.01a) connection to server = 11.0.0.1, port = 4443
Testing scenario: <0:index.html;4:test.html;8:/1234567;12:main.jpg;16:war-and-peace.txt;20:en/latest/;24:/file-123K>
be0a955bd7d46636: No root crt list specified -- certificate will not be verified.

Max stream id bidir remote before start = 0 (0)
be0a955bd7d46636: Sending ALPN list (1): hq-29
be0a955bd7d46636: Sending transport parameter TLS extension (83 bytes):
be0a955bd7d46636:     Extension list (83 bytes):
be0a955bd7d46636:         Extension type: 5 (max_stream_data_bidi_local), length 4, 80200000
be0a955bd7d46636:         Extension type: 4 (initial_max_data), length 4, 80100000
be0a955bd7d46636:         Extension type: 8 (max_streams_bidi), length 2, 4201
be0a955bd7d46636:         Extension type: 1 (idle_timeout), length 4, 80007530
be0a955bd7d46636:         Extension type: 3 (max_packet_size), length 2, 45a0
be0a955bd7d46636:         Extension type: 9 (max_streams_uni), length 2, 4201
be0a955bd7d46636:         Extension type: 6 (max_stream_data_bidi_remote), length 4, 80010063
be0a955bd7d46636:         Extension type: 7 (max_stream_data_uni), length 4, 8000ffff
be0a955bd7d46636:         Extension type: 14 (active_connection_id_limit), length 1, 08
be0a955bd7d46636:         Extension type: 11 (max_ack_delay), length 1, 0a
be0a955bd7d46636:         Extension type: 15 (hcid), length 8, 5bd24897ea7ffb84
be0a955bd7d46636:         Extension type: 5948 (unknown), length 2, 4a95
be0a955bd7d46636:         Extension type: 4278378010 (min_ack_delay), length 2, 43e8
be0a955bd7d46636:         Extension type: 29016 (enable_time_stamp), length 1, 03
be0a955bd7d46636:         Extension type: 10930 (grease_quic_bit), length 0
Starting client connection. Version = ff00001d, I-CID: be0a955bd7d46636
Max stream id bidir remote after start = 0 (0)
Waiting for packets.
be0a955bd7d46636: Sending packet type: 2 (initial), S0, Q1, Version ff00001d,
be0a955bd7d46636:     <be0a955bd7d46636>, <5bd24897ea7ffb84>, Seq: 0, pl: 1226
be0a955bd7d46636:     Token length: 0
be0a955bd7d46636:     Prepared 1206 bytes
be0a955bd7d46636:     ping, 1 bytes
be0a955bd7d46636:     Crypto HS frame, offset 0, length 287: 0100011b03031789...
be0a955bd7d46636:     padding, 914 bytes

be0a955bd7d46636: Sending 1252 bytes to 11.0.0.1:4443 at T=0.000043 (35d013b37e02c)
be0a955bd7d46636: T= 0.250044, Lost packet type 2, number 0, size 1236, DCID <>, reason: timer
be0a955bd7d46636: Sending packet type: 2 (initial), S0, Q1, Version ff00001d,
be0a955bd7d46636:     <be0a955bd7d46636>, <5bd24897ea7ffb84>, Seq: 1, pl: 1226
be0a955bd7d46636:     Token length: 0
be0a955bd7d46636:     Prepared 1206 bytes
be0a955bd7d46636:     ping, 1 bytes
be0a955bd7d46636:     Crypto HS frame, offset 0, length 287: 0100011b03031789...
be0a955bd7d46636:     padding, 914 bytes

be0a955bd7d46636: Sending 1252 bytes to 11.0.0.1:4443 at T=0.250044 (35d013b3bb0bd)
be0a955bd7d46636: T= 0.500045, Lost packet type 2, number 1, size 1236, DCID <>, reason: timer
be0a955bd7d46636: Sending packet type: 2 (initial), S0, Q1, Version ff00001d,
be0a955bd7d46636:     <be0a955bd7d46636>, <5bd24897ea7ffb84>, Seq: 2, pl: 1226
be0a955bd7d46636:     Token length: 0
be0a955bd7d46636:     Prepared 1206 bytes
be0a955bd7d46636:     ping, 1 bytes
be0a955bd7d46636:     Crypto HS frame, offset 0, length 287: 0100011b03031789...
be0a955bd7d46636:     padding, 914 bytes

be0a955bd7d46636: Sending 1252 bytes to 11.0.0.1:4443 at T=0.500045 (35d013b3f814e)
be0a955bd7d46636: T= 1.000046, Lost packet type 2, number 2, size 1236, DCID <>, reason: timer
be0a955bd7d46636: Sending packet type: 2 (initial), S0, Q1, Version ff00001d,
be0a955bd7d46636:     <be0a955bd7d46636>, <5bd24897ea7ffb84>, Seq: 3, pl: 1226
be0a955bd7d46636:     Token length: 0
be0a955bd7d46636:     Prepared 1206 bytes
be0a955bd7d46636:     ping, 1 bytes
be0a955bd7d46636:     Crypto HS frame, offset 0, length 287: 0100011b03031789...
be0a955bd7d46636:     padding, 914 bytes

be0a955bd7d46636: Sending 1252 bytes to 11.0.0.1:4443 at T=1.000046 (35d013b47226f)
be0a955bd7d46636: T= 1.500047, Lost packet type 2, number 3, size 1236, DCID <>, reason: timer
be0a955bd7d46636: Sending packet type: 2 (initial), S0, Q1, Version ff00001d,
be0a955bd7d46636:     <be0a955bd7d46636>, <5bd24897ea7ffb84>, Seq: 4, pl: 1226
be0a955bd7d46636:     Token length: 0
be0a955bd7d46636:     Prepared 1206 bytes
be0a955bd7d46636:     ping, 1 bytes
be0a955bd7d46636:     Crypto HS frame, offset 0, length 287: 0100011b03031789...
be0a955bd7d46636:     padding, 914 bytes

be0a955bd7d46636: Sending 1252 bytes to 11.0.0.1:4443 at T=1.500047 (35d013b4ec390)
be0a955bd7d46636: Receiving 1232 bytes from 11.0.0.1:4443 at T=2.141780 (35d013b588e55)
be0a955bd7d46636: Receiving packet type: 2 (initial), S0, Q1, Version ff00001d,
be0a955bd7d46636:     <5bd24897ea7ffb84>, <0000000000000001>, Seq: 1, pl: 1206
be0a955bd7d46636:     Token length: 0
be0a955bd7d46636:     Decrypted 1186 bytes
be0a955bd7d46636:     Crypto HS frame, offset 0, length 123: 0000000000000000...
be0a955bd7d46636:     padding, 1059 bytes

be0a955bd7d46636: Picotls returns error: 10 (0xa)
be0a955bd7d46636: Protocol error 0x10a
Received a request to close the connection.
be0a955bd7d46636: Sending packet type: 2 (initial), S0, Q1, Version ff00001d,
be0a955bd7d46636:     <0000000000000001>, <5bd24897ea7ffb84>, Seq: 5, pl: 1226
be0a955bd7d46636:     Token length: 0
be0a955bd7d46636:     Prepared 1206 bytes
be0a955bd7d46636:     ACK (nb=0), 1
be0a955bd7d46636:     connection_close, Error 0x010a, Reason length 0
be0a955bd7d46636:     padding, 1196 bytes

be0a955bd7d46636: Sending 1252 bytes to 11.0.0.1:4443 at T=2.141781 (35d013b588e56)
be0a955bd7d46636: Closed. Retrans= 4, spurious= 0, max sp gap = 0, max sp delay = 0, dg-coal: 1.000000
Connection end with local error 0x10a.
Quic Bit was NOT greased by the client.
Quic Bit was NOT greased by the server.
ECN was not received.
ECN was not acknowledged.
Client exit with code = -1
