Starting Picoquic server (v1.01a) on port 4443, server name = ::, just_once = 0, do_retry = 0
Waiting for packets.
0000000000000001: Receiving 1232 bytes from 11.0.0.1:4987 at T=0.000000 (35d013b474c3b)
0000000000000001: Receiving packet type: 2 (initial), S0, Q1, Version ff00001d,
0000000000000001:     <0000000000000001>, <0000000000000001>, Seq: 1, pl: 1206
0000000000000001:     Token length: 0
0000000000000001:     Decrypted 1186 bytes
0000000000000001:     Crypto HS frame, offset 0, length 215: 010000d30303ee3b...
0000000000000001:     padding, 967 bytes

0000000000000001: Received ALPN list (1): hq-29
0000000000000001: Received transport parameter TLS extension (50 bytes):
0000000000000001:     Extension list (50 bytes):
0000000000000001:         Extension type: 5 (max_stream_data_bidi_local), length 2, 6000
0000000000000001:         Extension type: 4 (initial_max_data), length 4, 86054166
0000000000000001:         Extension type: 1 (idle_timeout), length 4, 86054161
0000000000000001:         Extension type: 6 (max_stream_data_bidi_remote), length 2, 6000
0000000000000001:         Extension type: 7 (max_stream_data_uni), length 4, 86054166
0000000000000001:         Extension type: 15 (hcid), length 8, 0000000000000001
0000000000000001:         Extension type: 12 (disable_migration), length 0
0000000000000001:         Extension type: 8 (max_streams_bidi), length 4, 8000597d
0000000000000001:         Extension type: 9 (max_streams_uni), length 4, 8000597d
0000000000000001: Sending transport parameter TLS extension (86 bytes):
0000000000000001:     Extension list (86 bytes):
0000000000000001:         Extension type: 5 (max_stream_data_bidi_local), length 4, 80200000
0000000000000001:         Extension type: 4 (initial_max_data), length 4, 80100000
0000000000000001:         Extension type: 8 (max_streams_bidi), length 2, 4201
0000000000000001:         Extension type: 1 (idle_timeout), length 4, 80007530
0000000000000001:         Extension type: 3 (max_packet_size), length 2, 45a0
0000000000000001:         Extension type: 9 (max_streams_uni), length 2, 4201
0000000000000001:         Extension type: 6 (max_stream_data_bidi_remote), length 4, 80010063
0000000000000001:         Extension type: 7 (max_stream_data_uni), length 4, 8000ffff
0000000000000001:         Extension type: 14 (active_connection_id_limit), length 1, 08
0000000000000001:         Extension type: 11 (max_ack_delay), length 1, 0a
0000000000000001:         Extension type: 15 (hcid), length 8, 7a4f53636fb80cb0
0000000000000001:         Extension type: 0 (ocid), length 8, 0000000000000001
0000000000000001:         Extension type: 2 (stateless_reset_token), length 16, 947f8edc1154893ec97e9be2ec4c497d
0000000000000001: Sending packet type: 2 (initial), S0, Q1, Version ff00001d,
0000000000000001:     <0000000000000001>, <7a4f53636fb80cb0>, Seq: 0, pl: 119
0000000000000001:     Token length: 0
0000000000000001:     Prepared 99 bytes
0000000000000001:     ACK (nb=0), 1
0000000000000001:     Crypto HS frame, offset 0, length 90: 0200005603038256...

0000000000000001: Sending packet type: 4 (handshake), S0, Q1, Version ff00001d,
0000000000000001:     <0000000000000001>, <7a4f53636fb80cb0>, Seq: 0, pl: 1082
0000000000000001:     Prepared 1062 bytes
0000000000000001:     Crypto HS frame, offset 0, length 1058: 0800006c006a0000...

0000000000000001: Sending 1252 bytes to 11.0.0.1:4987 at T=0.000021 (35d013b474c50)
0000000000000001: Server CB, Stream: 0, 0 bytes, fin=9

0000000000000001: Sending packet type: 4 (handshake), S0, Q1, Version ff00001d,
0000000000000001:     <0000000000000001>, <7a4f53636fb80cb0>, Seq: 1, pl: 207
0000000000000001:     Prepared 187 bytes
0000000000000001:     Crypto HS frame, offset 1058, length 182: 697ffb8b2808023b...

0000000000000001: Sending packet type: 6 (1rtt protected), S0, Q1,
0000000000000001:     <0000000000000001>, Seq: 0 (0), Phi: 0,
0000000000000001:     Prepared 157 bytes
0000000000000001:     NEW TOKEN[50]: 0xde8105a170564031fac3da71fdfd6ec0...
0000000000000001:     NEW CONNECTION ID[1]: 0x157703a793d73752, dcdcb1f37342e4bb46def1e01f3a6e60
0000000000000001:     padding, 77 bytes

1: T= 0.000021, cwin: 15360,flight: 1667,nb_ret: 0,rtt_min: 0,rtt: 250000,rtt_var: 0,max_ack_delay: 0,state: 11
0000000000000001: Sending 415 bytes to 11.0.0.1:4987 at T=0.000021 (35d013b474c50)
0000000000000001: Sending packet type: 6 (1rtt protected), S0, Q1,
0000000000000001:     <0000000000000001>, Seq: 1 (1), Phi: 0,
0000000000000001:     Prepared 1414 bytes
0000000000000001:     ping, 1 bytes
0000000000000001:     padding, 1413 bytes

1: T= 0.000021, cwin: 15360,flight: 3107,nb_ret: 0,rtt_min: 0,rtt: 250000,rtt_var: 0,max_ack_delay: 0,state: 11
0000000000000001: Sending 1440 bytes to 11.0.0.1:4987 at T=0.000021 (35d013b474c50)
0000000000000001: Receiving 100 bytes from 11.0.0.1:4987 at T=2.035342 (35d013b665ac9)
0000000000000001: Receiving packet type: 4 (handshake), S0, Q1, Version ff00001d,
0000000000000001:     <7a4f53636fb80cb0>, <0000000000000001>, Seq: 1, pl: 75
0000000000000001:     Decrypted 55 bytes
0000000000000001:     Crypto HS frame, offset 0, length 36: 140000205b978fa8...
0000000000000001:     padding, 16 bytes

0000000000000001: Server CB, Stream: 0, 0 bytes, fin=10

1: T= 2.035344, Lost packet type 6, number 0, size 167, DCID <0000000000000001>, reason: timer
0000000000000001: Sending packet type: 6 (1rtt protected), S0, Q1,
0000000000000001:     <0000000000000001>, Seq: 2 (2), Phi: 0,
0000000000000001:     Prepared 157 bytes
0000000000000001:     NEW TOKEN[50]: 0xde8105a170564031fac3da71fdfd6ec0...
0000000000000001:     NEW CONNECTION ID[1]: 0x157703a793d73752, dcdcb1f37342e4bb46def1e01f3a6e60
0000000000000001:     padding, 77 bytes

1: T= 2.035344, cwin: 3072,flight: 1855,nb_ret: 1,rtt_min: 0,rtt: 250000,rtt_var: 0,max_ack_delay: 0,state: 14
0000000000000001: Sending 183 bytes to 11.0.0.1:4987 at T=2.035344 (35d013b665acb)
1: T= 2.035344, Lost packet type 6, number 1, size 1424, DCID <0000000000000001>, reason: timer
0000000000000001: Sending packet type: 6 (1rtt protected), S0, Q1,
0000000000000001:     <0000000000000001>, Seq: 3 (3), Phi: 0,
0000000000000001:     Prepared 29 bytes
0000000000000001:     handshake_done
0000000000000001:     padding, 28 bytes

1: T= 2.035344, cwin: 3072,flight: 470,nb_ret: 1,rtt_min: 0,rtt: 250000,rtt_var: 0,max_ack_delay: 0,state: 14
0000000000000001: Sending 55 bytes to 11.0.0.1:4987 at T=2.035344 (35d013b665acb)
0000000000000001: Sending packet type: 6 (1rtt protected), S0, Q1,
0000000000000001:     <0000000000000001>, Seq: 4 (4), Phi: 0,
0000000000000001:     Prepared 1374 bytes
0000000000000001:     ping, 1 bytes
0000000000000001:     padding, 1373 bytes

1: T= 2.035344, cwin: 3072,flight: 1870,nb_ret: 1,rtt_min: 0,rtt: 250000,rtt_var: 0,max_ack_delay: 0,state: 14
0000000000000001: Sending 1400 bytes to 11.0.0.1:4987 at T=2.035344 (35d013b665acb)
0000000000000001: Receiving 65 bytes from 11.0.0.1:4987 at T=2.050660 (35d013b66969f)
0000000000000001: Receiving packet type: 6 (1rtt protected), S0, Q1,
0000000000000001:     <157703a793d73752>, Seq: 1 (1), Phi: 0,
0000000000000001:     Decrypted 36 bytes
0000000000000001:     Stream 4, offset 0, length 16, fin = 1: 474554202f696e64...
0000000000000001:     padding, 16 bytes

0000000000000001: Server CB, Stream: 4, 16 bytes, fin=1

0000000000000001: Server CB, Stream: 4, Processing command: GET /index.html

1: T= 2.050660, cwin: 3072,flight: 1870,nb_ret: 1,rtt_min: 0,rtt: 250000,rtt_var: 0,max_ack_delay: 0,state: 14
0000000000000001: Sending packet type: 6 (1rtt protected), S0, Q1,
0000000000000001:     <0000000000000001>, Seq: 5 (5), Phi: 0,
0000000000000001:     Prepared 413 bytes
0000000000000001:     ACK (nb=0), 1
0000000000000001:     Stream 4, offset 0, length 386, fin = 1: 3c21444f43545950...
0000000000000001:     padding, 18 bytes

1: T= 2.050661, cwin: 3072,flight: 2309,nb_ret: 1,rtt_min: 0,rtt: 250000,rtt_var: 0,max_ack_delay: 0,state: 14
0000000000000001: Sending 439 bytes to 11.0.0.1:4987 at T=2.050661 (35d013b6696a0)
0000000000000001: Receiving 135 bytes from 11.0.0.1:4987 at T=2.236143 (35d013b696b2a)
0000000000000001: Receiving packet type: 6 (1rtt protected), S0, Q1,
0000000000000001:     <157703a793d73752>, Seq: 2 (2), Phi: 0,
0000000000000001:     Decrypted 106 bytes
0000000000000001:     Stream 4, offset 0, length 16, fin = 1: 474554202f696e64...
0000000000000001:     ACK (nb=0), 0
0000000000000001:     Stream 8, offset 0, length 16, fin = 1: 474554202f696e64...
0000000000000001:     ACK (nb=0), 1
0000000000000001:     Stream 16, offset 0, length 16, fin = 1: 474554202f696e64...
0000000000000001:     Stream 12, offset 0, length 16, fin = 1: 474554202f696e64...
0000000000000001:     padding, 16 bytes

0000000000000001: Server CB, Stream: 8, 16 bytes, fin=1

0000000000000001: Server CB, Stream: 8, Processing command: GET /index.html

0000000000000001: Server CB, Stream: 16, 16 bytes, fin=1

0000000000000001: Server CB, Stream: 16, Processing command: GET /index.html

0000000000000001: Server CB, Stream: 12, 16 bytes, fin=1

0000000000000001: Server CB, Stream: 12, Processing command: GET /index.html

1: T= 2.236143, cwin: 5008,flight: 2309,nb_ret: 1,rtt_min: 2236098,rtt: 2236098,rtt_var: 1118048,max_ack_delay: 0,state: 14
0000000000000001: Sending packet type: 6 (1rtt protected), S0, Q1,
0000000000000001:     <0000000000000001>, Seq: 6 (6), Phi: 0,
0000000000000001:     Prepared 1181 bytes
0000000000000001:     ACK (nb=0), 1-2
0000000000000001:     Stream 8, offset 0, length 386, fin = 1: 3c21444f43545950...
0000000000000001:     Stream 12, offset 0, length 386, fin = 1: 3c21444f43545950...
0000000000000001:     Stream 16, offset 0, length 386, fin = 1: 3c21444f43545950...
0000000000000001:     padding, 6 bytes

1: T= 2.236145, cwin: 5008,flight: 3516,nb_ret: 1,rtt_min: 2236098,rtt: 2236098,rtt_var: 1118048,max_ack_delay: 0,state: 14
0000000000000001: Sending 1207 bytes to 11.0.0.1:4987 at T=2.236145 (35d013b696b2c)
0000000000000001: Receiving 155 bytes from 11.0.0.1:4987 at T=2.251618 (35d013b69a79d)
0000000000000001: Receiving packet type: 6 (1rtt protected), S0, Q1,
0000000000000001:     <157703a793d73752>, Seq: 3 (3), Phi: 0,
0000000000000001:     Decrypted 126 bytes
0000000000000001:     Stream 4, offset 0, length 16, fin = 1: 474554202f696e64...
0000000000000001:     ACK (nb=0), 0
0000000000000001:     Stream 8, offset 0, length 16, fin = 1: 474554202f696e64...
0000000000000001:     ACK (nb=0), 1
0000000000000001:     Stream 16, offset 0, length 16, fin = 1: 474554202f696e64...
0000000000000001:     Stream 12, offset 0, length 16, fin = 1: 474554202f696e64...
0000000000000001:     Stream 20, offset 0, length 16, fin = 1: 474554202f696e64...
0000000000000001:     padding, 16 bytes

0000000000000001: Server CB, Stream: 20, 16 bytes, fin=1

0000000000000001: Server CB, Stream: 20, Processing command: GET /index.html

1: T= 2.251618, cwin: 5008,flight: 3516,nb_ret: 1,rtt_min: 2236098,rtt: 2236098,rtt_var: 1118048,max_ack_delay: 0,state: 14
0000000000000001: Sending packet type: 6 (1rtt protected), S0, Q1,
0000000000000001:     <0000000000000001>, Seq: 7 (7), Phi: 0,
0000000000000001:     Prepared 413 bytes
0000000000000001:     ACK (nb=0), 1-3
0000000000000001:     Stream 20, offset 0, length 386, fin = 1: 3c21444f43545950...
0000000000000001:     padding, 18 bytes

1: T= 2.251619, cwin: 5008,flight: 3955,nb_ret: 1,rtt_min: 2236098,rtt: 2236098,rtt_var: 1118048,max_ack_delay: 0,state: 14
0000000000000001: Sending 439 bytes to 11.0.0.1:4987 at T=2.251619 (35d013b69a79e)
0000000000000001: Receiving 155 bytes from 11.0.0.1:4987 at T=2.252076 (35d013b69a967)
0000000000000001: Receiving packet type: 6 (1rtt protected), S0, Q1,
0000000000000001:     <157703a793d73752>, Seq: 4 (4), Phi: 0,
0000000000000001:     Decrypted 126 bytes
0000000000000001:     Stream 4, offset 0, length 16, fin = 1: 474554202f696e64...
0000000000000001:     ACK (nb=0), 0
0000000000000001:     Stream 8, offset 0, length 16, fin = 1: 474554202f696e64...
0000000000000001:     ACK (nb=0), 1
0000000000000001:     Stream 16, offset 0, length 16, fin = 1: 474554202f696e64...
0000000000000001:     Stream 12, offset 0, length 16, fin = 1: 474554202f696e64...
0000000000000001:     Stream 20, offset 0, length 16, fin = 1: 474554202f696e64...
0000000000000001:     padding, 16 bytes

1: T= 2.252076, cwin: 5008,flight: 3955,nb_ret: 1,rtt_min: 2236098,rtt: 2236098,rtt_var: 1118048,max_ack_delay: 0,state: 14
0000000000000001: Sending packet type: 6 (1rtt protected), S0, Q1,
0000000000000001:     <0000000000000001>, Seq: 8 (8), Phi: 0,
0000000000000001:     Prepared 29 bytes
0000000000000001:     ACK (nb=0), 1-4
0000000000000001:     padding, 24 bytes

1: T= 2.252077, cwin: 5008,flight: 4010,nb_ret: 1,rtt_min: 2236098,rtt: 2236098,rtt_var: 1118048,max_ack_delay: 0,state: 14
0000000000000001: Sending 55 bytes to 11.0.0.1:4987 at T=2.252077 (35d013b69a968)
0000000000000001: Receiving 235 bytes from 11.0.0.1:4987 at T=2.302745 (35d013b6a6f54)
0000000000000001: Receiving packet type: 6 (1rtt protected), S0, Q1,
0000000000000001:     <7a4f53636fb80cb0>, Seq: 5 (5), Phi: 0,
0000000000000001:     Decrypted 206 bytes
0000000000000001:     Stream 4, offset 0, length 16, fin = 1: 474554202f696e64...
0000000000000001:     ACK (nb=0), 0
0000000000000001:     Stream 8, offset 0, length 16, fin = 1: 474554202f696e64...
0000000000000001:     ACK (nb=0), 1
0000000000000001:     Stream 16, offset 0, length 16, fin = 1: 474554202f696e64...
0000000000000001:     Stream 12, offset 0, length 16, fin = 1: 474554202f696e64...
0000000000000001:     Stream 20, offset 0, length 16, fin = 1: 474554202f696e64...
0000000000000001:     Stream 28, offset 0, length 16, fin = 1: 474554202f696e64...
0000000000000001:     Stream 24, offset 0, length 16, fin = 1: 474554202f696e64...
0000000000000001:     Stream 36, offset 0, length 16, fin = 1: 474554202f696e64...
0000000000000001:     Stream 32, offset 0, length 16, fin = 1: 474554202f696e64...
0000000000000001:     padding, 16 bytes

0000000000000001: Server CB, Stream: 28, 16 bytes, fin=1

0000000000000001: Server CB, Stream: 28, Processing command: GET /index.html

0000000000000001: Server CB, Stream: 24, 16 bytes, fin=1

0000000000000001: Server CB, Stream: 24, Processing command: GET /index.html

0000000000000001: Server CB, Stream: 36, 16 bytes, fin=1

0000000000000001: Server CB, Stream: 36, Processing command: GET /index.html

0000000000000001: Server CB, Stream: 32, 16 bytes, fin=1

0000000000000001: Server CB, Stream: 32, Processing command: GET /index.html

1: T= 2.302745, cwin: 5008,flight: 4010,nb_ret: 1,rtt_min: 2236098,rtt: 2236098,rtt_var: 1118048,max_ack_delay: 0,state: 14
0000000000000001: Sending packet type: 6 (1rtt protected), S0, Q1,
0000000000000001:     <0000000000000001>, Seq: 9 (9), Phi: 0,
0000000000000001:     Prepared 1226 bytes
0000000000000001:     ACK (nb=0), 1-5
0000000000000001:     Stream 24, offset 0, length 386, fin = 1: 3c21444f43545950...
0000000000000001:     Stream 28, offset 0, length 386, fin = 1: 3c21444f43545950...
0000000000000001:     Stream 32, offset 0, length 386, fin = 1: 3c21444f43545950...
0000000000000001:     Stream 36, offset 0, length 49, fin = 0: 3c21444f43545950...

1: T= 2.302746, cwin: 5008,flight: 5262,nb_ret: 1,rtt_min: 2236098,rtt: 2236098,rtt_var: 1118048,max_ack_delay: 0,state: 14
0000000000000001: Sending 1252 bytes to 11.0.0.1:4987 at T=2.302746 (35d013b6a6f55)
0000000000000001: Receiving 65 bytes from 11.0.0.1:4987 at T=2.398052 (35d013b6be39f)
0000000000000001: Receiving packet type: 6 (1rtt protected), S0, Q1,
0000000000000001:     <7a4f53636fb80cb0>, Seq: 6 (6), Phi: 0,
0000000000000001:     Decrypted 36 bytes
0000000000000001:     Stream 40, offset 0, length 16, fin = 1: 474554202f696e64...
0000000000000001:     padding, 16 bytes

0000000000000001: Server CB, Stream: 40, 16 bytes, fin=1

0000000000000001: Server CB, Stream: 40, Processing command: GET /index.html

1: T= 2.398052, cwin: 5008,flight: 5262,nb_ret: 1,rtt_min: 2236098,rtt: 2236098,rtt_var: 1118048,max_ack_delay: 0,state: 14
0000000000000001: Sending packet type: 6 (1rtt protected), S0, Q1,
0000000000000001:     <0000000000000001>, Seq: 10 (10), Phi: 0,
0000000000000001:     Prepared 29 bytes
0000000000000001:     ACK (nb=0), 1-6
0000000000000001:     padding, 24 bytes

1: T= 2.398053, cwin: 5008,flight: 5317,nb_ret: 1,rtt_min: 2236098,rtt: 2236098,rtt_var: 1118048,max_ack_delay: 0,state: 14
0000000000000001: Sending 55 bytes to 11.0.0.1:4987 at T=2.398053 (35d013b6be3a0)
0000000000000001: Receiving 65 bytes from 11.0.0.1:4987 at T=2.428345 (35d013b6c59f4)
0000000000000001: Receiving packet type: 6 (1rtt protected), S0, Q1,
0000000000000001:     <157703a793d73752>, Seq: 7 (7), Phi: 0,
0000000000000001:     Decrypted 36 bytes
0000000000000001:     Stream 48, offset 0, length 16, fin = 1: 474554202f696e64...
0000000000000001:     padding, 16 bytes

0000000000000001: Server CB, Stream: 48, 16 bytes, fin=1

0000000000000001: Server CB, Stream: 48, Processing command: GET /index.html

1: T= 2.428345, cwin: 5008,flight: 5317,nb_ret: 1,rtt_min: 2236098,rtt: 2236098,rtt_var: 1118048,max_ack_delay: 0,state: 14
0000000000000001: Sending packet type: 6 (1rtt protected), S0, Q1,
0000000000000001:     <0000000000000001>, Seq: 11 (11), Phi: 0,
0000000000000001:     Prepared 29 bytes
0000000000000001:     ACK (nb=0), 1-7
0000000000000001:     padding, 24 bytes

1: T= 2.428346, cwin: 5008,flight: 5372,nb_ret: 1,rtt_min: 2236098,rtt: 2236098,rtt_var: 1118048,max_ack_delay: 0,state: 14
0000000000000001: Sending 55 bytes to 11.0.0.1:4987 at T=2.428346 (35d013b6c59f5)
0000000000000001: Receiving 105 bytes from 11.0.0.1:4987 at T=2.493740 (35d013b6d5967)
0000000000000001: Receiving packet type: 6 (1rtt protected), S0, Q1,
0000000000000001:     <157703a793d73752>, Seq: 8 (8), Phi: 0,
0000000000000001:     Decrypted 76 bytes
0000000000000001:     Stream 48, offset 0, length 16, fin = 1: 474554202f696e64...
0000000000000001:     Stream 52, offset 0, length 16, fin = 1: 474554202f696e64...
0000000000000001:     Stream 56, offset 0, length 16, fin = 1: 474554202f696e64...
0000000000000001:     padding, 16 bytes

0000000000000001: Server CB, Stream: 52, 16 bytes, fin=1

0000000000000001: Server CB, Stream: 52, Processing command: GET /index.html

0000000000000001: Server CB, Stream: 56, 16 bytes, fin=1

0000000000000001: Server CB, Stream: 56, Processing command: GET /index.html

1: T= 2.493740, cwin: 5008,flight: 5372,nb_ret: 1,rtt_min: 2236098,rtt: 2236098,rtt_var: 1118048,max_ack_delay: 0,state: 14
0000000000000001: Sending packet type: 6 (1rtt protected), S0, Q1,
0000000000000001:     <0000000000000001>, Seq: 12 (12), Phi: 0,
0000000000000001:     Prepared 29 bytes
0000000000000001:     ACK (nb=0), 1-8
0000000000000001:     padding, 24 bytes

1: T= 2.493741, cwin: 5008,flight: 5427,nb_ret: 1,rtt_min: 2236098,rtt: 2236098,rtt_var: 1118048,max_ack_delay: 0,state: 14
0000000000000001: Sending 55 bytes to 11.0.0.1:4987 at T=2.493741 (35d013b6d5968)
0000000000000001: Receiving 125 bytes from 11.0.0.1:4987 at T=2.504153 (35d013b6d8214)
0000000000000001: Receiving packet type: 6 (1rtt protected), S0, Q1,
0000000000000001:     <157703a793d73752>, Seq: 9 (9), Phi: 0,
0000000000000001:     Decrypted 96 bytes
0000000000000001:     Stream 48, offset 0, length 16, fin = 1: 474554202f696e64...
0000000000000001:     Stream 52, offset 0, length 16, fin = 1: 474554202f696e64...
0000000000000001:     Stream 56, offset 0, length 16, fin = 1: 474554202f696e64...
0000000000000001:     Stream 44, offset 0, length 16, fin = 1: 474554202f696e64...
0000000000000001:     padding, 16 bytes

0000000000000001: Server CB, Stream: 44, 16 bytes, fin=1

0000000000000001: Server CB, Stream: 44, Processing command: GET /index.html

1: T= 2.504153, cwin: 5008,flight: 5427,nb_ret: 1,rtt_min: 2236098,rtt: 2236098,rtt_var: 1118048,max_ack_delay: 0,state: 14
0000000000000001: Sending packet type: 6 (1rtt protected), S0, Q1,
0000000000000001:     <0000000000000001>, Seq: 13 (13), Phi: 0,
0000000000000001:     Prepared 29 bytes
0000000000000001:     ACK (nb=0), 1-9
0000000000000001:     padding, 24 bytes

1: T= 2.504154, cwin: 5008,flight: 5482,nb_ret: 1,rtt_min: 2236098,rtt: 2236098,rtt_var: 1118048,max_ack_delay: 0,state: 14
0000000000000001: Sending 55 bytes to 11.0.0.1:4987 at T=2.504154 (35d013b6d8215)
0000000000000001: Receiving 125 bytes from 11.0.0.1:4987 at T=2.529553 (35d013b6de54c)
0000000000000001: Receiving packet type: 6 (1rtt protected), S0, Q1,
0000000000000001:     <7a4f53636fb80cb0>, Seq: 10 (10), Phi: 0,
0000000000000001:     Decrypted 96 bytes
0000000000000001:     Stream 48, offset 0, length 16, fin = 1: 474554202f696e64...
0000000000000001:     Stream 52, offset 0, length 16, fin = 1: 474554202f696e64...
0000000000000001:     Stream 56, offset 0, length 16, fin = 1: 474554202f696e64...
0000000000000001:     Stream 44, offset 0, length 16, fin = 1: 474554202f696e64...
0000000000000001:     padding, 16 bytes

1: T= 2.529553, cwin: 5008,flight: 5482,nb_ret: 1,rtt_min: 2236098,rtt: 2236098,rtt_var: 1118048,max_ack_delay: 0,state: 14
0000000000000001: Sending packet type: 6 (1rtt protected), S0, Q1,
0000000000000001:     <0000000000000001>, Seq: 14 (14), Phi: 0,
0000000000000001:     Prepared 29 bytes
0000000000000001:     ACK (nb=0), 1-10
0000000000000001:     padding, 24 bytes

1: T= 2.529554, cwin: 5008,flight: 5537,nb_ret: 1,rtt_min: 2236098,rtt: 2236098,rtt_var: 1118048,max_ack_delay: 0,state: 14
0000000000000001: Sending 55 bytes to 11.0.0.1:4987 at T=2.529554 (35d013b6de54d)
0000000000000001: Receiving 53 bytes from 11.0.0.1:4987 at T=4.056102 (35d013b853061)
0000000000000001: Receiving packet type: 6 (1rtt protected), S0, Q1,
0000000000000001:     <7a4f53636fb80cb0>, Seq: 11 (11), Phi: 0,
0000000000000001:     Decrypted 24 bytes
0000000000000001:     connection_close, Error 0x0000, Offending frame 0x1bc3, Reason length 3
1:         Reason: )Cm
0000000000000001:     padding, 16 bytes

1: T= 4.056102, cwin: 5008,flight: 5537,nb_ret: 1,rtt_min: 2236098,rtt: 2236098,rtt_var: 1118048,max_ack_delay: 0,state: 16
0000000000000001: Sending packet type: 6 (1rtt protected), S0, Q1,
0000000000000001:     <0000000000000001>, Seq: 15 (15), Phi: 0,
0000000000000001:     Prepared 4 bytes
0000000000000001:     connection_close, Error 0x0000, Reason length 0

0000000000000001: Sending 30 bytes to 11.0.0.1:4987 at T=4.056103 (35d013b853062)
0000000000000001: Server CB, Stream: 0, 0 bytes, fin=5

0000000000000001: Closed. Retrans= 1, spurious= 1, max sp gap = 0, max sp delay = 2236122, dg-coal: 1.062500
