Starting Picoquic (v1.01a) connection to server = 11.0.0.1, port = 4443
Testing scenario: <0:index.html;4:test.html;8:/1234567;12:main.jpg;16:war-and-peace.txt;20:en/latest/;24:/file-123K>
be0a955bd7d46636: No root crt list specified -- certificate will not be verified.

Max stream id bidir remote before start = 0 (0)
be0a955bd7d46636: Sending ALPN list (1): hq-29
be0a955bd7d46636: Sending transport parameter TLS extension (83 bytes):
be0a955bd7d46636:     Extension list (83 bytes):
be0a955bd7d46636:         Extension type: 5 (max_stream_data_bidi_local), length 4, 80200000
be0a955bd7d46636:         Extension type: 4 (initial_max_data), length 4, 80100000
be0a955bd7d46636:         Extension type: 8 (max_streams_bidi), length 2, 4201
be0a955bd7d46636:         Extension type: 1 (idle_timeout), length 4, 80007530
be0a955bd7d46636:         Extension type: 3 (max_packet_size), length 2, 45a0
be0a955bd7d46636:         Extension type: 9 (max_streams_uni), length 2, 4201
be0a955bd7d46636:         Extension type: 6 (max_stream_data_bidi_remote), length 4, 80010063
be0a955bd7d46636:         Extension type: 7 (max_stream_data_uni), length 4, 8000ffff
be0a955bd7d46636:         Extension type: 14 (active_connection_id_limit), length 1, 08
be0a955bd7d46636:         Extension type: 11 (max_ack_delay), length 1, 0a
be0a955bd7d46636:         Extension type: 15 (hcid), length 8, 5bd24897ea7ffb84
be0a955bd7d46636:         Extension type: 5948 (unknown), length 2, 4a95
be0a955bd7d46636:         Extension type: 4278378010 (min_ack_delay), length 2, 43e8
be0a955bd7d46636:         Extension type: 29016 (enable_time_stamp), length 1, 03
be0a955bd7d46636:         Extension type: 10930 (grease_quic_bit), length 0
Starting client connection. Version = ff00001d, I-CID: be0a955bd7d46636
Max stream id bidir remote after start = 0 (0)
Waiting for packets.
be0a955bd7d46636: Sending packet type: 2 (initial), S0, Q1, Version ff00001d,
be0a955bd7d46636:     <be0a955bd7d46636>, <5bd24897ea7ffb84>, Seq: 0, pl: 1226
be0a955bd7d46636:     Token length: 0
be0a955bd7d46636:     Prepared 1206 bytes
be0a955bd7d46636:     ping, 1 bytes
be0a955bd7d46636:     Crypto HS frame, offset 0, length 287: 0100011b03031789...
be0a955bd7d46636:     padding, 914 bytes

be0a955bd7d46636: Sending 1252 bytes to 11.0.0.1:4443 at T=0.000043 (35d013b37e02c)
be0a955bd7d46636: Receiving 1232 bytes from 11.0.0.1:4443 at T=0.011992 (35d013b380ed9)
be0a955bd7d46636: Receiving packet type: 2 (initial), S0, Q1, Version ff00001d,
be0a955bd7d46636:     <5bd24897ea7ffb84>, <0000000000000001>, Seq: 1, pl: 1206
be0a955bd7d46636:     Token length: 0
be0a955bd7d46636:     Decrypted 1186 bytes
be0a955bd7d46636:     Crypto HS frame, offset 0, length 123: 020000770303cfbd...
be0a955bd7d46636:     padding, 1059 bytes

be0a955bd7d46636: Sending packet type: 4 (handshake), S0, Q1, Version ff00001d,
be0a955bd7d46636:     <0000000000000001>, <5bd24897ea7ffb84>, Seq: 0, pl: 21
be0a955bd7d46636:     Prepared 1 bytes
be0a955bd7d46636:     ping, 1 bytes

be0a955bd7d46636: Sending 46 bytes to 11.0.0.1:4443 at T=0.021992 (35d013b3835e9)
be0a955bd7d46636: Receiving 1419 bytes from 11.0.0.1:4443 at T=0.052164 (35d013b38abc5)
be0a955bd7d46636: Receiving packet type: 4 (handshake), S0, Q1, Version ff00001d,
be0a955bd7d46636:     <5bd24897ea7ffb84>, <0000000000000001>, Seq: 1, pl: 1394
be0a955bd7d46636:     Decrypted 1374 bytes
be0a955bd7d46636:     Crypto HS frame, offset 0, length 1354: 0800005600540000...
be0a955bd7d46636:     padding, 16 bytes

be0a955bd7d46636: Received transport parameter TLS extension (64 bytes):
be0a955bd7d46636:     Extension list (64 bytes):
be0a955bd7d46636:         Extension type: 5 (max_stream_data_bidi_local), length 4, 86054166
be0a955bd7d46636:         Extension type: 4 (initial_max_data), length 4, 86054166
be0a955bd7d46636:         Extension type: 1 (idle_timeout), length 4, 8fffffff
be0a955bd7d46636:         Extension type: 6 (max_stream_data_bidi_remote), length 4, 86054166
be0a955bd7d46636:         Extension type: 7 (max_stream_data_uni), length 4, 86054166
be0a955bd7d46636:         Extension type: 8 (max_streams_bidi), length 2, 40c8
be0a955bd7d46636:         Extension type: 15 (hcid), length 8, 0000000000000001
be0a955bd7d46636:         Extension type: 0 (ocid), length 8, be0a955bd7d46636
be0a955bd7d46636:         Extension type: 9 (max_streams_uni), length 4, 8000597d
be0a955bd7d46636:         Extension type: 3 (max_packet_size), length 2, 45dc
Negotiated ALPN: hq-29
be0a955bd7d46636: Negotiated ALPN: hq-29
Almost ready!

be0a955bd7d46636: Sending packet type: 4 (handshake), S0, Q1, Version ff00001d,
be0a955bd7d46636:     <0000000000000001>, <5bd24897ea7ffb84>, Seq: 1, pl: 64
be0a955bd7d46636:     Prepared 44 bytes
be0a955bd7d46636:     ACK (nb=0), 1
be0a955bd7d46636:     Crypto HS frame, offset 0, length 36: 14000020c4dffe5d...

be0a955bd7d46636: Sending packet type: 6 (1rtt protected), S0, Q1,
be0a955bd7d46636:     <0000000000000001>, Seq: 0 (0), Phi: 0,
be0a955bd7d46636:     Prepared 29 bytes
be0a955bd7d46636:     NEW CONNECTION ID[1]: 0xbe34a5c0c6e7213d, 0f83bc03801d5e7f638f7a013d441933
be0a955bd7d46636:     padding, 1 bytes

be0a955bd7d46636: T= 0.052165, cwin: 15360,flight: 190,nb_ret: 0,rtt_min: 0,rtt: 250000,rtt_var: 0,max_ack_delay: 0,state: 13
be0a955bd7d46636: Sending 144 bytes to 11.0.0.1:4443 at T=0.052165 (35d013b38abc6)
Connection established. Version = ff00001d, I-CID: be0a955bd7d46636, verified: 1
be0a955bd7d46636: Connection established. Version = ff00001d, I-CID: be0a955bd7d46636, verified: 1
be0a955bd7d46636: Preparing GET on stream 0 for /index.html
Opening stream 0 to GET /index.html
be0a955bd7d46636: Sending packet type: 6 (1rtt protected), S0, Q1,
be0a955bd7d46636:     <0000000000000001>, Seq: 1 (1), Phi: 0,
be0a955bd7d46636:     Prepared 29 bytes
be0a955bd7d46636:     Stream 0, offset 0, length 17, fin = 1: 474554202f696e64...
be0a955bd7d46636:     padding, 9 bytes

be0a955bd7d46636: T= 0.052170, cwin: 15360,flight: 245,nb_ret: 0,rtt_min: 0,rtt: 250000,rtt_var: 0,max_ack_delay: 0,state: 13
be0a955bd7d46636: Sending 55 bytes to 11.0.0.1:4443 at T=0.052170 (35d013b38abcb)
be0a955bd7d46636: Receiving 50 bytes from 11.0.0.1:4443 at T=0.054855 (35d013b38b648)
be0a955bd7d46636: Receiving packet type: 6 (1rtt protected), S0, Q1,
be0a955bd7d46636:     <5bd24897ea7ffb84>, Seq: 1 (1), Phi: 0,
be0a955bd7d46636:     Decrypted 21 bytes
be0a955bd7d46636:     max_streams_unidir: max rank 54786.
be0a955bd7d46636:     padding, 16 bytes

be0a955bd7d46636: T= 0.054855, cwin: 15360,flight: 245,nb_ret: 0,rtt_min: 0,rtt: 250000,rtt_var: 0,max_ack_delay: 0,state: 13
be0a955bd7d46636: Sending packet type: 6 (1rtt protected), S1, Q1,
be0a955bd7d46636:     <0000000000000001>, Seq: 2 (2), Phi: 0,
be0a955bd7d46636:     Prepared 29 bytes
be0a955bd7d46636:     ACK (nb=0), 1
be0a955bd7d46636:     padding, 23 bytes

be0a955bd7d46636: T= 0.055855, cwin: 15360,flight: 300,nb_ret: 0,rtt_min: 0,rtt: 250000,rtt_var: 0,max_ack_delay: 0,state: 13
be0a955bd7d46636: Sending 55 bytes to 11.0.0.1:4443 at T=0.055855 (35d013b38ba30)
be0a955bd7d46636: Receiving 64 bytes from 11.0.0.1:4443 at T=0.128330 (35d013b39d54b)
be0a955bd7d46636: Receiving packet type: 6 (1rtt protected), S0, Q1,
be0a955bd7d46636:     <be34a5c0c6e7213d>, Seq: 2 (2), Phi: 0,
be0a955bd7d46636:     Decrypted 35 bytes
be0a955bd7d46636:     handshake_done
be0a955bd7d46636:     Stream 0, offset 0, length 4, fin = 1: 666f6f0a
be0a955bd7d46636:     ACK (nb=0), 0
be0a955bd7d46636:     ACK (nb=0), 1
be0a955bd7d46636:     padding, 16 bytes

Stream 0 ended after 4 bytes
be0a955bd7d46636: Preparing GET on stream 4 for /test.html
Opening stream 4 to GET /test.html
be0a955bd7d46636: T= 0.128330, cwin: 15360,flight: 144,nb_ret: 0,rtt_min: 76157,rtt: 76157,rtt_var: 38078,max_ack_delay: 0,state: 14
be0a955bd7d46636: Sending packet type: 6 (1rtt protected), S1, Q1,
be0a955bd7d46636:     <0000000000000001>, Seq: 3 (3), Phi: 0,
be0a955bd7d46636:     Prepared 29 bytes
be0a955bd7d46636:     Stream 4, offset 0, length 16, fin = 1: 474554202f746573...
be0a955bd7d46636:     padding, 10 bytes

be0a955bd7d46636: T= 0.128335, cwin: 15360,flight: 199,nb_ret: 0,rtt_min: 76157,rtt: 76157,rtt_var: 38078,max_ack_delay: 0,state: 14
be0a955bd7d46636: Sending 55 bytes to 11.0.0.1:4443 at T=0.128335 (35d013b39d550)
be0a955bd7d46636: Sending packet type: 6 (1rtt protected), S1, Q1,
be0a955bd7d46636:     <0000000000000001>, Seq: 4 (4), Phi: 0,
be0a955bd7d46636:     Prepared 29 bytes
be0a955bd7d46636:     ACK (nb=0), 1-2
be0a955bd7d46636:     padding, 23 bytes

be0a955bd7d46636: T= 0.137852, cwin: 15360,flight: 254,nb_ret: 0,rtt_min: 76157,rtt: 76157,rtt_var: 38078,max_ack_delay: 0,state: 14
be0a955bd7d46636: Sending 55 bytes to 11.0.0.1:4443 at T=0.137852 (35d013b39fa7d)
be0a955bd7d46636: Receiving 69 bytes from 11.0.0.1:4443 at T=0.160285 (35d013b3a521e)
be0a955bd7d46636: Receiving packet type: 6 (1rtt protected), S0, Q1,
be0a955bd7d46636:     <be34a5c0c6e7213d>, Seq: 3 (3), Phi: 0,
be0a955bd7d46636:     Decrypted 40 bytes
be0a955bd7d46636:     handshake_done
be0a955bd7d46636:     Stream 0, offset 0, length 4, fin = 1: 666f6f0a
be0a955bd7d46636:     ACK (nb=0), 0
be0a955bd7d46636:     ACK (nb=0), 1
be0a955bd7d46636:     ACK (nb=0), 4
be0a955bd7d46636:     padding, 16 bytes

be0a955bd7d46636: T= 0.160285, cwin: 15360,flight: 199,nb_ret: 0,rtt_min: 22417,rtt: 69441,rtt_var: 41992,max_ack_delay: 0,state: 14
be0a955bd7d46636: T= 0.160287, Lost packet type 6, number 2, size 39, DCID <0000000000000001>, reason: repeat
be0a955bd7d46636: Receiving 69 bytes from 11.0.0.1:4443 at T=0.160577 (35d013b3a5342)
be0a955bd7d46636: Receiving packet type: 6 (1rtt protected), S0, Q1,
be0a955bd7d46636:     <5bd24897ea7ffb84>, Seq: 4 (4), Phi: 0,
be0a955bd7d46636:     Decrypted 40 bytes
be0a955bd7d46636:     handshake_done
be0a955bd7d46636:     Stream 0, offset 0, length 4, fin = 1: 666f6f0a
be0a955bd7d46636:     ACK (nb=0), 0
be0a955bd7d46636:     ACK (nb=0), 1
be0a955bd7d46636:     ACK (nb=0), 4
be0a955bd7d46636:     padding, 16 bytes

be0a955bd7d46636: T= 0.160577, cwin: 15360,flight: 144,nb_ret: 0,rtt_min: 22417,rtt: 69441,rtt_var: 41992,max_ack_delay: 0,state: 14
be0a955bd7d46636: Sending packet type: 6 (1rtt protected), S1, Q1,
be0a955bd7d46636:     <0000000000000001>, Seq: 5 (5), Phi: 0,
be0a955bd7d46636:     Prepared 29 bytes
be0a955bd7d46636:     ACK (nb=0), 2-4
be0a955bd7d46636:     padding, 24 bytes

be0a955bd7d46636: T= 0.160578, cwin: 15360,flight: 199,nb_ret: 0,rtt_min: 22417,rtt: 69441,rtt_var: 41992,max_ack_delay: 0,state: 14
be0a955bd7d46636: Sending 55 bytes to 11.0.0.1:4443 at T=0.160578 (35d013b3a5343)
be0a955bd7d46636: Receiving 50 bytes from 11.0.0.1:4443 at T=0.162970 (35d013b3a5c9b)
be0a955bd7d46636: Receiving packet type: 6 (1rtt protected), S0, Q1,
be0a955bd7d46636:     <5bd24897ea7ffb84>, Seq: 5 (5), Phi: 0,
be0a955bd7d46636:     Decrypted 21 bytes
be0a955bd7d46636:     ACK (nb=0), 5
be0a955bd7d46636:     padding, 16 bytes

be0a955bd7d46636: T= 0.162970, cwin: 15360,flight: 144,nb_ret: 0,rtt_min: 2384,rtt: 61059,rtt_var: 48258,max_ack_delay: 0,state: 14
be0a955bd7d46636: T= 0.162971, Lost packet type 6, number 3, size 39, DCID <0000000000000001>, reason: repeat
be0a955bd7d46636: Sending packet type: 6 (1rtt protected), S1, Q1,
be0a955bd7d46636:     <0000000000000001>, Seq: 6 (6), Phi: 0,
be0a955bd7d46636:     Prepared 29 bytes
be0a955bd7d46636:     Stream 4, offset 0, length 16, fin = 1: 474554202f746573...
be0a955bd7d46636:     padding, 10 bytes

be0a955bd7d46636: T= 0.162971, cwin: 15360,flight: 144,nb_ret: 1,rtt_min: 2384,rtt: 61059,rtt_var: 48258,max_ack_delay: 0,state: 14
be0a955bd7d46636: Sending 55 bytes to 11.0.0.1:4443 at T=0.162971 (35d013b3a5c9c)
be0a955bd7d46636: Receiving 58 bytes from 11.0.0.1:4443 at T=0.210383 (35d013b3b15d0)
be0a955bd7d46636: Receiving packet type: 6 (1rtt protected), S0, Q1,
be0a955bd7d46636:     <5bd24897ea7ffb84>, Seq: 6 (6), Phi: 0,
be0a955bd7d46636:     Decrypted 29 bytes
be0a955bd7d46636:     ACK (nb=0), 6
be0a955bd7d46636:     Stream 4, offset 0, length 4, fin = 1: 666f6f0a
be0a955bd7d46636:     padding, 16 bytes

Stream 4 ended after 4 bytes
be0a955bd7d46636: Preparing GET on stream 8 for /1234567
Opening stream 8 to GET /1234567
be0a955bd7d46636: T= 0.210383, cwin: 15360,flight: 89,nb_ret: 1,rtt_min: 2384,rtt: 59352,rtt_var: 39610,max_ack_delay: 0,state: 14
be0a955bd7d46636: Sending packet type: 6 (1rtt protected), S1, Q1,
be0a955bd7d46636:     <0000000000000001>, Seq: 7 (7), Phi: 0,
be0a955bd7d46636:     Prepared 29 bytes
be0a955bd7d46636:     ACK (nb=0), 4-6
be0a955bd7d46636:     Stream 8, offset 0, length 14, fin = 1: 474554202f313233...
be0a955bd7d46636:     padding, 7 bytes

be0a955bd7d46636: T= 0.210389, cwin: 15360,flight: 144,nb_ret: 1,rtt_min: 2384,rtt: 59352,rtt_var: 39610,max_ack_delay: 0,state: 14
be0a955bd7d46636: Sending 55 bytes to 11.0.0.1:4443 at T=0.210389 (35d013b3b15d6)
be0a955bd7d46636: Receiving 50 bytes from 11.0.0.1:4443 at T=0.262787 (35d013b3be284)
be0a955bd7d46636: Receiving packet type: 6 (1rtt protected), S0, Q1,
be0a955bd7d46636:     <5bd24897ea7ffb84>, Seq: 7 (7), Phi: 0,
be0a955bd7d46636:     Decrypted 21 bytes
be0a955bd7d46636:     ACK (nb=0), 7
be0a955bd7d46636:     padding, 16 bytes

be0a955bd7d46636: T= 0.262787, cwin: 15360,flight: 89,nb_ret: 1,rtt_min: 2384,rtt: 58480,rtt_var: 31454,max_ack_delay: 0,state: 14
be0a955bd7d46636: Receiving 53 bytes from 11.0.0.1:4443 at T=0.323052 (35d013b3ccded)
be0a955bd7d46636: Receiving packet type: 6 (1rtt protected), S0, Q1,
be0a955bd7d46636:     <5bd24897ea7ffb84>, Seq: 8 (8), Phi: 0,
be0a955bd7d46636:     Decrypted 24 bytes
be0a955bd7d46636:     Stream 8, offset 0, length 4, fin = 1: 666f6f0a
be0a955bd7d46636:     padding, 16 bytes

Stream 8 ended after 4 bytes
be0a955bd7d46636: Preparing GET on stream 12 for /main.jpg
Opening stream 12 to GET /main.jpg
be0a955bd7d46636: T= 0.323052, cwin: 15360,flight: 89,nb_ret: 1,rtt_min: 2384,rtt: 58480,rtt_var: 31454,max_ack_delay: 0,state: 14
be0a955bd7d46636: Sending packet type: 6 (1rtt protected), S1, Q1,
be0a955bd7d46636:     <0000000000000001>, Seq: 8 (8), Phi: 0,
be0a955bd7d46636:     Prepared 29 bytes
be0a955bd7d46636:     ACK (nb=0), 6-8
be0a955bd7d46636:     Stream 12, offset 0, length 15, fin = 1: 474554202f6d6169...
be0a955bd7d46636:     padding, 6 bytes

be0a955bd7d46636: T= 0.323056, cwin: 15360,flight: 144,nb_ret: 1,rtt_min: 2384,rtt: 58480,rtt_var: 31454,max_ack_delay: 0,state: 14
be0a955bd7d46636: Sending 55 bytes to 11.0.0.1:4443 at T=0.323056 (35d013b3ccdf1)
be0a955bd7d46636: Receiving 50 bytes from 11.0.0.1:4443 at T=0.350453 (35d013b3d38f6)
be0a955bd7d46636: Receiving packet type: 6 (1rtt protected), S0, Q1,
be0a955bd7d46636:     <be34a5c0c6e7213d>, Seq: 9 (9), Phi: 0,
be0a955bd7d46636:     Decrypted 21 bytes
be0a955bd7d46636:     ACK (nb=0), 8
be0a955bd7d46636:     padding, 16 bytes

be0a955bd7d46636: T= 0.350453, cwin: 15360,flight: 89,nb_ret: 1,rtt_min: 2384,rtt: 54592,rtt_var: 31370,max_ack_delay: 0,state: 14
be0a955bd7d46636: Receiving 50 bytes from 11.0.0.1:4443 at T=0.355706 (35d013b3d4d7b)
be0a955bd7d46636: Receiving packet type: 6 (1rtt protected), S0, Q1,
be0a955bd7d46636:     <5bd24897ea7ffb84>, Seq: 10 (10), Phi: 0,
be0a955bd7d46636:     Decrypted 21 bytes
be0a955bd7d46636:     ACK (nb=0), 8
be0a955bd7d46636:     padding, 16 bytes

be0a955bd7d46636: T= 0.355706, cwin: 15360,flight: 89,nb_ret: 1,rtt_min: 2384,rtt: 54592,rtt_var: 31370,max_ack_delay: 0,state: 14
be0a955bd7d46636: Receiving 53 bytes from 11.0.0.1:4443 at T=0.455971 (35d013b3ed524)
be0a955bd7d46636: Receiving packet type: 6 (1rtt protected), S0, Q1,
be0a955bd7d46636:     <5bd24897ea7ffb84>, Seq: 11 (11), Phi: 0,
be0a955bd7d46636:     Decrypted 24 bytes
be0a955bd7d46636:     Stream 12, offset 0, length 4, fin = 1: 666f6f0a
be0a955bd7d46636:     padding, 16 bytes

Stream 12 ended after 4 bytes
be0a955bd7d46636: Preparing GET on stream 16 for /war-and-peace.txt
Opening stream 16 to GET /war-and-peace.txt
be0a955bd7d46636: T= 0.455971, cwin: 15360,flight: 89,nb_ret: 1,rtt_min: 2384,rtt: 54592,rtt_var: 31370,max_ack_delay: 0,state: 14
be0a955bd7d46636: Sending packet type: 6 (1rtt protected), S1, Q1,
be0a955bd7d46636:     <0000000000000001>, Seq: 9 (9), Phi: 0,
be0a955bd7d46636:     Prepared 157 bytes
be0a955bd7d46636:     ACK (nb=0), 8-11
be0a955bd7d46636:     Stream 16, offset 0, length 24, fin = 1: 474554202f776172...
be0a955bd7d46636:     padding, 125 bytes

be0a955bd7d46636: T= 0.455975, cwin: 15360,flight: 272,nb_ret: 1,rtt_min: 2384,rtt: 54592,rtt_var: 31370,max_ack_delay: 0,state: 14
be0a955bd7d46636: Sending 183 bytes to 11.0.0.1:4443 at T=0.455975 (35d013b3ed528)
be0a955bd7d46636: Receiving 58 bytes from 11.0.0.1:4443 at T=0.518400 (35d013b3fc901)
be0a955bd7d46636: Receiving packet type: 6 (1rtt protected), S0, Q1,
be0a955bd7d46636:     <5bd24897ea7ffb84>, Seq: 12 (12), Phi: 0,
be0a955bd7d46636:     Decrypted 29 bytes
be0a955bd7d46636:     Stream 16, offset 0, length 4, fin = 1: 666f6f0a
be0a955bd7d46636:     ACK (nb=0), 9
be0a955bd7d46636:     padding, 16 bytes

Stream 16 ended after 4 bytes
be0a955bd7d46636: Preparing GET on stream 20 for /en/latest/
Opening stream 20 to GET /en/latest/
be0a955bd7d46636: T= 0.518400, cwin: 15360,flight: 89,nb_ret: 1,rtt_min: 2384,rtt: 55570,rtt_var: 25484,max_ack_delay: 0,state: 14
be0a955bd7d46636: Sending packet type: 6 (1rtt protected), S1, Q1,
be0a955bd7d46636:     <0000000000000001>, Seq: 10 (10), Phi: 0,
be0a955bd7d46636:     Prepared 29 bytes
be0a955bd7d46636:     Stream 20, offset 0, length 17, fin = 1: 474554202f656e2f...
be0a955bd7d46636:     padding, 9 bytes

be0a955bd7d46636: T= 0.518404, cwin: 15360,flight: 144,nb_ret: 1,rtt_min: 2384,rtt: 55570,rtt_var: 25484,max_ack_delay: 0,state: 14
be0a955bd7d46636: Sending 55 bytes to 11.0.0.1:4443 at T=0.518404 (35d013b3fc905)
be0a955bd7d46636: Sending packet type: 6 (1rtt protected), S1, Q1,
be0a955bd7d46636:     <0000000000000001>, Seq: 11 (11), Phi: 0,
be0a955bd7d46636:     Prepared 29 bytes
be0a955bd7d46636:     ACK (nb=0), 11-12
be0a955bd7d46636:     padding, 23 bytes

be0a955bd7d46636: T= 0.528401, cwin: 15360,flight: 199,nb_ret: 1,rtt_min: 2384,rtt: 55570,rtt_var: 25484,max_ack_delay: 0,state: 14
be0a955bd7d46636: Sending 55 bytes to 11.0.0.1:4443 at T=0.528401 (35d013b3ff012)
be0a955bd7d46636: Receiving 55 bytes from 11.0.0.1:4443 at T=0.575824 (35d013b40a951)
be0a955bd7d46636: Receiving packet type: 6 (1rtt protected), S0, Q1,
be0a955bd7d46636:     <be34a5c0c6e7213d>, Seq: 13 (13), Phi: 0,
be0a955bd7d46636:     Decrypted 26 bytes
be0a955bd7d46636:     ACK (nb=0), 10
be0a955bd7d46636:     ACK (nb=0), 11
be0a955bd7d46636:     padding, 16 bytes

be0a955bd7d46636: T= 0.575824, cwin: 15360,flight: 89,nb_ret: 1,rtt_min: 2384,rtt: 55796,rtt_var: 19568,max_ack_delay: 0,state: 14
be0a955bd7d46636: Receiving 55 bytes from 11.0.0.1:4443 at T=0.596087 (35d013b40f878)
be0a955bd7d46636: Receiving packet type: 6 (1rtt protected), S0, Q1,
be0a955bd7d46636:     <be34a5c0c6e7213d>, Seq: 14 (14), Phi: 0,
be0a955bd7d46636:     Decrypted 26 bytes
be0a955bd7d46636:     ACK (nb=0), 10
be0a955bd7d46636:     ACK (nb=0), 11
be0a955bd7d46636:     padding, 16 bytes

be0a955bd7d46636: T= 0.596087, cwin: 15360,flight: 89,nb_ret: 1,rtt_min: 2384,rtt: 55796,rtt_var: 19568,max_ack_delay: 0,state: 14
be0a955bd7d46636: Receiving 63 bytes from 11.0.0.1:4443 at T=0.626368 (35d013b416ec1)
be0a955bd7d46636: Receiving packet type: 6 (1rtt protected), S0, Q1,
be0a955bd7d46636:     <be34a5c0c6e7213d>, Seq: 15 (15), Phi: 0,
be0a955bd7d46636:     Decrypted 34 bytes
be0a955bd7d46636:     ACK (nb=0), 10
be0a955bd7d46636:     ACK (nb=0), 11
be0a955bd7d46636:     Stream 20, offset 0, length 4, fin = 1: 666f6f0a
be0a955bd7d46636:     padding, 16 bytes

Stream 20 ended after 4 bytes
be0a955bd7d46636: Preparing GET on stream 24 for /file-123K
Opening stream 24 to GET /file-123K
be0a955bd7d46636: T= 0.626368, cwin: 15360,flight: 89,nb_ret: 1,rtt_min: 2384,rtt: 55796,rtt_var: 19568,max_ack_delay: 0,state: 14
be0a955bd7d46636: Sending packet type: 6 (1rtt protected), S1, Q1,
be0a955bd7d46636:     <0000000000000001>, Seq: 12 (12), Phi: 0,
be0a955bd7d46636:     Prepared 29 bytes
be0a955bd7d46636:     ACK (nb=0), 12-15
be0a955bd7d46636:     Stream 24, offset 0, length 16, fin = 1: 474554202f66696c...
be0a955bd7d46636:     padding, 5 bytes

be0a955bd7d46636: T= 0.626372, cwin: 15360,flight: 144,nb_ret: 1,rtt_min: 2384,rtt: 55796,rtt_var: 19568,max_ack_delay: 0,state: 14
be0a955bd7d46636: Sending 55 bytes to 11.0.0.1:4443 at T=0.626372 (35d013b416ec5)
be0a955bd7d46636: Receiving 76 bytes from 11.0.0.1:4443 at T=0.708827 (35d013b42b0dc)
be0a955bd7d46636: Receiving packet type: 6 (1rtt protected), S0, Q1,
be0a955bd7d46636:     <5bd24897ea7ffb84>, Seq: 16 (16), Phi: 0,
be0a955bd7d46636:     Decrypted 47 bytes
be0a955bd7d46636:     ACK (nb=0), 10
be0a955bd7d46636:     ACK (nb=0), 11
be0a955bd7d46636:     Stream 20, offset 0, length 4, fin = 1: 666f6f0a
be0a955bd7d46636:     Stream 24, offset 0, length 4, fin = 1: 666f6f0a
be0a955bd7d46636:     ACK (nb=0), 12
be0a955bd7d46636:     padding, 16 bytes

Stream 24 ended after 4 bytes
be0a955bd7d46636: T= 0.708827, cwin: 15360,flight: 89,nb_ret: 1,rtt_min: 2384,rtt: 59128,rtt_var: 21340,max_ack_delay: 0,state: 14
All done, Closing the connection.
be0a955bd7d46636: All done, Closing the connection.
be0a955bd7d46636: Sending packet type: 6 (1rtt protected), S1, Q1,
be0a955bd7d46636:     <0000000000000001>, Seq: 13 (13), Phi: 0,
be0a955bd7d46636:     Prepared 8 bytes
be0a955bd7d46636:     ACK (nb=0), 15-16
be0a955bd7d46636:     application_close, Error 0x0000, Reason length 0

be0a955bd7d46636: Sending 34 bytes to 11.0.0.1:4443 at T=0.708831 (35d013b42b0e0)
Received a request to close the connection.
Quic Bit was NOT greased by the client.
Quic Bit was NOT greased by the server.
ECN was not received.
ECN was not acknowledged.
Received 28 bytes in 1.217298 seconds, 0.000184 Mbps.
be0a955bd7d46636: Received 28 bytes in 1.217298 seconds, 0.000184 Mbps.
max_data_local: 1048576
max_max_stream_data_local: 2097152
max_data_remote: 101007718
max_max_stream_data_remote: 796
ack_delay_remote: 1000 ... 1000
max_ack_gap_remote: 2
ack_delay_local: 25000 ... 25000
max_ack_gap_local: 2
max_mtu_sent: 1252
max_mtu_received: 1419
Client exit with code = 0
