< show_socket(0x4)
< show_set_initial_keys([0xbe,0xa,0x95,0x5b,0xd7,0xd4,0x66,0x36])
< prot.show_header({hdr_long:0x1,hdr_type:0x47,dcid:13693921838668998198,scid:6616430619872197508,payload_length:0x4ca,token_length:0,payload_length_pos:0x18,pkt_num_pos:0x1a})
< prot.show_token_len(0x4)
< recv_packet(server,{protocol:udp,addr:0xb000002,port:0x2f97,interface:ivy},{protocol:udp,addr:0xb000001,port:0x115b,interface:ivy},{ptype:initial,pversion:0xff00001d,dst_cid:13693921838668998198,src_cid:6616430619872197508,token:[],seq_num:0,payload:[{frame.ping:{}},{frame.crypto:{offset:0,length:0x11f,data:[0x1,0,0x1,0x1b,0x3,0x3,0x17,0x89,0xd8,0xe2,0xcb,0xaa,0xff,0x46,0x68,0xa2,0x30,0x51,0xbe,0xe0,0x26,0x98,0x2a,0x2e,0x21,0x8a,0xd7,0x8e,0xb1,0x15,0xa5,0x3d,0x69,0x3e,0xf9,0xf7,0xba,0xbb,0,0,0x6,0x13,0x1,0x13,0x2,0x13,0x3,0x1,0,0,0xec,0,0x33,0,0x47,0,0x45,0,0x17,0,0x41,0x4,0xc9,0x87,0x1a,0x64,0xf0,0x2a,0x57,0xd7,0xb0,0x50,0xd0,0x79,0x7d,0x8d,0x8d,0xfc,0xd5,0xbc,0x9,0x33,0xc0,0x24,0x68,0x66,0x11,0xe0,0xa9,0xdd,0x7f,0x72,0xfb,0x6d,0x83,0x1,0xf1,0x2d,0xdd,0x14,0xa,0xba,0xba,0x7d,0x10,0x16,0xc5,0x2b,0x6b,0xd0,0x9a,0xa,0xf8,0xd4,0x30,0xe6,0x35,0xf4,0x3d,0xd5,0xe6,0x1d,0xfd,0,0x6a,0x3f,0,0,0,0xf,0,0xd,0,0,0xa,0x73,0x65,0x72,0x76,0x65,0x72,0x6e,0x61,0x6d,0x65,0,0x10,0,0x8,0,0x6,0x5,0x68,0x71,0x2d,0x32,0x39,0,0x2b,0,0x9,0x8,0x3,0x4,0x7f,0x1c,0x7f,0x1b,0x7f,0x1a,0,0xd,0,0xa,0,0x8,0x8,0x4,0x4,0x3,0x4,0x1,0x2,0x1,0,0xa,0,0x6,0,0x4,0,0x17,0,0x1d,0xff,0xa5,0,0x53,0x5,0x4,0x80,0x20,0,0,0x4,0x4,0x80,0x10,0,0,0x8,0x2,0x42,0x1,0x1,0x4,0x80,0,0x75,0x30,0x3,0x2,0x45,0xa0,0x9,0x2,0x42,0x1,0x6,0x4,0x80,0x1,0,0x63,0x7,0x4,0x80,0,0xff,0xff,0xe,0x1,0x8,0xb,0x1,0xa,0xf,0x8,0x5b,0xd2,0x48,0x97,0xea,0x7f,0xfb,0x84,0x57,0x3c,0x2,0x4a,0x95,0xc0,0,0,0,0xff,0x2,0xde,0x1a,0x2,0x43,0xe8,0x80,0,0x71,0x58,0x1,0x3,0x6a,0xb2,0,0,0x2d,0,0x2,0x1,0x1]}}]})
< show_tls_keys_established_event(6616430619872197508,initial)
< infer_frame(6616430619872197508,13693921838668998198,{frame.ping:{}})
assumption_failed("/usr/local/lib/python2.7/dist-packages/ms_ivy-1.8.24-py2.7.egg/ivy/include/1.7/quic_frame.ivy: line 1574")
