Starting Picoquic (v1.01a) connection to server = 11.0.0.1, port = 4443
Testing scenario: <0:index.html;4:test.html;8:/1234567;12:main.jpg;16:war-and-peace.txt;20:en/latest/;24:/file-123K>
be0a955bd7d46636: No root crt list specified -- certificate will not be verified.

Max stream id bidir remote before start = 0 (0)
be0a955bd7d46636: Sending ALPN list (1): hq-29
be0a955bd7d46636: Sending transport parameter TLS extension (83 bytes):
be0a955bd7d46636:     Extension list (83 bytes):
be0a955bd7d46636:         Extension type: 5 (max_stream_data_bidi_local), length 4, 80200000
be0a955bd7d46636:         Extension type: 4 (initial_max_data), length 4, 80100000
be0a955bd7d46636:         Extension type: 8 (max_streams_bidi), length 2, 4201
be0a955bd7d46636:         Extension type: 1 (idle_timeout), length 4, 80007530
be0a955bd7d46636:         Extension type: 3 (max_packet_size), length 2, 45a0
be0a955bd7d46636:         Extension type: 9 (max_streams_uni), length 2, 4201
be0a955bd7d46636:         Extension type: 6 (max_stream_data_bidi_remote), length 4, 80010063
be0a955bd7d46636:         Extension type: 7 (max_stream_data_uni), length 4, 8000ffff
be0a955bd7d46636:         Extension type: 14 (active_connection_id_limit), length 1, 08
be0a955bd7d46636:         Extension type: 11 (max_ack_delay), length 1, 0a
be0a955bd7d46636:         Extension type: 15 (hcid), length 8, 5bd24897ea7ffb84
be0a955bd7d46636:         Extension type: 5948 (unknown), length 2, 4a95
be0a955bd7d46636:         Extension type: 4278378010 (min_ack_delay), length 2, 43e8
be0a955bd7d46636:         Extension type: 29016 (enable_time_stamp), length 1, 03
be0a955bd7d46636:         Extension type: 10930 (grease_quic_bit), length 0
Starting client connection. Version = ff00001d, I-CID: be0a955bd7d46636
Max stream id bidir remote after start = 0 (0)
Waiting for packets.
be0a955bd7d46636: Sending packet type: 2 (initial), S0, Q1, Version ff00001d,
be0a955bd7d46636:     <be0a955bd7d46636>, <5bd24897ea7ffb84>, Seq: 0, pl: 1226
be0a955bd7d46636:     Token length: 0
be0a955bd7d46636:     Prepared 1206 bytes
be0a955bd7d46636:     ping, 1 bytes
be0a955bd7d46636:     Crypto HS frame, offset 0, length 287: 0100011b03031789...
be0a955bd7d46636:     padding, 914 bytes

be0a955bd7d46636: Sending 1252 bytes to 11.0.0.1:4443 at T=0.000043 (35d013b37e02c)
be0a955bd7d46636: Receiving 1232 bytes from 11.0.0.1:4443 at T=0.047173 (35d013b389846)
be0a955bd7d46636: Receiving packet type: 2 (initial), S0, Q1, Version ff00001d,
be0a955bd7d46636:     <5bd24897ea7ffb84>, <0000000000000001>, Seq: 1, pl: 1206
be0a955bd7d46636:     Token length: 0
be0a955bd7d46636:     Decrypted 1186 bytes
be0a955bd7d46636:     Crypto HS frame, offset 0, length 123: 020000770303cfbd...
be0a955bd7d46636:     padding, 1059 bytes

be0a955bd7d46636: Sending packet type: 4 (handshake), S0, Q1, Version ff00001d,
be0a955bd7d46636:     <0000000000000001>, <5bd24897ea7ffb84>, Seq: 0, pl: 21
be0a955bd7d46636:     Prepared 1 bytes
be0a955bd7d46636:     ping, 1 bytes

be0a955bd7d46636: Sending 46 bytes to 11.0.0.1:4443 at T=0.057173 (35d013b38bf56)
be0a955bd7d46636: Receiving 1419 bytes from 11.0.0.1:4443 at T=0.062301 (35d013b38d35e)
be0a955bd7d46636: Receiving packet type: 4 (handshake), S0, Q1, Version ff00001d,
be0a955bd7d46636:     <5bd24897ea7ffb84>, <0000000000000001>, Seq: 1, pl: 1394
be0a955bd7d46636:     Decrypted 1374 bytes
be0a955bd7d46636:     Crypto HS frame, offset 0, length 1354: 0800005600540000...
be0a955bd7d46636:     padding, 16 bytes

be0a955bd7d46636: Received transport parameter TLS extension (64 bytes):
be0a955bd7d46636:     Extension list (64 bytes):
be0a955bd7d46636:         Extension type: 5 (max_stream_data_bidi_local), length 4, 86054166
be0a955bd7d46636:         Extension type: 4 (initial_max_data), length 4, 86054166
be0a955bd7d46636:         Extension type: 1 (idle_timeout), length 4, 8fffffff
be0a955bd7d46636:         Extension type: 6 (max_stream_data_bidi_remote), length 4, 86054166
be0a955bd7d46636:         Extension type: 7 (max_stream_data_uni), length 4, 86054166
be0a955bd7d46636:         Extension type: 8 (max_streams_bidi), length 2, 40c8
be0a955bd7d46636:         Extension type: 15 (hcid), length 8, 0000000000000001
be0a955bd7d46636:         Extension type: 0 (ocid), length 8, be0a955bd7d46636
be0a955bd7d46636:         Extension type: 9 (max_streams_uni), length 4, 8000597d
be0a955bd7d46636:         Extension type: 3 (max_packet_size), length 2, 45dc
Negotiated ALPN: hq-29
be0a955bd7d46636: Negotiated ALPN: hq-29
Almost ready!

be0a955bd7d46636: Sending packet type: 4 (handshake), S0, Q1, Version ff00001d,
be0a955bd7d46636:     <0000000000000001>, <5bd24897ea7ffb84>, Seq: 1, pl: 64
be0a955bd7d46636:     Prepared 44 bytes
be0a955bd7d46636:     ACK (nb=0), 1
be0a955bd7d46636:     Crypto HS frame, offset 0, length 36: 14000020457ea153...

be0a955bd7d46636: Sending packet type: 6 (1rtt protected), S0, Q1,
be0a955bd7d46636:     <0000000000000001>, Seq: 0 (0), Phi: 0,
be0a955bd7d46636:     Prepared 29 bytes
be0a955bd7d46636:     NEW CONNECTION ID[1]: 0xbe34a5c0c6e7213d, 0f83bc03801d5e7f638f7a013d441933
be0a955bd7d46636:     padding, 1 bytes

be0a955bd7d46636: T= 0.062302, cwin: 15360,flight: 190,nb_ret: 0,rtt_min: 0,rtt: 250000,rtt_var: 0,max_ack_delay: 0,state: 13
be0a955bd7d46636: Sending 144 bytes to 11.0.0.1:4443 at T=0.062302 (35d013b38d35f)
Connection established. Version = ff00001d, I-CID: be0a955bd7d46636, verified: 1
be0a955bd7d46636: Connection established. Version = ff00001d, I-CID: be0a955bd7d46636, verified: 1
be0a955bd7d46636: Preparing GET on stream 0 for /index.html
Opening stream 0 to GET /index.html
be0a955bd7d46636: Sending packet type: 6 (1rtt protected), S0, Q1,
be0a955bd7d46636:     <0000000000000001>, Seq: 1 (1), Phi: 0,
be0a955bd7d46636:     Prepared 29 bytes
be0a955bd7d46636:     Stream 0, offset 0, length 17, fin = 1: 474554202f696e64...
be0a955bd7d46636:     padding, 9 bytes

be0a955bd7d46636: T= 0.062307, cwin: 15360,flight: 245,nb_ret: 0,rtt_min: 0,rtt: 250000,rtt_var: 0,max_ack_delay: 0,state: 13
be0a955bd7d46636: Sending 55 bytes to 11.0.0.1:4443 at T=0.062307 (35d013b38d364)
be0a955bd7d46636: Receiving 53 bytes from 11.0.0.1:4443 at T=0.120161 (35d013b39b562)
be0a955bd7d46636: Receiving packet type: 6 (1rtt protected), S0, Q1,
be0a955bd7d46636:     <5bd24897ea7ffb84>, Seq: 1 (1), Phi: 0,
be0a955bd7d46636:     Decrypted 24 bytes
be0a955bd7d46636:     Stream 0, offset 0, length 4, fin = 1: 666f6f0a
be0a955bd7d46636:     padding, 16 bytes

Stream 0 ended after 4 bytes
be0a955bd7d46636: Preparing GET on stream 4 for /test.html
Opening stream 4 to GET /test.html
be0a955bd7d46636: T= 0.120161, cwin: 15360,flight: 245,nb_ret: 0,rtt_min: 0,rtt: 250000,rtt_var: 0,max_ack_delay: 0,state: 13
be0a955bd7d46636: Sending packet type: 6 (1rtt protected), S1, Q1,
be0a955bd7d46636:     <0000000000000001>, Seq: 2 (2), Phi: 0,
be0a955bd7d46636:     Prepared 29 bytes
be0a955bd7d46636:     Stream 4, offset 0, length 16, fin = 1: 474554202f746573...
be0a955bd7d46636:     padding, 10 bytes

be0a955bd7d46636: T= 0.120165, cwin: 15360,flight: 300,nb_ret: 0,rtt_min: 0,rtt: 250000,rtt_var: 0,max_ack_delay: 0,state: 13
be0a955bd7d46636: Sending 55 bytes to 11.0.0.1:4443 at T=0.120165 (35d013b39b566)
be0a955bd7d46636: Sending packet type: 6 (1rtt protected), S1, Q1,
be0a955bd7d46636:     <0000000000000001>, Seq: 3 (3), Phi: 0,
be0a955bd7d46636:     Prepared 29 bytes
be0a955bd7d46636:     ACK (nb=0), 1
be0a955bd7d46636:     padding, 23 bytes

be0a955bd7d46636: T= 0.121162, cwin: 15360,flight: 355,nb_ret: 0,rtt_min: 0,rtt: 250000,rtt_var: 0,max_ack_delay: 0,state: 13
be0a955bd7d46636: Sending 55 bytes to 11.0.0.1:4443 at T=0.121162 (35d013b39b94b)
be0a955bd7d46636: Receiving 50 bytes from 11.0.0.1:4443 at T=0.193573 (35d013b3ad426)
be0a955bd7d46636: Receiving packet type: 6 (1rtt protected), S0, Q1,
be0a955bd7d46636:     <be34a5c0c6e7213d>, Seq: 2 (2), Phi: 0,
be0a955bd7d46636:     Decrypted 21 bytes
be0a955bd7d46636:     ACK (nb=0), 2
be0a955bd7d46636:     padding, 16 bytes

be0a955bd7d46636: T= 0.193573, cwin: 15360,flight: 254,nb_ret: 0,rtt_min: 73400,rtt: 73400,rtt_var: 36700,max_ack_delay: 0,state: 14
be0a955bd7d46636: T= 0.193575, Lost packet type 6, number 0, size 39, DCID <0000000000000001>, reason: repeat
be0a955bd7d46636: Sending packet type: 6 (1rtt protected), S1, Q1,
be0a955bd7d46636:     <0000000000000001>, Seq: 4 (4), Phi: 0,
be0a955bd7d46636:     Prepared 157 bytes
be0a955bd7d46636:     NEW CONNECTION ID[1]: 0xbe34a5c0c6e7213d, 0f83bc03801d5e7f638f7a013d441933
be0a955bd7d46636:     ACK (nb=0), 1-2
be0a955bd7d46636:     padding, 124 bytes

be0a955bd7d46636: T= 0.193575, cwin: 15360,flight: 382,nb_ret: 1,rtt_min: 73400,rtt: 73400,rtt_var: 36700,max_ack_delay: 0,state: 14
be0a955bd7d46636: Sending 183 bytes to 11.0.0.1:4443 at T=0.193575 (35d013b3ad428)
be0a955bd7d46636: T= 0.193575, Lost packet type 6, number 1, size 39, DCID <0000000000000001>, reason: repeat
be0a955bd7d46636: Sending packet type: 6 (1rtt protected), S1, Q1,
be0a955bd7d46636:     <0000000000000001>, Seq: 5 (5), Phi: 0,
be0a955bd7d46636:     Prepared 29 bytes
be0a955bd7d46636:     Stream 0, offset 0, length 17, fin = 1: 474554202f696e64...
be0a955bd7d46636:     padding, 9 bytes

be0a955bd7d46636: T= 0.193575, cwin: 15360,flight: 382,nb_ret: 2,rtt_min: 73400,rtt: 73400,rtt_var: 36700,max_ack_delay: 0,state: 14
be0a955bd7d46636: Sending 55 bytes to 11.0.0.1:4443 at T=0.193575 (35d013b3ad428)
be0a955bd7d46636: Receiving 50 bytes from 11.0.0.1:4443 at T=0.205969 (35d013b3b0492)
be0a955bd7d46636: Receiving packet type: 6 (1rtt protected), S0, Q1,
be0a955bd7d46636:     <5bd24897ea7ffb84>, Seq: 3 (3), Phi: 0,
be0a955bd7d46636:     Decrypted 21 bytes
be0a955bd7d46636:     ACK (nb=0), 2
be0a955bd7d46636:     padding, 16 bytes

be0a955bd7d46636: T= 0.205969, cwin: 15360,flight: 382,nb_ret: 2,rtt_min: 73400,rtt: 73400,rtt_var: 36700,max_ack_delay: 0,state: 14
be0a955bd7d46636: Receiving 59 bytes from 11.0.0.1:4443 at T=0.211397 (35d013b3b19c6)
be0a955bd7d46636: Receiving packet type: 6 (1rtt protected), S0, Q1,
be0a955bd7d46636:     <be34a5c0c6e7213d>, Seq: 4 (4), Phi: 0,
be0a955bd7d46636:     Decrypted 30 bytes
be0a955bd7d46636:     Stream 4, offset 0, length 4, fin = 1: 666f6f0a
be0a955bd7d46636:     ACK (nb=0), 4
be0a955bd7d46636:     handshake_done
be0a955bd7d46636:     padding, 16 bytes

Stream 4 ended after 4 bytes
be0a955bd7d46636: Preparing GET on stream 8 for /1234567
Opening stream 8 to GET /1234567
be0a955bd7d46636: T= 0.211397, cwin: 15360,flight: 199,nb_ret: 2,rtt_min: 17798,rtt: 66450,rtt_var: 41424,max_ack_delay: 0,state: 14
be0a955bd7d46636: T= 0.211401, Lost packet type 6, number 3, size 39, DCID <0000000000000001>, reason: repeat
be0a955bd7d46636: Sending packet type: 6 (1rtt protected), S1, Q1,
be0a955bd7d46636:     <0000000000000001>, Seq: 6 (6), Phi: 0,
be0a955bd7d46636:     Prepared 29 bytes
be0a955bd7d46636:     ACK (nb=0), 3-4
be0a955bd7d46636:     Stream 8, offset 0, length 14, fin = 1: 474554202f313233...
be0a955bd7d46636:     padding, 7 bytes

be0a955bd7d46636: T= 0.211401, cwin: 15360,flight: 199,nb_ret: 2,rtt_min: 17798,rtt: 66450,rtt_var: 41424,max_ack_delay: 0,state: 14
be0a955bd7d46636: Sending 55 bytes to 11.0.0.1:4443 at T=0.211401 (35d013b3b19ca)
be0a955bd7d46636: Receiving 59 bytes from 11.0.0.1:4443 at T=0.211668 (35d013b3b1ad5)
be0a955bd7d46636: Receiving packet type: 6 (1rtt protected), S0, Q1,
be0a955bd7d46636:     <5bd24897ea7ffb84>, Seq: 5 (5), Phi: 0,
be0a955bd7d46636:     Decrypted 30 bytes
be0a955bd7d46636:     Stream 4, offset 0, length 4, fin = 1: 666f6f0a
be0a955bd7d46636:     ACK (nb=0), 4
be0a955bd7d46636:     handshake_done
be0a955bd7d46636:     padding, 16 bytes

be0a955bd7d46636: T= 0.211668, cwin: 15360,flight: 199,nb_ret: 2,rtt_min: 17798,rtt: 66450,rtt_var: 41424,max_ack_delay: 0,state: 14
be0a955bd7d46636: Sending packet type: 6 (1rtt protected), S1, Q1,
be0a955bd7d46636:     <0000000000000001>, Seq: 7 (7), Phi: 0,
be0a955bd7d46636:     Prepared 29 bytes
be0a955bd7d46636:     ACK (nb=0), 3-5
be0a955bd7d46636:     padding, 23 bytes

be0a955bd7d46636: T= 0.213892, cwin: 15360,flight: 254,nb_ret: 2,rtt_min: 17798,rtt: 66450,rtt_var: 41424,max_ack_delay: 0,state: 14
be0a955bd7d46636: Sending 55 bytes to 11.0.0.1:4443 at T=0.213892 (35d013b3b2385)
be0a955bd7d46636: Receiving 58 bytes from 11.0.0.1:4443 at T=0.261315 (35d013b3bdcc4)
be0a955bd7d46636: Receiving packet type: 6 (1rtt protected), S0, Q1,
be0a955bd7d46636:     <be34a5c0c6e7213d>, Seq: 6 (6), Phi: 0,
be0a955bd7d46636:     Decrypted 29 bytes
be0a955bd7d46636:     ACK (nb=0), 7
be0a955bd7d46636:     Stream 8, offset 0, length 4, fin = 1: 666f6f0a
be0a955bd7d46636:     padding, 16 bytes

Stream 8 ended after 4 bytes
be0a955bd7d46636: Preparing GET on stream 12 for /main.jpg
Opening stream 12 to GET /main.jpg
be0a955bd7d46636: T= 0.261315, cwin: 15360,flight: 199,nb_ret: 2,rtt_min: 17798,rtt: 64070,rtt_var: 35830,max_ack_delay: 0,state: 14
be0a955bd7d46636: Sending packet type: 6 (1rtt protected), S1, Q1,
be0a955bd7d46636:     <0000000000000001>, Seq: 8 (8), Phi: 0,
be0a955bd7d46636:     Prepared 29 bytes
be0a955bd7d46636:     Stream 12, offset 0, length 15, fin = 1: 474554202f6d6169...
be0a955bd7d46636:     padding, 11 bytes

be0a955bd7d46636: T= 0.261319, cwin: 15360,flight: 254,nb_ret: 2,rtt_min: 17798,rtt: 64070,rtt_var: 35830,max_ack_delay: 0,state: 14
be0a955bd7d46636: Sending 55 bytes to 11.0.0.1:4443 at T=0.261319 (35d013b3bdcc8)
be0a955bd7d46636: Receiving 58 bytes from 11.0.0.1:4443 at T=0.261584 (35d013b3bddd1)
be0a955bd7d46636: Receiving packet type: 6 (1rtt protected), S0, Q1,
be0a955bd7d46636:     <5bd24897ea7ffb84>, Seq: 7 (7), Phi: 0,
be0a955bd7d46636:     Decrypted 29 bytes
be0a955bd7d46636:     ACK (nb=0), 7
be0a955bd7d46636:     Stream 8, offset 0, length 4, fin = 1: 666f6f0a
be0a955bd7d46636:     padding, 16 bytes

be0a955bd7d46636: T= 0.261584, cwin: 15360,flight: 254,nb_ret: 2,rtt_min: 17798,rtt: 64070,rtt_var: 35830,max_ack_delay: 0,state: 14
be0a955bd7d46636: Sending packet type: 6 (1rtt protected), S1, Q1,
be0a955bd7d46636:     <0000000000000001>, Seq: 9 (9), Phi: 0,
be0a955bd7d46636:     Prepared 29 bytes
be0a955bd7d46636:     ACK (nb=0), 5-7
be0a955bd7d46636:     padding, 24 bytes

be0a955bd7d46636: T= 0.261585, cwin: 15360,flight: 309,nb_ret: 2,rtt_min: 17798,rtt: 64070,rtt_var: 35830,max_ack_delay: 0,state: 14
be0a955bd7d46636: Sending 55 bytes to 11.0.0.1:4443 at T=0.261585 (35d013b3bddd2)
be0a955bd7d46636: T= 0.270999, Lost packet type 6, number 5, size 39, DCID <0000000000000001>, reason: repeat
be0a955bd7d46636: Sending packet type: 6 (1rtt protected), S1, Q1,
be0a955bd7d46636:     <0000000000000001>, Seq: 10 (10), Phi: 0,
be0a955bd7d46636:     Prepared 29 bytes
be0a955bd7d46636:     Stream 0, offset 0, length 17, fin = 1: 474554202f696e64...
be0a955bd7d46636:     padding, 9 bytes

be0a955bd7d46636: T= 0.270999, cwin: 15360,flight: 309,nb_ret: 3,rtt_min: 17798,rtt: 64070,rtt_var: 35830,max_ack_delay: 0,state: 14
be0a955bd7d46636: Sending 55 bytes to 11.0.0.1:4443 at T=0.270999 (35d013b3c0298)
be0a955bd7d46636: T= 0.288825, Lost packet type 6, number 6, size 39, DCID <0000000000000001>, reason: repeat
be0a955bd7d46636: Sending packet type: 6 (1rtt protected), S1, Q1,
be0a955bd7d46636:     <0000000000000001>, Seq: 11 (11), Phi: 0,
be0a955bd7d46636:     Prepared 29 bytes
be0a955bd7d46636:     Stream 8, offset 0, length 14, fin = 1: 474554202f313233...
be0a955bd7d46636:     padding, 12 bytes

be0a955bd7d46636: T= 0.288825, cwin: 15360,flight: 309,nb_ret: 4,rtt_min: 17798,rtt: 64070,rtt_var: 35830,max_ack_delay: 0,state: 14
be0a955bd7d46636: Sending 55 bytes to 11.0.0.1:4443 at T=0.288825 (35d013b3c483a)
be0a955bd7d46636: Receiving 58 bytes from 11.0.0.1:4443 at T=0.306246 (35d013b3c8c47)
be0a955bd7d46636: Receiving packet type: 6 (1rtt protected), S0, Q1,
be0a955bd7d46636:     <be34a5c0c6e7213d>, Seq: 8 (8), Phi: 0,
be0a955bd7d46636:     Decrypted 29 bytes
be0a955bd7d46636:     Stream 12, offset 0, length 4, fin = 1: 666f6f0a
be0a955bd7d46636:     ACK (nb=0), 8
be0a955bd7d46636:     padding, 16 bytes

Stream 12 ended after 4 bytes
be0a955bd7d46636: Preparing GET on stream 16 for /war-and-peace.txt
Opening stream 16 to GET /war-and-peace.txt
be0a955bd7d46636: T= 0.306246, cwin: 15360,flight: 254,nb_ret: 4,rtt_min: 17798,rtt: 61677,rtt_var: 31661,max_ack_delay: 0,state: 14
be0a955bd7d46636: Sending packet type: 6 (1rtt protected), S1, Q1,
be0a955bd7d46636:     <0000000000000001>, Seq: 12 (12), Phi: 0,
be0a955bd7d46636:     Prepared 29 bytes
be0a955bd7d46636:     Stream 16, offset 0, length 24, fin = 1: 474554202f776172...
be0a955bd7d46636:     padding, 2 bytes

be0a955bd7d46636: T= 0.306252, cwin: 15360,flight: 309,nb_ret: 4,rtt_min: 17798,rtt: 61677,rtt_var: 31661,max_ack_delay: 0,state: 14
be0a955bd7d46636: Sending 55 bytes to 11.0.0.1:4443 at T=0.306252 (35d013b3c8c4d)
be0a955bd7d46636: Sending packet type: 6 (1rtt protected), S1, Q1,
be0a955bd7d46636:     <0000000000000001>, Seq: 13 (13), Phi: 0,
be0a955bd7d46636:     Prepared 29 bytes
be0a955bd7d46636:     ACK (nb=0), 5-8
be0a955bd7d46636:     padding, 23 bytes

be0a955bd7d46636: T= 0.316247, cwin: 15360,flight: 364,nb_ret: 4,rtt_min: 17798,rtt: 61677,rtt_var: 31661,max_ack_delay: 0,state: 14
be0a955bd7d46636: Sending 55 bytes to 11.0.0.1:4443 at T=0.316247 (35d013b3cb358)
be0a955bd7d46636: Receiving 68 bytes from 11.0.0.1:4443 at T=0.343701 (35d013b3d1e96)
be0a955bd7d46636: Receiving packet type: 6 (1rtt protected), S0, Q1,
be0a955bd7d46636:     <be34a5c0c6e7213d>, Seq: 9 (9), Phi: 0,
be0a955bd7d46636:     Decrypted 39 bytes
be0a955bd7d46636:     Stream 12, offset 0, length 4, fin = 1: 666f6f0a
be0a955bd7d46636:     ACK (nb=0), 8
be0a955bd7d46636:     ACK (nb=0), 12
be0a955bd7d46636:     max_streams_unidir: max rank 58115.
be0a955bd7d46636:     padding, 16 bytes

be0a955bd7d46636: T= 0.343701, cwin: 15360,flight: 309,nb_ret: 4,rtt_min: 17798,rtt: 58645,rtt_var: 29811,max_ack_delay: 0,state: 14
be0a955bd7d46636: T= 0.343702, Lost packet type 6, number 9, size 39, DCID <0000000000000001>, reason: repeat
be0a955bd7d46636: T= 0.343702, Lost packet type 6, number 10, size 39, DCID <0000000000000001>, reason: repeat
be0a955bd7d46636: Sending packet type: 6 (1rtt protected), S1, Q1,
be0a955bd7d46636:     <0000000000000001>, Seq: 14 (14), Phi: 0,
be0a955bd7d46636:     Prepared 29 bytes
be0a955bd7d46636:     Stream 0, offset 0, length 17, fin = 1: 474554202f696e64...
be0a955bd7d46636:     padding, 9 bytes

be0a955bd7d46636: T= 0.343702, cwin: 7680,flight: 254,nb_ret: 5,rtt_min: 17798,rtt: 58645,rtt_var: 29811,max_ack_delay: 0,state: 14
be0a955bd7d46636: Sending 55 bytes to 11.0.0.1:4443 at T=0.343702 (35d013b3d1e97)
be0a955bd7d46636: Sending packet type: 6 (1rtt protected), S1, Q1,
be0a955bd7d46636:     <0000000000000001>, Seq: 15 (15), Phi: 0,
be0a955bd7d46636:     Prepared 29 bytes
be0a955bd7d46636:     ACK (nb=0), 5-9
be0a955bd7d46636:     padding, 23 bytes

be0a955bd7d46636: T= 0.353702, cwin: 7680,flight: 309,nb_ret: 5,rtt_min: 17798,rtt: 58645,rtt_var: 29811,max_ack_delay: 0,state: 14
be0a955bd7d46636: Sending 55 bytes to 11.0.0.1:4443 at T=0.353702 (35d013b3d45a7)
be0a955bd7d46636: T= 0.356275, Lost packet type 6, number 11, size 39, DCID <0000000000000001>, reason: repeat
be0a955bd7d46636: Sending packet type: 6 (1rtt protected), S1, Q1,
be0a955bd7d46636:     <0000000000000001>, Seq: 16 (16), Phi: 0,
be0a955bd7d46636:     Prepared 28 bytes
be0a955bd7d46636:     Stream 8, offset 0, length 14, fin = 1: 474554202f313233...
be0a955bd7d46636:     padding, 11 bytes

be0a955bd7d46636: T= 0.356275, cwin: 7680,flight: 309,nb_ret: 6,rtt_min: 17798,rtt: 58645,rtt_var: 29811,max_ack_delay: 0,state: 14
be0a955bd7d46636: Sending 55 bytes to 11.0.0.1:4443 at T=0.356275 (35d013b3d4fb4)
be0a955bd7d46636: Receiving 81 bytes from 11.0.0.1:4443 at T=0.388730 (35d013b3dce7b)
be0a955bd7d46636: Receiving packet type: 6 (1rtt protected), S0, Q1,
be0a955bd7d46636:     <5bd24897ea7ffb84>, Seq: 10 (10), Phi: 0,
be0a955bd7d46636:     Decrypted 52 bytes
be0a955bd7d46636:     Stream 12, offset 0, length 4, fin = 1: 666f6f0a
be0a955bd7d46636:     ACK (nb=0), 8
be0a955bd7d46636:     ACK (nb=0), 12
be0a955bd7d46636:     max_streams_unidir: max rank 58115.
be0a955bd7d46636:     Stream 16, offset 0, length 4, fin = 1: 666f6f0a
be0a955bd7d46636:     ACK (nb=0), 16
be0a955bd7d46636:     padding, 16 bytes

Stream 16 ended after 4 bytes
be0a955bd7d46636: Preparing GET on stream 20 for /en/latest/
Opening stream 20 to GET /en/latest/
be0a955bd7d46636: T= 0.388730, cwin: 7719,flight: 254,nb_ret: 6,rtt_min: 17798,rtt: 55369,rtt_var: 28913,max_ack_delay: 0,state: 14
be0a955bd7d46636: T= 0.388736, Lost packet type 6, number 13, size 39, DCID <0000000000000001>, reason: repeat
be0a955bd7d46636: Sending packet type: 6 (1rtt protected), S1, Q1,
be0a955bd7d46636:     <0000000000000001>, Seq: 17 (17), Phi: 0,
be0a955bd7d46636:     Prepared 28 bytes
be0a955bd7d46636:     Stream 20, offset 0, length 17, fin = 1: 474554202f656e2f...
be0a955bd7d46636:     padding, 8 bytes

be0a955bd7d46636: T= 0.388736, cwin: 7719,flight: 254,nb_ret: 6,rtt_min: 17798,rtt: 55369,rtt_var: 28913,max_ack_delay: 0,state: 14
be0a955bd7d46636: Sending 55 bytes to 11.0.0.1:4443 at T=0.388736 (35d013b3dce81)
be0a955bd7d46636: Sending packet type: 6 (1rtt protected), S1, Q1,
be0a955bd7d46636:     <0000000000000001>, Seq: 18 (18), Phi: 0,
be0a955bd7d46636:     Prepared 28 bytes
be0a955bd7d46636:     ACK (nb=0), 5-10
be0a955bd7d46636:     padding, 22 bytes

be0a955bd7d46636: T= 0.398731, cwin: 7719,flight: 309,nb_ret: 6,rtt_min: 17798,rtt: 55369,rtt_var: 28913,max_ack_delay: 0,state: 14
be0a955bd7d46636: Sending 55 bytes to 11.0.0.1:4443 at T=0.398731 (35d013b3df58c)
be0a955bd7d46636: T= 0.406158, Lost packet type 6, number 14, size 39, DCID <0000000000000001>, reason: repeat
be0a955bd7d46636: Sending packet type: 6 (1rtt protected), S1, Q1,
be0a955bd7d46636:     <0000000000000001>, Seq: 19 (19), Phi: 0,
be0a955bd7d46636:     Prepared 28 bytes
be0a955bd7d46636:     Stream 0, offset 0, length 17, fin = 1: 474554202f696e64...
be0a955bd7d46636:     padding, 8 bytes

be0a955bd7d46636: T= 0.406158, cwin: 3859,flight: 309,nb_ret: 7,rtt_min: 17798,rtt: 55369,rtt_var: 28913,max_ack_delay: 0,state: 14
be0a955bd7d46636: Sending 55 bytes to 11.0.0.1:4443 at T=0.406158 (35d013b3e128f)
be0a955bd7d46636: T= 0.416158, Lost packet type 6, number 15, size 39, DCID <0000000000000001>, reason: repeat
be0a955bd7d46636: Receiving 58 bytes from 11.0.0.1:4443 at T=0.423581 (35d013b3e569e)
be0a955bd7d46636: Receiving packet type: 6 (1rtt protected), S0, Q1,
be0a955bd7d46636:     <be34a5c0c6e7213d>, Seq: 11 (11), Phi: 0,
be0a955bd7d46636:     Decrypted 29 bytes
be0a955bd7d46636:     ACK (nb=0), 17
be0a955bd7d46636:     Stream 20, offset 0, length 4, fin = 1: 666f6f0a
be0a955bd7d46636:     padding, 16 bytes

Stream 20 ended after 4 bytes
be0a955bd7d46636: Preparing GET on stream 24 for /file-123K
Opening stream 24 to GET /file-123K
be0a955bd7d46636: T= 0.423581, cwin: 5008,flight: 199,nb_ret: 7,rtt_min: 17798,rtt: 52803,rtt_var: 26819,max_ack_delay: 0,state: 14
be0a955bd7d46636: Sending packet type: 6 (1rtt protected), S1, Q1,
be0a955bd7d46636:     <0000000000000001>, Seq: 20 (20), Phi: 0,
be0a955bd7d46636:     Prepared 28 bytes
be0a955bd7d46636:     Stream 24, offset 0, length 16, fin = 1: 474554202f66696c...
be0a955bd7d46636:     padding, 9 bytes

be0a955bd7d46636: T= 0.423585, cwin: 5008,flight: 254,nb_ret: 7,rtt_min: 17798,rtt: 52803,rtt_var: 26819,max_ack_delay: 0,state: 14
be0a955bd7d46636: Sending 55 bytes to 11.0.0.1:4443 at T=0.423585 (35d013b3e56a2)
be0a955bd7d46636: Sending packet type: 6 (1rtt protected), S1, Q1,
be0a955bd7d46636:     <0000000000000001>, Seq: 21 (21), Phi: 0,
be0a955bd7d46636:     Prepared 28 bytes
be0a955bd7d46636:     ACK (nb=0), 5-11
be0a955bd7d46636:     padding, 22 bytes

be0a955bd7d46636: T= 0.433582, cwin: 5008,flight: 309,nb_ret: 7,rtt_min: 17798,rtt: 52803,rtt_var: 26819,max_ack_delay: 0,state: 14
be0a955bd7d46636: Sending 55 bytes to 11.0.0.1:4443 at T=0.433582 (35d013b3e7daf)
be0a955bd7d46636: T= 0.583811, Lost packet type 6, number 18, size 39, DCID <0000000000000001>, reason: timer
be0a955bd7d46636: T= 0.591238, Lost packet type 6, number 19, size 39, DCID <0000000000000001>, reason: timer
be0a955bd7d46636: Sending packet type: 6 (1rtt protected), S1, Q1,
be0a955bd7d46636:     <0000000000000001>, Seq: 22 (22), Phi: 0,
be0a955bd7d46636:     Prepared 28 bytes
be0a955bd7d46636:     Stream 0, offset 0, length 17, fin = 1: 474554202f696e64...
be0a955bd7d46636:     padding, 8 bytes

be0a955bd7d46636: T= 0.591238, cwin: 3072,flight: 254,nb_ret: 8,rtt_min: 17798,rtt: 52803,rtt_var: 26819,max_ack_delay: 0,state: 14
be0a955bd7d46636: Sending 55 bytes to 11.0.0.1:4443 at T=0.591238 (35d013b40e587)
be0a955bd7d46636: T= 0.793746, Lost packet type 6, number 20, size 39, DCID <0000000000000001>, reason: timer
be0a955bd7d46636: Sending packet type: 6 (1rtt protected), S1, Q1,
be0a955bd7d46636:     <0000000000000001>, Seq: 23 (23), Phi: 0,
be0a955bd7d46636:     Prepared 28 bytes
be0a955bd7d46636:     Stream 24, offset 0, length 16, fin = 1: 474554202f66696c...
be0a955bd7d46636:     padding, 9 bytes

be0a955bd7d46636: T= 0.793746, cwin: 3072,flight: 254,nb_ret: 9,rtt_min: 17798,rtt: 52803,rtt_var: 26819,max_ack_delay: 0,state: 14
be0a955bd7d46636: Sending 55 bytes to 11.0.0.1:4443 at T=0.793746 (35d013b43fc93)
be0a955bd7d46636: T= 0.803742, Lost packet type 6, number 21, size 39, DCID <0000000000000001>, reason: timer
be0a955bd7d46636: T= 0.961397, Lost packet type 6, number 22, size 39, DCID <0000000000000001>, reason: timer
be0a955bd7d46636: Sending packet type: 6 (1rtt protected), S1, Q1,
be0a955bd7d46636:     <0000000000000001>, Seq: 24 (24), Phi: 0,
be0a955bd7d46636:     Prepared 28 bytes
be0a955bd7d46636:     Stream 0, offset 0, length 17, fin = 1: 474554202f696e64...
be0a955bd7d46636:     padding, 8 bytes

be0a955bd7d46636: T= 0.961397, cwin: 3072,flight: 199,nb_ret: 10,rtt_min: 17798,rtt: 52803,rtt_var: 26819,max_ack_delay: 0,state: 14
be0a955bd7d46636: Sending 55 bytes to 11.0.0.1:4443 at T=0.961397 (35d013b468b76)
be0a955bd7d46636: T= 1.163905, Lost packet type 6, number 23, size 39, DCID <0000000000000001>, reason: timer
be0a955bd7d46636: Sending packet type: 6 (1rtt protected), S1, Q1,
be0a955bd7d46636:     <0000000000000001>, Seq: 25 (25), Phi: 0,
be0a955bd7d46636:     Prepared 28 bytes
be0a955bd7d46636:     Stream 24, offset 0, length 16, fin = 1: 474554202f66696c...
be0a955bd7d46636:     padding, 9 bytes

be0a955bd7d46636: T= 1.163905, cwin: 3072,flight: 199,nb_ret: 11,rtt_min: 17798,rtt: 52803,rtt_var: 26819,max_ack_delay: 0,state: 14
be0a955bd7d46636: Sending 55 bytes to 11.0.0.1:4443 at T=1.163905 (35d013b49a282)
be0a955bd7d46636: T= 1.701714, Lost packet type 6, number 24, size 39, DCID <0000000000000001>, reason: timer
be0a955bd7d46636: Sending packet type: 6 (1rtt protected), S1, Q1,
be0a955bd7d46636:     <0000000000000001>, Seq: 26 (26), Phi: 0,
be0a955bd7d46636:     Prepared 28 bytes
be0a955bd7d46636:     Stream 0, offset 0, length 17, fin = 1: 474554202f696e64...
be0a955bd7d46636:     padding, 8 bytes

be0a955bd7d46636: T= 1.701714, cwin: 3072,flight: 199,nb_ret: 12,rtt_min: 17798,rtt: 52803,rtt_var: 26819,max_ack_delay: 0,state: 14
be0a955bd7d46636: Sending 55 bytes to 11.0.0.1:4443 at T=1.701714 (35d013b51d753)
be0a955bd7d46636: T= 1.904222, Lost packet type 6, number 25, size 39, DCID <0000000000000001>, reason: timer
be0a955bd7d46636: Sending packet type: 6 (1rtt protected), S1, Q1,
be0a955bd7d46636:     <0000000000000001>, Seq: 27 (27), Phi: 0,
be0a955bd7d46636:     Prepared 28 bytes
be0a955bd7d46636:     Stream 24, offset 0, length 16, fin = 1: 474554202f66696c...
be0a955bd7d46636:     padding, 9 bytes

be0a955bd7d46636: T= 1.904222, cwin: 3072,flight: 199,nb_ret: 13,rtt_min: 17798,rtt: 52803,rtt_var: 26819,max_ack_delay: 0,state: 14
be0a955bd7d46636: Sending 55 bytes to 11.0.0.1:4443 at T=1.904222 (35d013b54ee5f)
be0a955bd7d46636: T= 2.442031, Lost packet type 6, number 26, size 39, DCID <0000000000000001>, reason: timer
be0a955bd7d46636: Sending packet type: 6 (1rtt protected), S1, Q1,
be0a955bd7d46636:     <0000000000000001>, Seq: 28 (28), Phi: 0,
be0a955bd7d46636:     Prepared 28 bytes
be0a955bd7d46636:     Stream 0, offset 0, length 17, fin = 1: 474554202f696e64...
be0a955bd7d46636:     padding, 8 bytes

be0a955bd7d46636: T= 2.442031, cwin: 3072,flight: 199,nb_ret: 14,rtt_min: 17798,rtt: 52803,rtt_var: 26819,max_ack_delay: 0,state: 14
be0a955bd7d46636: Sending 55 bytes to 11.0.0.1:4443 at T=2.442031 (35d013b5d2330)
be0a955bd7d46636: T= 2.644541, Lost packet type 6, number 27, size 39, DCID <0000000000000001>, reason: timer
be0a955bd7d46636: Sending packet type: 6 (1rtt protected), S1, Q1,
be0a955bd7d46636:     <0000000000000001>, Seq: 29 (29), Phi: 0,
be0a955bd7d46636:     Prepared 28 bytes
be0a955bd7d46636:     Stream 24, offset 0, length 16, fin = 1: 474554202f66696c...
be0a955bd7d46636:     padding, 9 bytes

be0a955bd7d46636: T= 2.644541, cwin: 3072,flight: 199,nb_ret: 15,rtt_min: 17798,rtt: 52803,rtt_var: 26819,max_ack_delay: 0,state: 14
be0a955bd7d46636: Sending 55 bytes to 11.0.0.1:4443 at T=2.644541 (35d013b603a3e)
be0a955bd7d46636: T= 3.182348, Lost packet type 6, number 28, size 39, DCID <0000000000000001>, reason: timer
be0a955bd7d46636: Sending packet type: 6 (1rtt protected), S1, Q1,
be0a955bd7d46636:     <0000000000000001>, Seq: 30 (30), Phi: 0,
be0a955bd7d46636:     Prepared 28 bytes
be0a955bd7d46636:     Stream 0, offset 0, length 17, fin = 1: 474554202f696e64...
be0a955bd7d46636:     padding, 8 bytes

be0a955bd7d46636: T= 3.182348, cwin: 3072,flight: 199,nb_ret: 16,rtt_min: 17798,rtt: 52803,rtt_var: 26819,max_ack_delay: 0,state: 14
be0a955bd7d46636: Sending 55 bytes to 11.0.0.1:4443 at T=3.182348 (35d013b686f0d)
be0a955bd7d46636: T= 3.384858, Lost packet type 6, number 29, size 39, DCID <0000000000000001>, reason: timer
be0a955bd7d46636: Sending packet type: 6 (1rtt protected), S1, Q1,
be0a955bd7d46636:     <0000000000000001>, Seq: 31 (31), Phi: 0,
be0a955bd7d46636:     Prepared 28 bytes
be0a955bd7d46636:     Stream 24, offset 0, length 16, fin = 1: 474554202f66696c...
be0a955bd7d46636:     padding, 9 bytes

be0a955bd7d46636: T= 3.384858, cwin: 3072,flight: 199,nb_ret: 17,rtt_min: 17798,rtt: 52803,rtt_var: 26819,max_ack_delay: 0,state: 14
be0a955bd7d46636: Sending 55 bytes to 11.0.0.1:4443 at T=3.384858 (35d013b6b861b)
be0a955bd7d46636: T= 3.922665, Lost packet type 6, number 30, size 39, DCID <0000000000000001>, reason: timer
be0a955bd7d46636: Sending packet type: 6 (1rtt protected), S1, Q1,
be0a955bd7d46636:     <0000000000000001>, Seq: 32 (32), Phi: 0,
be0a955bd7d46636:     Prepared 28 bytes
be0a955bd7d46636:     Stream 0, offset 0, length 17, fin = 1: 474554202f696e64...
be0a955bd7d46636:     padding, 8 bytes

be0a955bd7d46636: T= 3.922665, cwin: 3072,flight: 199,nb_ret: 18,rtt_min: 17798,rtt: 52803,rtt_var: 26819,max_ack_delay: 0,state: 14
be0a955bd7d46636: Sending 55 bytes to 11.0.0.1:4443 at T=3.922665 (35d013b73baea)
be0a955bd7d46636: T= 4.125175, Lost packet type 6, number 31, size 39, DCID <0000000000000001>, reason: timer
be0a955bd7d46636: Sending packet type: 6 (1rtt protected), S1, Q1,
be0a955bd7d46636:     <0000000000000001>, Seq: 33 (33), Phi: 0,
be0a955bd7d46636:     Prepared 28 bytes
be0a955bd7d46636:     Stream 24, offset 0, length 16, fin = 1: 474554202f66696c...
be0a955bd7d46636:     padding, 9 bytes

be0a955bd7d46636: T= 4.125175, cwin: 3072,flight: 199,nb_ret: 19,rtt_min: 17798,rtt: 52803,rtt_var: 26819,max_ack_delay: 0,state: 14
be0a955bd7d46636: Sending 55 bytes to 11.0.0.1:4443 at T=4.125175 (35d013b76d1f8)
be0a955bd7d46636: T= 4.662982, Lost packet type 6, number 32, size 39, DCID <0000000000000001>, reason: timer
be0a955bd7d46636: Sending packet type: 6 (1rtt protected), S1, Q1,
be0a955bd7d46636:     <0000000000000001>, Seq: 34 (34), Phi: 0,
be0a955bd7d46636:     Prepared 28 bytes
be0a955bd7d46636:     Stream 0, offset 0, length 17, fin = 1: 474554202f696e64...
be0a955bd7d46636:     padding, 8 bytes

be0a955bd7d46636: T= 4.662982, cwin: 3072,flight: 199,nb_ret: 20,rtt_min: 17798,rtt: 52803,rtt_var: 26819,max_ack_delay: 0,state: 14
be0a955bd7d46636: Sending 55 bytes to 11.0.0.1:4443 at T=4.662982 (35d013b7f06c7)
be0a955bd7d46636: T= 4.865492, Lost packet type 6, number 33, size 39, DCID <0000000000000001>, reason: timer
be0a955bd7d46636: Sending packet type: 6 (1rtt protected), S1, Q1,
be0a955bd7d46636:     <0000000000000001>, Seq: 35 (35), Phi: 0,
be0a955bd7d46636:     Prepared 28 bytes
be0a955bd7d46636:     Stream 24, offset 0, length 16, fin = 1: 474554202f66696c...
be0a955bd7d46636:     padding, 9 bytes

be0a955bd7d46636: T= 4.865492, cwin: 3072,flight: 199,nb_ret: 21,rtt_min: 17798,rtt: 52803,rtt_var: 26819,max_ack_delay: 0,state: 14
be0a955bd7d46636: Sending 55 bytes to 11.0.0.1:4443 at T=4.865492 (35d013b821dd5)
be0a955bd7d46636: T= 5.403301, Lost packet type 6, number 34, size 39, DCID <0000000000000001>, reason: timer
be0a955bd7d46636: Sending packet type: 6 (1rtt protected), S1, Q1,
be0a955bd7d46636:     <0000000000000001>, Seq: 36 (36), Phi: 0,
be0a955bd7d46636:     Prepared 28 bytes
be0a955bd7d46636:     Stream 0, offset 0, length 17, fin = 1: 474554202f696e64...
be0a955bd7d46636:     padding, 8 bytes

be0a955bd7d46636: T= 5.403301, cwin: 3072,flight: 199,nb_ret: 22,rtt_min: 17798,rtt: 52803,rtt_var: 26819,max_ack_delay: 0,state: 14
be0a955bd7d46636: Sending 55 bytes to 11.0.0.1:4443 at T=5.403301 (35d013b8a52a6)
be0a955bd7d46636: T= 5.605809, Lost packet type 6, number 35, size 39, DCID <0000000000000001>, reason: timer
be0a955bd7d46636: Sending packet type: 6 (1rtt protected), S1, Q1,
be0a955bd7d46636:     <0000000000000001>, Seq: 37 (37), Phi: 0,
be0a955bd7d46636:     Prepared 28 bytes
be0a955bd7d46636:     Stream 24, offset 0, length 16, fin = 1: 474554202f66696c...
be0a955bd7d46636:     padding, 9 bytes

be0a955bd7d46636: T= 5.605809, cwin: 3072,flight: 199,nb_ret: 23,rtt_min: 17798,rtt: 52803,rtt_var: 26819,max_ack_delay: 0,state: 14
be0a955bd7d46636: Sending 55 bytes to 11.0.0.1:4443 at T=5.605809 (35d013b8d69b2)
be0a955bd7d46636: T= 6.143618, Lost packet type 6, number 36, size 39, DCID <0000000000000001>, reason: timer
be0a955bd7d46636: Sending packet type: 6 (1rtt protected), S1, Q1,
be0a955bd7d46636:     <0000000000000001>, Seq: 38 (38), Phi: 0,
be0a955bd7d46636:     Prepared 28 bytes
be0a955bd7d46636:     Stream 0, offset 0, length 17, fin = 1: 474554202f696e64...
be0a955bd7d46636:     padding, 8 bytes

be0a955bd7d46636: T= 6.143618, cwin: 3072,flight: 199,nb_ret: 24,rtt_min: 17798,rtt: 52803,rtt_var: 26819,max_ack_delay: 0,state: 14
be0a955bd7d46636: Sending 55 bytes to 11.0.0.1:4443 at T=6.143618 (35d013b959e83)
be0a955bd7d46636: T= 6.346126, Lost packet type 6, number 37, size 39, DCID <0000000000000001>, reason: timer
be0a955bd7d46636: Sending packet type: 6 (1rtt protected), S1, Q1,
be0a955bd7d46636:     <0000000000000001>, Seq: 39 (39), Phi: 0,
be0a955bd7d46636:     Prepared 28 bytes
be0a955bd7d46636:     Stream 24, offset 0, length 16, fin = 1: 474554202f66696c...
be0a955bd7d46636:     padding, 9 bytes

be0a955bd7d46636: T= 6.346126, cwin: 3072,flight: 199,nb_ret: 25,rtt_min: 17798,rtt: 52803,rtt_var: 26819,max_ack_delay: 0,state: 14
be0a955bd7d46636: Sending 55 bytes to 11.0.0.1:4443 at T=6.346126 (35d013b98b58f)
be0a955bd7d46636: T= 6.883935, Lost packet type 6, number 38, size 39, DCID <0000000000000001>, reason: timer
be0a955bd7d46636: Sending packet type: 6 (1rtt protected), S1, Q1,
be0a955bd7d46636:     <0000000000000001>, Seq: 40 (40), Phi: 0,
be0a955bd7d46636:     Prepared 28 bytes
be0a955bd7d46636:     Stream 0, offset 0, length 17, fin = 1: 474554202f696e64...
be0a955bd7d46636:     padding, 8 bytes

be0a955bd7d46636: T= 6.883935, cwin: 3072,flight: 199,nb_ret: 26,rtt_min: 17798,rtt: 52803,rtt_var: 26819,max_ack_delay: 0,state: 14
be0a955bd7d46636: Sending 55 bytes to 11.0.0.1:4443 at T=6.883935 (35d013ba0ea60)
be0a955bd7d46636: T= 7.086443, Lost packet type 6, number 39, size 39, DCID <0000000000000001>, reason: timer
be0a955bd7d46636: Sending packet type: 6 (1rtt protected), S1, Q1,
be0a955bd7d46636:     <0000000000000001>, Seq: 41 (41), Phi: 0,
be0a955bd7d46636:     Prepared 28 bytes
be0a955bd7d46636:     Stream 24, offset 0, length 16, fin = 1: 474554202f66696c...
be0a955bd7d46636:     padding, 9 bytes

be0a955bd7d46636: T= 7.086443, cwin: 3072,flight: 199,nb_ret: 27,rtt_min: 17798,rtt: 52803,rtt_var: 26819,max_ack_delay: 0,state: 14
be0a955bd7d46636: Sending 55 bytes to 11.0.0.1:4443 at T=7.086443 (35d013ba4016c)
be0a955bd7d46636: T= 7.624252, Lost packet type 6, number 40, size 39, DCID <0000000000000001>, reason: timer
be0a955bd7d46636: Sending packet type: 6 (1rtt protected), S1, Q1,
be0a955bd7d46636:     <0000000000000001>, Seq: 42 (42), Phi: 0,
be0a955bd7d46636:     Prepared 28 bytes
be0a955bd7d46636:     Stream 0, offset 0, length 17, fin = 1: 474554202f696e64...
be0a955bd7d46636:     padding, 8 bytes

be0a955bd7d46636: T= 7.624252, cwin: 3072,flight: 199,nb_ret: 28,rtt_min: 17798,rtt: 52803,rtt_var: 26819,max_ack_delay: 0,state: 14
be0a955bd7d46636: Sending 55 bytes to 11.0.0.1:4443 at T=7.624252 (35d013bac363d)
be0a955bd7d46636: T= 7.826762, Lost packet type 6, number 41, size 39, DCID <0000000000000001>, reason: timer
be0a955bd7d46636: Too many data retransmits, abandon path
Received a request to close the connection.
Connection end with local error 0x434.
Quic Bit was NOT greased by the client.
Quic Bit was NOT greased by the server.
ECN was not received.
ECN was not acknowledged.
Received 24 bytes in 7.826764 seconds, 0.000025 Mbps.
be0a955bd7d46636: Received 24 bytes in 7.826764 seconds, 0.000025 Mbps.
max_data_local: 1048576
max_max_stream_data_local: 2097152
max_data_remote: 101007718
max_max_stream_data_remote: 796
ack_delay_remote: 1000 ... 1000
max_ack_gap_remote: 2
ack_delay_local: 25000 ... 25000
max_ack_gap_local: 2
max_mtu_sent: 1252
max_mtu_received: 1419
Client exit with code = -1
