< show_socket(0x4)
< show_set_initial_keys([0xbe,0xa,0x95,0x5b,0xd7,0xd4,0x66,0x36])
< prot.show_header({hdr_long:0x1,hdr_type:0x47,dcid:13693921838668998198,scid:6616430619872197508,payload_length:0x4ca,token_length:0,payload_length_pos:0x18,pkt_num_pos:0x1a})
< prot.show_token_len(0x4)
< recv_packet(server,{protocol:udp,addr:0xb000002,port:0x2f97,interface:ivy},{protocol:udp,addr:0xb000001,port:0x115b,interface:ivy},{ptype:initial,pversion:0xff00001d,dst_cid:13693921838668998198,src_cid:6616430619872197508,token:[],seq_num:0,payload:[{frame.ping:{}},{frame.crypto:{offset:0,length:0x11f,data:[0x1,0,0x1,0x1b,0x3,0x3,0x17,0x9d8e2cb,0x2aff4668,0x223051be,0x2e218ad7,0xeb115a5,0x3d,0x293e,0x613,0x1,0x13,0x2,0x13,0x3,0x1,0,0,0x47004500,0x17,0,0x104,0xbc1661a4,0x1778,0x116b,0x1,0x1eb3,0x8f2,0x2c86081,0x2b1,0x25085995,0xfd0f607,0x3867,0x1c4d8401,0x20,0x362dd39b,0xb29,0x2a,0x3e99e6a1,0x32,0x19f336e7,0x28e1,0xbd5c228,0,0,0,0xf,0,0xd,0,0,0xa,0x3365,0x3276,0x2572,0x2e61,0x2d65,0,0x10,0,0x8,0,0x6,0x5,0x2871,0x2d,0x32,0x39,0,0x2b,0,0x9,0x8,0x3,0x4,0x3f1c,0x3f1b,0x3f1a,0,0xd,0,0xa,0,0x8,0x8,0x4,0x4,0x3,0x4,0x1,0x2,0x1,0,0xa,0,0x6,0,0x4,0,0x17,0,0x1d,0x5048020,0,0,0x4,0x4,0x100000,0x8,0x2,0x201,0x1,0x4,0x7530,0x3,0x2,0x5a0,0x9,0x2,0x201,0x6,0x4,0x10063,0x7,0x4,0xffff,0xe,0x1,0x8,0xb,0x1,0xa,0xf,0x8,0x1bd2,0x897,0x573c024a,0x15c00000,0,0x243e880,0,0x3158,0x1,0x3,0x2ab2,0,0,0x2d,0,0x2,0x1,0x1,0,0,0,0,0,0,0,0,0,0,0,0,0,0,0,0,0,0,0,0,0,0,0,0,0,0,0,0,0,0,0,0,0,0,0,0,0,0,0,0,0,0,0,0,0,0,0,0,0,0,0,0,0,0,0,0,0,0,0,0,0,0,0,0,0,0,0,0,0,0,0,0,0,0,0,0,0,0,0,0,0,0,0,0,0,0,0,0,0,0,0,0,0,0,0,0,0,0,0,0,0,0,0,0,0,0,0,0,0,0,0,0,0,0,0,0,0,0,0,0,0,0,0,0,0,0,0,0,0,0]}}]})
< show_seqnum(0)
< show_tls_keys_established_event(6616430619872197508,initial)
< infer_frame(6616430619872197508,13693921838668998198,{frame.ping:{}})
< show_biatch_2({protocol:udp,addr:0xb000001,port:0x115b,interface:ivy})
ivy_binary_deser_128 getn deser_err
