
ARG__ 
0xb
770

ARG__ 
0xd
772

ARG__ 
1
1
"http_response_file.txt"
PROOTPATH 5b /tmp/QUIC-FormalVerification
"/tmp/QUIC-FormalVerification/QUIC-Ivy-Attacker/doc/examples/quic/quic_utils/http_response_file.txt"
3
SOCKET 4
source port number 0
binding client id: server addr: 184549377 port: 4443
source port number 4443
COUCOU
[102]
[102,111]
[102,111,111]
[102,111,111,10]
[102,111,111,10]
chrono time = start
C time = start
RECEIVING start
RECEIVING __deser
export_length_cid_extension
between random: 61976485
between random: 61976485
between random: 61976485
between random: 61976485
between random: 32365
create cid = 0
is_server  = 1
PROUT 3 
PROUT 4 
TEST_ALPN hq-29
INITIAL_VERSION 29
INITIAL_VERSION 29
tls_tags_map[quic_transport_parameters] 65445
etype =
ser-open_tag: bytes : 2
ser-open_tag: tag : 65445
ser-open_tag: tag != -1: 
TEST_TYPE client
TEST_SCIL 8
TEST_DCIL 8
TEST_PCIL 8
ser-open_field: name 1: "quic_transport_parameters"
ser-open_field: flb : 2
ser-open_field: field_start.push_back(res.size()) : 4
ser-open_field: ffield_length_bytes.push_back(flb) : 2
ser-open_field: name_field_bytes 2: 0
ser-open_field: field_bytes: 0
ser-open_field: res.size() : 4
ser-open_field: name 1: "transport_parameters"
ser-open_field: field_start.push_back(res.size()) : 4
ser-open_field: ffield_length_bytes.push_back(flb) : 0
ser-open_field: name_field_bytes 2: 0
ser-open_field: field_bytes: 0
ser-open_field: res.size() : 4
ser-open_tag: bytes : 1
ser-open_tag: tag : 5
ser-open_tag: tag != -1: 
TEST_TYPE client
TEST_SCIL 8
TEST_DCIL 8
TEST_PCIL 8
ser-open_field: name 1: "initial_max_stream_data_bidi_local"
ser-open_field: flb : 1
ser-open_field: field_start.push_back(res.size()) : 6
ser-open_field: ffield_length_bytes.push_back(flb) : 1
ser-open_field: name_field_bytes 2: 0
ser-open_field: field_bytes: 0
ser-open_field: res.size() : 6
ser-open_field: name 1: "stream_pos_32"
ser-open_field: field_start.push_back(res.size()) : 6
ser-open_field: ffield_length_bytes.push_back(flb) : 0
ser-open_field: name_field_bytes 1: -1
ser-open_field: field_bytes: -1
ser-open_field: res.size() : 6
ser-close_field: start : 6
ser-close_field: end : 10
ser-close_field: len : 4
ser-close_field: flb : 0
-------------------
ser-close_field: start : 6
ser-close_field: end : 10
ser-close_field: len : 4
ser-close_field: flb : 1
-------------------
ser-open_tag: bytes : 1
ser-open_tag: tag : 4
ser-open_tag: tag != -1: 
TEST_TYPE client
TEST_SCIL 8
TEST_DCIL 8
TEST_PCIL 8
ser-open_field: name 1: "initial_max_data"
ser-open_field: flb : 1
ser-open_field: field_start.push_back(res.size()) : 12
ser-open_field: ffield_length_bytes.push_back(flb) : 1
ser-open_field: name_field_bytes 2: -1
ser-open_field: field_bytes: -1
ser-open_field: res.size() : 12
ser-open_field: name 1: "stream_pos_32"
ser-open_field: field_start.push_back(res.size()) : 12
ser-open_field: ffield_length_bytes.push_back(flb) : 0
ser-open_field: name_field_bytes 1: -1
ser-open_field: field_bytes: -1
ser-open_field: res.size() : 12
ser-close_field: start : 12
ser-close_field: end : 16
ser-close_field: len : 4
ser-close_field: flb : 0
-------------------
ser-close_field: start : 12
ser-close_field: end : 16
ser-close_field: len : 4
ser-close_field: flb : 1
-------------------
ser-open_tag: bytes : 1
ser-open_tag: tag : 1
ser-open_tag: tag != -1: 
TEST_TYPE client
TEST_SCIL 8
TEST_DCIL 8
TEST_PCIL 8
ser-open_field: name 1: "max_idle_timeout"
ser-open_field: flb : 1
ser-open_field: field_start.push_back(res.size()) : 18
ser-open_field: ffield_length_bytes.push_back(flb) : 1
ser-open_field: name_field_bytes 2: -1
ser-open_field: field_bytes: -1
ser-open_field: res.size() : 18
ser-open_field: name 1: "seconds_16"
ser-open_field: field_start.push_back(res.size()) : 18
ser-open_field: ffield_length_bytes.push_back(flb) : 0
ser-open_field: name_field_bytes 1: -1
ser-open_field: field_bytes: -1
ser-open_field: res.size() : 18
ser-close_field: start : 18
ser-close_field: end : 22
ser-close_field: len : 4
ser-close_field: flb : 0
-------------------
ser-close_field: start : 18
ser-close_field: end : 22
ser-close_field: len : 4
ser-close_field: flb : 1
-------------------
ser-open_tag: bytes : 1
ser-open_tag: tag : 6
ser-open_tag: tag != -1: 
TEST_TYPE client
TEST_SCIL 8
TEST_DCIL 8
TEST_PCIL 8
ser-open_field: name 1: "initial_max_stream_data_bidi_remote"
ser-open_field: flb : 1
ser-open_field: field_start.push_back(res.size()) : 24
ser-open_field: ffield_length_bytes.push_back(flb) : 1
ser-open_field: name_field_bytes 2: -1
ser-open_field: field_bytes: -1
ser-open_field: res.size() : 24
ser-open_field: name 1: "stream_pos_32"
ser-open_field: field_start.push_back(res.size()) : 24
ser-open_field: ffield_length_bytes.push_back(flb) : 0
ser-open_field: name_field_bytes 1: -1
ser-open_field: field_bytes: -1
ser-open_field: res.size() : 24
ser-close_field: start : 24
ser-close_field: end : 28
ser-close_field: len : 4
ser-close_field: flb : 0
-------------------
ser-close_field: start : 24
ser-close_field: end : 28
ser-close_field: len : 4
ser-close_field: flb : 1
-------------------
ser-open_tag: bytes : 1
ser-open_tag: tag : 7
ser-open_tag: tag != -1: 
TEST_TYPE client
TEST_SCIL 8
TEST_DCIL 8
TEST_PCIL 8
ser-open_field: name 1: "initial_max_stream_data_uni"
ser-open_field: flb : 1
ser-open_field: field_start.push_back(res.size()) : 30
ser-open_field: ffield_length_bytes.push_back(flb) : 1
ser-open_field: name_field_bytes 2: -1
ser-open_field: field_bytes: -1
ser-open_field: res.size() : 30
ser-open_field: name 1: "stream_pos_32"
ser-open_field: field_start.push_back(res.size()) : 30
ser-open_field: ffield_length_bytes.push_back(flb) : 0
ser-open_field: name_field_bytes 1: -1
ser-open_field: field_bytes: -1
ser-open_field: res.size() : 30
ser-close_field: start : 30
ser-close_field: end : 34
ser-close_field: len : 4
ser-close_field: flb : 0
-------------------
ser-close_field: start : 30
ser-close_field: end : 34
ser-close_field: len : 4
ser-close_field: flb : 1
-------------------
ser-open_tag: bytes : 1
ser-open_tag: tag : 8
ser-open_tag: tag != -1: 
TEST_TYPE client
TEST_SCIL 8
TEST_DCIL 8
TEST_PCIL 8
ser-open_field: name 1: "initial_max_stream_id_bidi"
ser-open_field: flb : 1
ser-open_field: field_start.push_back(res.size()) : 36
ser-open_field: ffield_length_bytes.push_back(flb) : 1
ser-open_field: name_field_bytes 2: -1
ser-open_field: field_bytes: -1
ser-open_field: res.size() : 36
ser-open_field: name 1: "stream_id_16"
ser-open_field: field_start.push_back(res.size()) : 36
ser-open_field: ffield_length_bytes.push_back(flb) : 0
ser-open_field: name_field_bytes 1: -1
ser-open_field: field_bytes: -1
ser-open_field: res.size() : 36
ser-close_field: start : 36
ser-close_field: end : 38
ser-close_field: len : 2
ser-close_field: flb : 0
-------------------
ser-close_field: start : 36
ser-close_field: end : 38
ser-close_field: len : 2
ser-close_field: flb : 1
-------------------
ser-open_tag: bytes : 1
ser-open_tag: tag : 15
ser-open_tag: tag != -1: 
TEST_TYPE client
TEST_SCIL 8
TEST_DCIL 8
TEST_PCIL 8
ser-open_field: name 1: "initial_source_connection_id"
ser-open_field: flb : 1
ser-open_field: field_start.push_back(res.size()) : 40
ser-open_field: ffield_length_bytes.push_back(flb) : 1
ser-open_field: name_field_bytes 2: -1
ser-open_field: field_bytes: -1
ser-open_field: res.size() : 40
ser-open_field: name 1: "scid"
ser-open_field: field_start.push_back(res.size()) : 40
ser-open_field: ffield_length_bytes.push_back(flb) : 0
ser-open_field: name_field_bytes 1: 8
ser-open_field: field_bytes: 8
ser-open_field: res.size() : 40
ser-close_field: start : 40
ser-close_field: end : 48
ser-close_field: len : 8
ser-close_field: flb : 0
-------------------
ser-close_field: start : 40
ser-close_field: end : 48
ser-close_field: len : 8
ser-close_field: flb : 1
-------------------
ser-open_tag: bytes : 1
ser-open_tag: tag : 0
ser-open_tag: tag != -1: 
TEST_TYPE client
TEST_SCIL 8
TEST_DCIL 8
TEST_PCIL 8
ser-open_field: name 1: "original_destination_connection_id"
ser-open_field: flb : 1
ser-open_field: field_start.push_back(res.size()) : 50
ser-open_field: ffield_length_bytes.push_back(flb) : 1
ser-open_field: name_field_bytes 2: 8
ser-open_field: field_bytes: 8
ser-open_field: res.size() : 50
ser-open_field: name 1: "dcid"
ser-open_field: field_start.push_back(res.size()) : 50
ser-open_field: ffield_length_bytes.push_back(flb) : 0
ser-open_field: name_field_bytes 1: 8
ser-open_field: field_bytes: 8
ser-open_field: res.size() : 50
ser-close_field: start : 50
ser-close_field: end : 58
ser-close_field: len : 8
ser-close_field: flb : 0
-------------------
ser-close_field: start : 50
ser-close_field: end : 58
ser-close_field: len : 8
ser-close_field: flb : 1
-------------------
ser-open_tag: bytes : 1
ser-open_tag: tag : 9
ser-open_tag: tag != -1: 
TEST_TYPE client
TEST_SCIL 8
TEST_DCIL 8
TEST_PCIL 8
ser-open_field: name 1: "initial_max_stream_id_uni"
ser-open_field: flb : 1
ser-open_field: field_start.push_back(res.size()) : 60
ser-open_field: ffield_length_bytes.push_back(flb) : 1
ser-open_field: name_field_bytes 2: 8
ser-open_field: field_bytes: 8
ser-open_field: res.size() : 60
ser-open_field: name 1: "stream_id_16"
ser-open_field: field_start.push_back(res.size()) : 60
ser-open_field: ffield_length_bytes.push_back(flb) : 0
ser-open_field: name_field_bytes 1: -1
ser-open_field: field_bytes: -1
ser-open_field: res.size() : 60
ser-close_field: start : 60
ser-close_field: end : 64
ser-close_field: len : 4
ser-close_field: flb : 0
-------------------
ser-close_field: start : 60
ser-close_field: end : 64
ser-close_field: len : 4
ser-close_field: flb : 1
-------------------
ser-open_tag: bytes : 1
ser-open_tag: tag : 3
ser-open_tag: tag != -1: 
TEST_TYPE client
TEST_SCIL 8
TEST_DCIL 8
TEST_PCIL 8
ser-open_field: name 1: "max_packet_size"
ser-open_field: flb : 1
ser-open_field: field_start.push_back(res.size()) : 66
ser-open_field: ffield_length_bytes.push_back(flb) : 1
ser-open_field: name_field_bytes 2: -1
ser-open_field: field_bytes: -1
ser-open_field: res.size() : 66
ser-open_field: name 1: "stream_pos_16"
ser-open_field: field_start.push_back(res.size()) : 66
ser-open_field: ffield_length_bytes.push_back(flb) : 0
ser-open_field: name_field_bytes 1: -1
ser-open_field: field_bytes: -1
ser-open_field: res.size() : 66
ser-close_field: start : 66
ser-close_field: end : 68
ser-close_field: len : 2
ser-close_field: flb : 0
-------------------
ser-close_field: start : 66
ser-close_field: end : 68
ser-close_field: len : 2
ser-close_field: flb : 1
-------------------
ser-close_field: start : 4
ser-close_field: end : 68
ser-close_field: len : 64
ser-close_field: flb : 0
-------------------
ser-close_field: start : 4
ser-close_field: end : 68
ser-close_field: len : 64
ser-close_field: flb : 2
-------------------
etype =65445
len =64
ptls_exts[i].type = 65445
ptls_exts[i].len = 64
ptls_load_certificates 0
ptls_set_negotiated_protocol
export_length_cid_extension
setup_initial_traffic_keys cid: 0
setup_initial_traffic_keys session: 1
setup_initial_traffic_keys
[175,191,236,40,153,147,210,76,158,151,134,241,156,97,17,224,67,144,168,153][190,10,149,91,215,212,102,54]setup_initial_traffic_keys 2 
setup_initial_traffic_keys 3
setup_initial_traffic_keys 4
setup_initial_traffic_keys 5
quic_set_key_from_secret 1
quic_set_key_from_secret 2q
quic_set_key_from_secret 3q
setup_initial_traffic_keys 6
quic_set_key_from_secret 1
quic_set_key_from_secret 2v
quic_set_key_from_secret 3v
setup_initial_traffic_keys salt: [175,191,236,40,153,147,210,76,158,151,134,241,156,97,17,224,67,144,168,153]
setup_initial_traffic_keys ikm: [190,10,149,91,215,212,102,54]
iv_size start 
iv_size cid 0
iv_size level 0
iv_size end 16
encrypt_cipher start 
encrypt_cipher c 0
encrypt_cipher iv [230,185,216,25,215,102,17,99,80,170,85,49,35,203,95,254]
encrypt_cipher pn_dec 0x555559f9ee50
encrypt_cipher end [228,85,68,178,155]
decrypt_aead start 
decrypt_aead ad 30
aead == 0x555557d859a0
checksum_length == 16
seq == 0
bytes.size() == 30
decrypted <= input.size() == 1
decrypt_aead finish 
dstID size 8
dstID res 13693921838668998198
sourceID size 8
sourceID res 6616430619872197508
sourceID data_remaining 0
quic_crypto_length 
deser: quic_ack_frequency   = quic_ack_frequency
deser: quic_ack_frequency   = quic_ack_frequency_ack_eliciting_threshold
deser: quic_ack_frequency   = quic_ack_frequency_request_max_ack_delay
deser: quic_ack_frequency   = quic_ack_frequency_reordering_threshold
deser: quic_ack_frequency   = quic_ack_frequency_reordering_threshold
deser: quic_ack_frequency   = quic_ack_frequency_reordering_threshold
deser: quic_ack_frequency   = quic_ack_frequency_reordering_threshold
deser: quic_ack_frequency   = quic_ack_frequency_reordering_threshold
deser: quic_ack_frequency   = quic_ack_frequency_reordering_threshold
deser: quic_ack_frequency   = quic_ack_frequency_reordering_threshold
deser: quic_ack_frequency   = quic_ack_frequency_reordering_threshold
deser: quic_ack_frequency   = quic_ack_frequency_reordering_threshold
deser: quic_ack_frequency   = quic_ack_frequency_reordering_threshold
deser: quic_ack_frequency   = quic_ack_frequency_reordering_threshold
deser: quic_ack_frequency   = quic_ack_frequency_reordering_threshold
deser: quic_ack_frequency   = quic_ack_frequency_reordering_threshold
deser: quic_ack_frequency   = quic_ack_frequency_reordering_threshold
deser: quic_ack_frequency   = quic_ack_frequency_reordering_threshold
deser: quic_ack_frequency   = quic_ack_frequency_reordering_threshold
deser: quic_ack_frequency   = quic_ack_frequency_reordering_threshold
deser: quic_ack_frequency   = quic_ack_frequency_reordering_threshold
deser: quic_ack_frequency   = quic_ack_frequency_reordering_threshold
deser: quic_ack_frequency   = quic_ack_frequency_reordering_threshold
deser: quic_ack_frequency   = quic_ack_frequency_reordering_threshold
deser: quic_ack_frequency   = quic_ack_frequency_reordering_threshold
deser: quic_ack_frequency   = quic_ack_frequency_reordering_threshold
deser: quic_ack_frequency   = quic_ack_frequency_reordering_threshold
deser: quic_ack_frequency   = quic_ack_frequency_reordering_threshold
deser: quic_ack_frequency   = quic_ack_frequency_reordering_threshold
deser: quic_ack_frequency   = quic_ack_frequency_reordering_threshold
deser: quic_ack_frequency   = quic_ack_frequency_reordering_threshold
deser: quic_ack_frequency   = quic_ack_frequency_reordering_threshold
deser: quic_ack_frequency   = quic_ack_frequency_reordering_threshold
deser: quic_ack_frequency   = quic_ack_frequency_reordering_threshold
deser: quic_ack_frequency   = quic_ack_frequency_reordering_threshold
deser: quic_ack_frequency   = quic_ack_frequency_reordering_threshold
deser: quic_ack_frequency   = quic_ack_frequency_reordering_threshold
deser: quic_ack_frequency   = quic_ack_frequency_reordering_threshold
deser: quic_ack_frequency   = quic_ack_frequency_reordering_threshold
deser: quic_ack_frequency   = quic_ack_frequency_reordering_threshold
deser: quic_ack_frequency   = quic_ack_frequency_reordering_threshold
deser: quic_ack_frequency   = quic_ack_frequency_reordering_threshold
deser: quic_ack_frequency   = quic_ack_frequency_reordering_threshold
deser: quic_ack_frequency   = quic_ack_frequency_reordering_threshold
deser: quic_ack_frequency   = quic_ack_frequency_reordering_threshold
deser: quic_ack_frequency   = quic_ack_frequency_reordering_threshold
deser: quic_ack_frequency   = quic_ack_frequency_reordering_threshold
deser: quic_ack_frequency   = quic_ack_frequency_reordering_threshold
deser: quic_ack_frequency   = quic_ack_frequency_reordering_threshold
deser: quic_ack_frequency   = quic_ack_frequency_reordering_threshold
deser: quic_ack_frequency   = quic_ack_frequency_reordering_threshold
deser: quic_ack_frequency   = quic_ack_frequency_reordering_threshold
deser: quic_ack_frequency   = quic_ack_frequency_reordering_threshold
deser: quic_ack_frequency   = quic_ack_frequency_reordering_threshold
deser: quic_ack_frequency   = quic_ack_frequency_reordering_threshold
deser: quic_ack_frequency   = quic_ack_frequency_reordering_threshold
deser: quic_ack_frequency   = quic_ack_frequency_reordering_threshold
deser: quic_ack_frequency   = quic_ack_frequency_reordering_threshold
deser: quic_ack_frequency   = quic_ack_frequency_reordering_threshold
deser: quic_ack_frequency   = quic_ack_frequency_reordering_threshold
deser: quic_ack_frequency   = quic_ack_frequency_reordering_threshold
deser: quic_ack_frequency   = quic_ack_frequency_reordering_threshold
deser: quic_ack_frequency   = quic_ack_frequency_reordering_threshold
deser: quic_ack_frequency   = quic_ack_frequency_reordering_threshold
deser: quic_ack_frequency   = quic_ack_frequency_reordering_threshold
deser: quic_ack_frequency   = quic_ack_frequency_reordering_threshold
deser: quic_ack_frequency   = quic_ack_frequency_reordering_threshold
deser: quic_ack_frequency   = quic_ack_frequency_reordering_threshold
deser: quic_ack_frequency   = quic_ack_frequency_reordering_threshold
deser: quic_ack_frequency   = quic_ack_frequency_reordering_threshold
deser: quic_ack_frequency   = quic_ack_frequency_reordering_threshold
deser: quic_ack_frequency   = quic_ack_frequency_reordering_threshold
deser: quic_ack_frequency   = quic_ack_frequency_reordering_threshold
deser: quic_ack_frequency   = quic_ack_frequency_reordering_threshold
deser: quic_ack_frequency   = quic_ack_frequency_reordering_threshold
deser: quic_ack_frequency   = quic_ack_frequency_reordering_threshold
deser: quic_ack_frequency   = quic_ack_frequency_reordering_threshold
deser: quic_ack_frequency   = quic_ack_frequency_reordering_threshold
deser: quic_ack_frequency   = quic_ack_frequency_reordering_threshold
deser: quic_ack_frequency   = quic_ack_frequency_reordering_threshold
deser: quic_ack_frequency   = quic_ack_frequency_reordering_threshold
deser: quic_ack_frequency   = quic_ack_frequency_reordering_threshold
deser: quic_ack_frequency   = quic_ack_frequency_reordering_threshold
deser: quic_ack_frequency   = quic_ack_frequency_reordering_threshold
deser: quic_ack_frequency   = quic_ack_frequency_reordering_threshold
deser: quic_ack_frequency   = quic_ack_frequency_reordering_threshold
deser: quic_ack_frequency   = quic_ack_frequency_reordering_threshold
deser: quic_ack_frequency   = quic_ack_frequency_reordering_threshold
deser: quic_ack_frequency   = quic_ack_frequency_reordering_threshold
deser: quic_ack_frequency   = quic_ack_frequency_reordering_threshold
deser: quic_ack_frequency   = quic_ack_frequency_reordering_threshold
deser: quic_ack_frequency   = quic_ack_frequency_reordering_threshold
deser: quic_ack_frequency   = quic_ack_frequency_reordering_threshold
deser: quic_ack_frequency   = quic_ack_frequency_reordering_threshold
deser: quic_ack_frequency   = quic_ack_frequency_reordering_threshold
deser: quic_ack_frequency   = quic_ack_frequency_reordering_threshold
deser: quic_ack_frequency   = quic_ack_frequency_reordering_threshold
deser: quic_ack_frequency   = quic_ack_frequency_reordering_threshold
deser: quic_ack_frequency   = quic_ack_frequency_reordering_threshold
deser: quic_ack_frequency   = quic_ack_frequency_reordering_threshold
deser: quic_ack_frequency   = quic_ack_frequency_reordering_threshold
deser: quic_ack_frequency   = quic_ack_frequency_reordering_threshold
deser: quic_ack_frequency   = quic_ack_frequency_reordering_threshold
deser: quic_ack_frequency   = quic_ack_frequency_reordering_threshold
deser: quic_ack_frequency   = quic_ack_frequency_reordering_threshold
deser: quic_ack_frequency   = quic_ack_frequency_reordering_threshold
deser: quic_ack_frequency   = quic_ack_frequency_reordering_threshold
deser: quic_ack_frequency   = quic_ack_frequency_reordering_threshold
deser: quic_ack_frequency   = quic_ack_frequency_reordering_threshold
deser: quic_ack_frequency   = quic_ack_frequency_reordering_threshold
deser: quic_ack_frequency   = quic_ack_frequency_reordering_threshold
deser: quic_ack_frequency   = quic_ack_frequency_reordering_threshold
deser: quic_ack_frequency   = quic_ack_frequency_reordering_threshold
deser: quic_ack_frequency   = quic_ack_frequency_reordering_threshold
deser: quic_ack_frequency   = quic_ack_frequency_reordering_threshold
deser: quic_ack_frequency   = quic_ack_frequency_reordering_threshold
deser: quic_ack_frequency   = quic_ack_frequency_reordering_threshold
deser: quic_ack_frequency   = quic_ack_frequency_reordering_threshold
deser: quic_ack_frequency   = quic_ack_frequency_reordering_threshold
deser: quic_ack_frequency   = quic_ack_frequency_reordering_threshold
deser: quic_ack_frequency   = quic_ack_frequency_reordering_threshold
deser: quic_ack_frequency   = quic_ack_frequency_reordering_threshold
deser: quic_ack_frequency   = quic_ack_frequency_reordering_threshold
deser: quic_ack_frequency   = quic_ack_frequency_reordering_threshold
deser: quic_ack_frequency   = quic_ack_frequency_reordering_threshold
deser: quic_ack_frequency   = quic_ack_frequency_reordering_threshold
deser: quic_ack_frequency   = quic_ack_frequency_reordering_threshold
deser: quic_ack_frequency   = quic_ack_frequency_reordering_threshold
deser: quic_ack_frequency   = quic_ack_frequency_reordering_threshold
deser: quic_ack_frequency   = quic_ack_frequency_reordering_threshold
deser: quic_ack_frequency   = quic_ack_frequency_reordering_threshold
deser: quic_ack_frequency   = quic_ack_frequency_reordering_threshold
deser: quic_ack_frequency   = quic_ack_frequency_reordering_threshold
deser: quic_ack_frequency   = quic_ack_frequency_reordering_threshold
deser: quic_ack_frequency   = quic_ack_frequency_reordering_threshold
deser: quic_ack_frequency   = quic_ack_frequency_reordering_threshold
deser: quic_ack_frequency   = quic_ack_frequency_reordering_threshold
deser: quic_ack_frequency   = quic_ack_frequency_reordering_threshold
deser: quic_ack_frequency   = quic_ack_frequency_reordering_threshold
deser: quic_ack_frequency   = quic_ack_frequency_reordering_threshold
deser: quic_ack_frequency   = quic_ack_frequency_reordering_threshold
deser: quic_ack_frequency   = quic_ack_frequency_reordering_threshold
deser: quic_ack_frequency   = quic_ack_frequency_reordering_threshold
deser: quic_ack_frequency   = quic_ack_frequency_reordering_threshold
deser: quic_ack_frequency   = quic_ack_frequency_reordering_threshold
deser: quic_ack_frequency   = quic_ack_frequency_reordering_threshold
deser: quic_ack_frequency   = quic_ack_frequency_reordering_threshold
deser: quic_ack_frequency   = quic_ack_frequency_reordering_threshold
deser: quic_ack_frequency   = quic_ack_frequency_reordering_threshold
deser: quic_ack_frequency   = quic_ack_frequency_reordering_threshold
deser: quic_ack_frequency   = quic_ack_frequency_reordering_threshold
deser: quic_ack_frequency   = quic_ack_frequency_reordering_threshold
deser: quic_ack_frequency   = quic_ack_frequency_reordering_threshold
deser: quic_ack_frequency   = quic_ack_frequency_reordering_threshold
deser: quic_ack_frequency   = quic_ack_frequency_reordering_threshold
deser: quic_ack_frequency   = quic_ack_frequency_reordering_threshold
deser: quic_ack_frequency   = quic_ack_frequency_reordering_threshold
deser: quic_ack_frequency   = quic_ack_frequency_reordering_threshold
deser: quic_ack_frequency   = quic_ack_frequency_reordering_threshold
deser: quic_ack_frequency   = quic_ack_frequency_reordering_threshold
deser: quic_ack_frequency   = quic_ack_frequency_reordering_threshold
deser: quic_ack_frequency   = quic_ack_frequency_reordering_threshold
deser: quic_ack_frequency   = quic_ack_frequency_reordering_threshold
deser: quic_ack_frequency   = quic_ack_frequency_reordering_threshold
deser: quic_ack_frequency   = quic_ack_frequency_reordering_threshold
deser: quic_ack_frequency   = quic_ack_frequency_reordering_threshold
deser: quic_ack_frequency   = quic_ack_frequency_reordering_threshold
deser: quic_ack_frequency   = quic_ack_frequency_reordering_threshold
deser: quic_ack_frequency   = quic_ack_frequency_reordering_threshold
deser: quic_ack_frequency   = quic_ack_frequency_reordering_threshold
deser: quic_ack_frequency   = quic_ack_frequency_reordering_threshold
deser: quic_ack_frequency   = quic_ack_frequency_reordering_threshold
deser: quic_ack_frequency   = quic_ack_frequency_reordering_threshold
deser: quic_ack_frequency   = quic_ack_frequency_reordering_threshold
deser: quic_ack_frequency   = quic_ack_frequency_reordering_threshold
deser: quic_ack_frequency   = quic_ack_frequency_reordering_threshold
deser: quic_ack_frequency   = quic_ack_frequency_reordering_threshold
deser: quic_ack_frequency   = quic_ack_frequency_reordering_threshold
deser: quic_ack_frequency   = quic_ack_frequency_reordering_threshold
deser: quic_ack_frequency   = quic_ack_frequency_reordering_threshold
deser: quic_ack_frequency   = quic_ack_frequency_reordering_threshold
deser: quic_ack_frequency   = quic_ack_frequency_reordering_threshold
deser: quic_ack_frequency   = quic_ack_frequency_reordering_threshold
deser: quic_ack_frequency   = quic_ack_frequency_reordering_threshold
deser: quic_ack_frequency   = quic_ack_frequency_reordering_threshold
deser: quic_ack_frequency   = quic_ack_frequency_reordering_threshold
deser: quic_ack_frequency   = quic_ack_frequency_reordering_threshold
deser: quic_ack_frequency   = quic_ack_frequency_reordering_threshold
deser: quic_ack_frequency   = quic_ack_frequency_reordering_threshold
deser: quic_ack_frequency   = quic_ack_frequency_reordering_threshold
deser: quic_ack_frequency   = quic_ack_frequency_reordering_threshold
deser: quic_ack_frequency   = quic_ack_frequency_reordering_threshold
deser: quic_ack_frequency   = quic_ack_frequency_reordering_threshold
deser: quic_ack_frequency   = quic_ack_frequency_reordering_threshold
deser: quic_ack_frequency   = quic_ack_frequency_reordering_threshold
deser: quic_ack_frequency   = quic_ack_frequency_reordering_threshold
deser: quic_ack_frequency   = quic_ack_frequency_reordering_threshold
deser: quic_ack_frequency   = quic_ack_frequency_reordering_threshold
deser: quic_ack_frequency   = quic_ack_frequency_reordering_threshold
deser: quic_ack_frequency   = quic_ack_frequency_reordering_threshold
deser: quic_ack_frequency   = quic_ack_frequency_reordering_threshold
deser: quic_ack_frequency   = quic_ack_frequency_reordering_threshold
deser: quic_ack_frequency   = quic_ack_frequency_reordering_threshold
deser: quic_ack_frequency   = quic_ack_frequency_reordering_threshold
deser: quic_ack_frequency   = quic_ack_frequency_reordering_threshold
deser: quic_ack_frequency   = quic_ack_frequency_reordering_threshold
deser: quic_ack_frequency   = quic_ack_frequency_reordering_threshold
deser: quic_ack_frequency   = quic_ack_frequency_reordering_threshold
deser: quic_ack_frequency   = quic_ack_frequency_reordering_threshold
deser: quic_ack_frequency   = quic_ack_frequency_reordering_threshold
deser: quic_ack_frequency   = quic_ack_frequency_reordering_threshold
deser: quic_ack_frequency   = quic_ack_frequency_reordering_threshold
deser: quic_ack_frequency   = quic_ack_frequency_reordering_threshold
deser: quic_ack_frequency   = quic_ack_frequency_reordering_threshold
deser: quic_ack_frequency   = quic_ack_frequency_reordering_threshold
deser: quic_ack_frequency   = quic_ack_frequency_reordering_threshold
deser: quic_ack_frequency   = quic_ack_frequency_reordering_threshold
deser: quic_ack_frequency   = quic_ack_frequency_reordering_threshold
deser: quic_ack_frequency   = quic_ack_frequency_reordering_threshold
deser: quic_ack_frequency   = quic_ack_frequency_reordering_threshold
deser: quic_ack_frequency   = quic_ack_frequency_reordering_threshold
deser: quic_ack_frequency   = quic_ack_frequency_reordering_threshold
deser: quic_ack_frequency   = quic_ack_frequency_reordering_threshold
deser: quic_ack_frequency   = quic_ack_frequency_reordering_threshold
deser: quic_ack_frequency   = quic_ack_frequency_reordering_threshold
deser: quic_ack_frequency   = quic_ack_frequency_reordering_threshold
deser: quic_ack_frequency   = quic_ack_frequency_reordering_threshold
deser: quic_ack_frequency   = quic_ack_frequency_reordering_threshold
deser: quic_ack_frequency   = quic_ack_frequency_reordering_threshold
deser: quic_ack_frequency   = quic_ack_frequency_reordering_threshold
deser: quic_ack_frequency   = quic_ack_frequency_reordering_threshold
deser: quic_ack_frequency   = quic_ack_frequency_reordering_threshold
deser: quic_ack_frequency   = quic_ack_frequency_reordering_threshold
deser: quic_ack_frequency   = quic_ack_frequency_reordering_threshold
deser: quic_ack_frequency   = quic_ack_frequency_reordering_threshold
deser: quic_ack_frequency   = quic_ack_frequency_reordering_threshold
deser: quic_ack_frequency   = quic_ack_frequency_reordering_threshold
deser: quic_ack_frequency   = quic_ack_frequency_reordering_threshold
deser: quic_ack_frequency   = quic_ack_frequency_reordering_threshold
deser: quic_ack_frequency   = quic_ack_frequency_reordering_threshold
deser: quic_ack_frequency   = quic_ack_frequency_reordering_threshold
deser: quic_ack_frequency   = quic_ack_frequency_reordering_threshold
deser: quic_ack_frequency   = quic_ack_frequency_reordering_threshold
deser: quic_ack_frequency   = quic_ack_frequency_reordering_threshold
deser: quic_ack_frequency   = quic_ack_frequency_reordering_threshold
deser: quic_ack_frequency   = quic_ack_frequency_reordering_threshold
deser: quic_ack_frequency   = quic_ack_frequency_reordering_threshold
deser: quic_ack_frequency   = quic_ack_frequency_reordering_threshold
deser: quic_ack_frequency   = quic_ack_frequency_reordering_threshold
deser: quic_ack_frequency   = quic_ack_frequency_reordering_threshold
deser: quic_ack_frequency   = quic_ack_frequency_reordering_threshold
deser: quic_ack_frequency   = quic_ack_frequency_reordering_threshold
deser: quic_ack_frequency   = quic_ack_frequency_reordering_threshold
deser: quic_ack_frequency   = quic_ack_frequency_reordering_threshold
deser: quic_ack_frequency   = quic_ack_frequency_reordering_threshold
deser: quic_ack_frequency   = quic_ack_frequency_reordering_threshold
deser: quic_ack_frequency   = quic_ack_frequency_reordering_threshold
deser: quic_ack_frequency   = quic_ack_frequency_reordering_threshold
deser: quic_ack_frequency   = quic_ack_frequency_reordering_threshold
deser: quic_ack_frequency   = quic_ack_frequency_reordering_threshold
deser: quic_ack_frequency   = quic_ack_frequency_reordering_threshold
deser: quic_ack_frequency   = quic_ack_frequency_reordering_threshold
deser: quic_ack_frequency   = quic_ack_frequency_reordering_threshold
deser: quic_ack_frequency   = quic_ack_frequency_reordering_threshold
deser: quic_ack_frequency   = quic_ack_frequency_reordering_threshold
deser: quic_ack_frequency   = quic_ack_frequency_reordering_threshold
deser: quic_ack_frequency   = quic_ack_frequency_reordering_threshold
deser: quic_ack_frequency   = quic_ack_frequency_reordering_threshold
deser: quic_ack_frequency   = quic_ack_frequency_reordering_threshold
deser: quic_ack_frequency   = quic_ack_frequency_reordering_threshold
deser: quic_ack_frequency   = quic_ack_frequency_reordering_threshold
deser: quic_ack_frequency   = quic_ack_frequency_reordering_threshold
deser: quic_ack_frequency   = quic_ack_frequency_reordering_threshold
deser: quic_ack_frequency   = quic_ack_frequency_reordering_threshold
deser: quic_ack_frequency   = quic_ack_frequency_reordering_threshold
deser: quic_ack_frequency   = quic_ack_frequency_reordering_threshold
deser: quic_ack_frequency   = quic_ack_frequency_reordering_threshold
deser: quic_ack_frequency   = quic_ack_frequency_reordering_threshold
deser: quic_ack_frequency   = quic_ack_frequency_reordering_threshold
deser: quic_ack_frequency   = quic_ack_frequency_reordering_threshold
deser: quic_ack_frequency   = quic_ack_frequency_reordering_threshold
deser: quic_ack_frequency   = quic_ack_frequency_reordering_threshold
deser: quic_ack_frequency   = quic_ack_frequency_reordering_threshold
deser: quic_ack_frequency   = quic_ack_frequency_reordering_threshold
deser: quic_ack_frequency   = quic_ack_frequency_reordering_threshold
deser: quic_ack_frequency   = quic_ack_frequency_reordering_threshold
deser: quic_ack_frequency   = quic_ack_frequency_reordering_threshold
[1,0,1,27,3,3,23,165208779,721372776,573591998,773950167,246486437,61,10558,1555,1,19,2,19,3,1,0,0,1191200000,23,0,260,3155583396,6008,4459,1,7859,2290,46686337,689,621304213,265352711,14439,474842113,32,908972955,2857,42,1050273441,50,435369703,10465,198558248,0,0,0,15,0,13,0,0,10,13157,12918,9586,11873,11621,0,16,0,8,0,6,5,10353,45,50,57,0,43,0,9,8,3,4,16156,16155,16154,0,13,0,10,0,8,8,4,4,3,4,1,2,1,0,10,0,6,0,4,0,23,0,29,84181024,0,0,4,4,1048576,8,2,513,1,4,30000,3,2,1440,9,2,513,6,4,65635,7,4,65535,14,1,8,11,1,10,15,8,7122,2199,1463550538,364904448,0,38004864,0,12632,1,3,10930,0,0,45,0,2,1,1,0,0,0,0,0,0,0,0,0,0,0,0,0,0,0,0,0,0,0,0,0,0,0,0,0,0,0,0,0,0,0,0,0,0,0,0,0,0,0,0,0,0,0,0,0,0,0,0,0,0,0,0,0,0,0,0,0,0,0,0,0,0,0,0,0,0,0,0,0,0,0,0,0,0,0,0,0,0,0,0,0,0,0,0,0,0,0,0,0,0,0,0,0,0,0,0,0,0,0,0,0,0,0,0,0,0,0,0,0,0,0,0,0,0,0,0,0,0,0,0,0,0,0,0,0,0,0,0,0,0]
0

tag v1: 1
Tag size: 1
tags[0]: "tls.client_hello"
value_size: 0
deser-open_field: name : "tls.client_hello"
deser-open_field: length_field_bytes : 3
deser-open_field: flength : 283
deser-open_field: name : "client_version"
4) pkt-pos =  287
deser-open_field: field_bytes : 2
deser-open_field: name : "rand_info"
4) pkt-pos =  287
deser-open_field: name : "gmt_unix_time"
4) pkt-pos =  287
deser-open_field: field_bytes : 4
deser-open_field: name : "random_bytes"
deser-open_field: name : "session_id"
deser-open_field: length_field_bytes : 1
deser-open_field: flength : 1
deser-open_field: tls_field_bytes_map["session_id"] : 1
deser-open_field: field_bytes : 1
deser-open_field: name : "cipher_suites"
deser-open_field: length_field_bytes : 2
deser-open_field: flength : 39721
deser-open_field: tls_field_bytes_map["cipher_suites"] : 39721
deser-open_field: field_bytes : 2
error: failed to deserialize data
hex dump of data follows.
0100011B030317CB68BED7A53D3E1301
1302130301000000170004A4786B01B3
F281B195076701209B292AA132E7E128
0000000F000D00000A65767261650010
0008000605712D3239002B0009080304
1C1B1A000D000A000808040403040102
01000A000600040017001D2000000404
000802010104300302A0090201060463
0704FF0E01080B010A0F08D2974A0000
8000580103B200002D00020101000000
00000000000000000000000000000000
00000000000000000000000000000000
00000000000000000000000000000000
00000000000000000000000000000000
00000000000000000000000000000000
00000000000000000000000000000000
00000000000000000000000000000000
0000000000000000000000000000*00
