Starting Picoquic (v1.01a) connection to server = 11.0.0.1, port = 4443
Testing scenario: <0:index.html;4:test.html;8:/1234567;12:main.jpg;16:war-and-peace.txt;20:en/latest/;24:/file-123K>
be0a955bd7d46636: No root crt list specified -- certificate will not be verified.

Max stream id bidir remote before start = 0 (0)
be0a955bd7d46636: Sending ALPN list (1): hq-29
be0a955bd7d46636: Sending transport parameter TLS extension (83 bytes):
be0a955bd7d46636:     Extension list (83 bytes):
be0a955bd7d46636:         Extension type: 5 (max_stream_data_bidi_local), length 4, 80200000
be0a955bd7d46636:         Extension type: 4 (initial_max_data), length 4, 80100000
be0a955bd7d46636:         Extension type: 8 (max_streams_bidi), length 2, 4201
be0a955bd7d46636:         Extension type: 1 (idle_timeout), length 4, 80007530
be0a955bd7d46636:         Extension type: 3 (max_packet_size), length 2, 45a0
be0a955bd7d46636:         Extension type: 9 (max_streams_uni), length 2, 4201
be0a955bd7d46636:         Extension type: 6 (max_stream_data_bidi_remote), length 4, 80010063
be0a955bd7d46636:         Extension type: 7 (max_stream_data_uni), length 4, 8000ffff
be0a955bd7d46636:         Extension type: 14 (active_connection_id_limit), length 1, 08
be0a955bd7d46636:         Extension type: 11 (max_ack_delay), length 1, 0a
be0a955bd7d46636:         Extension type: 15 (hcid), length 8, 5bd24897ea7ffb84
be0a955bd7d46636:         Extension type: 5948 (unknown), length 2, 4a95
be0a955bd7d46636:         Extension type: 4278378010 (min_ack_delay), length 2, 43e8
be0a955bd7d46636:         Extension type: 29016 (enable_time_stamp), length 1, 03
be0a955bd7d46636:         Extension type: 10930 (grease_quic_bit), length 0
Starting client connection. Version = ff00001d, I-CID: be0a955bd7d46636
Max stream id bidir remote after start = 0 (0)
Waiting for packets.
be0a955bd7d46636: Sending packet type: 2 (initial), S0, Q1, Version ff00001d,
be0a955bd7d46636:     <be0a955bd7d46636>, <5bd24897ea7ffb84>, Seq: 0, pl: 1226
be0a955bd7d46636:     Token length: 0
be0a955bd7d46636:     Prepared 1206 bytes
be0a955bd7d46636:     ping, 1 bytes
be0a955bd7d46636:     Crypto HS frame, offset 0, length 287: 0100011b03031789...
be0a955bd7d46636:     padding, 914 bytes

be0a955bd7d46636: Sending 1252 bytes to 11.0.0.1:4443 at T=0.000043 (35d013b37e02c)
be0a955bd7d46636: T= 0.250044, Lost packet type 2, number 0, size 1236, DCID <>, reason: timer
be0a955bd7d46636: Sending packet type: 2 (initial), S0, Q1, Version ff00001d,
be0a955bd7d46636:     <be0a955bd7d46636>, <5bd24897ea7ffb84>, Seq: 1, pl: 1226
be0a955bd7d46636:     Token length: 0
be0a955bd7d46636:     Prepared 1206 bytes
be0a955bd7d46636:     ping, 1 bytes
be0a955bd7d46636:     Crypto HS frame, offset 0, length 287: 0100011b03031789...
be0a955bd7d46636:     padding, 914 bytes

be0a955bd7d46636: Sending 1252 bytes to 11.0.0.1:4443 at T=0.250044 (35d013b3bb0bd)
be0a955bd7d46636: T= 0.500045, Lost packet type 2, number 1, size 1236, DCID <>, reason: timer
be0a955bd7d46636: Sending packet type: 2 (initial), S0, Q1, Version ff00001d,
be0a955bd7d46636:     <be0a955bd7d46636>, <5bd24897ea7ffb84>, Seq: 2, pl: 1226
be0a955bd7d46636:     Token length: 0
be0a955bd7d46636:     Prepared 1206 bytes
be0a955bd7d46636:     ping, 1 bytes
be0a955bd7d46636:     Crypto HS frame, offset 0, length 287: 0100011b03031789...
be0a955bd7d46636:     padding, 914 bytes

be0a955bd7d46636: Sending 1252 bytes to 11.0.0.1:4443 at T=0.500045 (35d013b3f814e)
be0a955bd7d46636: T= 1.000046, Lost packet type 2, number 2, size 1236, DCID <>, reason: timer
be0a955bd7d46636: Sending packet type: 2 (initial), S0, Q1, Version ff00001d,
be0a955bd7d46636:     <be0a955bd7d46636>, <5bd24897ea7ffb84>, Seq: 3, pl: 1226
be0a955bd7d46636:     Token length: 0
be0a955bd7d46636:     Prepared 1206 bytes
be0a955bd7d46636:     ping, 1 bytes
be0a955bd7d46636:     Crypto HS frame, offset 0, length 287: 0100011b03031789...
be0a955bd7d46636:     padding, 914 bytes

be0a955bd7d46636: Sending 1252 bytes to 11.0.0.1:4443 at T=1.000046 (35d013b47226f)
be0a955bd7d46636: T= 1.500047, Lost packet type 2, number 3, size 1236, DCID <>, reason: timer
be0a955bd7d46636: Sending packet type: 2 (initial), S0, Q1, Version ff00001d,
be0a955bd7d46636:     <be0a955bd7d46636>, <5bd24897ea7ffb84>, Seq: 4, pl: 1226
be0a955bd7d46636:     Token length: 0
be0a955bd7d46636:     Prepared 1206 bytes
be0a955bd7d46636:     ping, 1 bytes
be0a955bd7d46636:     Crypto HS frame, offset 0, length 287: 0100011b03031789...
be0a955bd7d46636:     padding, 914 bytes

be0a955bd7d46636: Sending 1252 bytes to 11.0.0.1:4443 at T=1.500047 (35d013b4ec390)
be0a955bd7d46636: Receiving 1232 bytes from 11.0.0.1:4443 at T=2.054995 (35d013b573b54)
be0a955bd7d46636: Receiving packet type: 2 (initial), S0, Q1, Version ff00001d,
be0a955bd7d46636:     <5bd24897ea7ffb84>, <0000000000000001>, Seq: 1, pl: 1206
be0a955bd7d46636:     Token length: 0
be0a955bd7d46636:     Decrypted 1186 bytes
be0a955bd7d46636:     Crypto HS frame, offset 0, length 123: 020000770303cfbd...
be0a955bd7d46636:     padding, 1059 bytes

be0a955bd7d46636: Sending packet type: 4 (handshake), S0, Q1, Version ff00001d,
be0a955bd7d46636:     <0000000000000001>, <5bd24897ea7ffb84>, Seq: 0, pl: 21
be0a955bd7d46636:     Prepared 1 bytes
be0a955bd7d46636:     ping, 1 bytes

be0a955bd7d46636: Sending 46 bytes to 11.0.0.1:4443 at T=2.064995 (35d013b576264)
be0a955bd7d46636: Receiving 1419 bytes from 11.0.0.1:4443 at T=2.168017 (35d013b58f4d2)
be0a955bd7d46636: Receiving packet type: 4 (handshake), S0, Q1, Version ff00001d,
be0a955bd7d46636:     <5bd24897ea7ffb84>, <0000000000000001>, Seq: 1, pl: 1394
be0a955bd7d46636:     Decrypted 1374 bytes
be0a955bd7d46636:     Crypto HS frame, offset 0, length 1354: 0800005600540000...
be0a955bd7d46636:     padding, 16 bytes

be0a955bd7d46636: Received transport parameter TLS extension (64 bytes):
be0a955bd7d46636:     Extension list (64 bytes):
be0a955bd7d46636:         Extension type: 5 (max_stream_data_bidi_local), length 4, 83b1afa5
be0a955bd7d46636:         Extension type: 4 (initial_max_data), length 4, 83b1afa5
be0a955bd7d46636:         Extension type: 1 (idle_timeout), length 4, 8fffffff
be0a955bd7d46636:         Extension type: 6 (max_stream_data_bidi_remote), length 4, 83b1afa5
be0a955bd7d46636:         Extension type: 7 (max_stream_data_uni), length 4, 83b1afa5
be0a955bd7d46636:         Extension type: 8 (max_streams_bidi), length 2, 40c8
be0a955bd7d46636:         Extension type: 15 (hcid), length 8, 0000000000000001
be0a955bd7d46636:         Extension type: 0 (ocid), length 8, be0a955bd7d46636
be0a955bd7d46636:         Extension type: 9 (max_streams_uni), length 4, 80007e6d
be0a955bd7d46636:         Extension type: 3 (max_packet_size), length 2, 45dc
Negotiated ALPN: hq-29
be0a955bd7d46636: Negotiated ALPN: hq-29
Almost ready!

be0a955bd7d46636: Sending packet type: 4 (handshake), S0, Q1, Version ff00001d,
be0a955bd7d46636:     <0000000000000001>, <5bd24897ea7ffb84>, Seq: 1, pl: 64
be0a955bd7d46636:     Prepared 44 bytes
be0a955bd7d46636:     ACK (nb=0), 1
be0a955bd7d46636:     Crypto HS frame, offset 0, length 36: 14000020f68cab94...

be0a955bd7d46636: Sending packet type: 6 (1rtt protected), S0, Q1,
be0a955bd7d46636:     <0000000000000001>, Seq: 0 (0), Phi: 0,
be0a955bd7d46636:     Prepared 29 bytes
be0a955bd7d46636:     NEW CONNECTION ID[1]: 0x7fccb44a51cdaadb, 85c43d7b5a170f19b919e92bb3475c26
be0a955bd7d46636:     padding, 1 bytes

be0a955bd7d46636: T= 2.168018, cwin: 15360,flight: 190,nb_ret: 4,rtt_min: 0,rtt: 250000,rtt_var: 0,max_ack_delay: 0,state: 13
be0a955bd7d46636: Sending 144 bytes to 11.0.0.1:4443 at T=2.168018 (35d013b58f4d3)
Connection established. Version = ff00001d, I-CID: be0a955bd7d46636, verified: 1
be0a955bd7d46636: Connection established. Version = ff00001d, I-CID: be0a955bd7d46636, verified: 1
be0a955bd7d46636: Preparing GET on stream 0 for /index.html
Opening stream 0 to GET /index.html
be0a955bd7d46636: Sending packet type: 6 (1rtt protected), S0, Q1,
be0a955bd7d46636:     <0000000000000001>, Seq: 1 (1), Phi: 0,
be0a955bd7d46636:     Prepared 29 bytes
be0a955bd7d46636:     Stream 0, offset 0, length 17, fin = 1: 474554202f696e64...
be0a955bd7d46636:     padding, 9 bytes

be0a955bd7d46636: T= 2.168021, cwin: 15360,flight: 245,nb_ret: 4,rtt_min: 0,rtt: 250000,rtt_var: 0,max_ack_delay: 0,state: 13
be0a955bd7d46636: Sending 55 bytes to 11.0.0.1:4443 at T=2.168021 (35d013b58f4d6)
be0a955bd7d46636: Receiving 46 bytes from 11.0.0.1:4443 at T=2.223297 (35d013b59ccc2)
be0a955bd7d46636: Receiving packet type: 6 (1rtt protected), S0, Q1,
be0a955bd7d46636:     <5bd24897ea7ffb84>, Seq: 1 (1), Phi: 0,
be0a955bd7d46636:     Decrypted 17 bytes
be0a955bd7d46636:     handshake_done
be0a955bd7d46636:     padding, 16 bytes

be0a955bd7d46636: T= 2.223297, cwin: 15360,flight: 199,nb_ret: 4,rtt_min: 0,rtt: 250000,rtt_var: 0,max_ack_delay: 0,state: 14
be0a955bd7d46636: Sending packet type: 6 (1rtt protected), S1, Q1,
be0a955bd7d46636:     <0000000000000001>, Seq: 2 (2), Phi: 0,
be0a955bd7d46636:     Prepared 29 bytes
be0a955bd7d46636:     ACK (nb=0), 1
be0a955bd7d46636:     padding, 23 bytes

be0a955bd7d46636: T= 2.224297, cwin: 15360,flight: 254,nb_ret: 4,rtt_min: 0,rtt: 250000,rtt_var: 0,max_ack_delay: 0,state: 14
be0a955bd7d46636: Sending 55 bytes to 11.0.0.1:4443 at T=2.224297 (35d013b59d0aa)
be0a955bd7d46636: T= 3.168019, Lost packet type 6, number 0, size 39, DCID <0000000000000001>, reason: timer
be0a955bd7d46636: Sending packet type: 6 (1rtt protected), S1, Q1,
be0a955bd7d46636:     <0000000000000001>, Seq: 3 (3), Phi: 0,
be0a955bd7d46636:     Prepared 157 bytes
be0a955bd7d46636:     NEW CONNECTION ID[1]: 0x7fccb44a51cdaadb, 85c43d7b5a170f19b919e92bb3475c26
be0a955bd7d46636:     ACK (nb=0), 1
be0a955bd7d46636:     padding, 121 bytes

be0a955bd7d46636: T= 3.168019, cwin: 3072,flight: 382,nb_ret: 5,rtt_min: 0,rtt: 250000,rtt_var: 0,max_ack_delay: 0,state: 14
be0a955bd7d46636: Sending 183 bytes to 11.0.0.1:4443 at T=3.168019 (35d013b683714)
be0a955bd7d46636: T= 3.168022, Lost packet type 6, number 1, size 39, DCID <0000000000000001>, reason: timer
be0a955bd7d46636: Sending packet type: 6 (1rtt protected), S1, Q1,
be0a955bd7d46636:     <0000000000000001>, Seq: 4 (4), Phi: 0,
be0a955bd7d46636:     Prepared 29 bytes
be0a955bd7d46636:     Stream 0, offset 0, length 17, fin = 1: 474554202f696e64...
be0a955bd7d46636:     padding, 9 bytes

be0a955bd7d46636: T= 3.168022, cwin: 3072,flight: 382,nb_ret: 6,rtt_min: 0,rtt: 250000,rtt_var: 0,max_ack_delay: 0,state: 14
be0a955bd7d46636: Sending 55 bytes to 11.0.0.1:4443 at T=3.168022 (35d013b683717)
be0a955bd7d46636: T= 3.224298, Lost packet type 6, number 2, size 39, DCID <0000000000000001>, reason: timer
be0a955bd7d46636: Receiving 47 bytes from 11.0.0.1:4443 at T=3.240823 (35d013b695378)
be0a955bd7d46636: Receiving packet type: 6 (1rtt protected), S0, Q1,
be0a955bd7d46636:     <5bd24897ea7ffb84>, Seq: 2 (2), Phi: 0,
be0a955bd7d46636:     Decrypted 18 bytes
be0a955bd7d46636:     MAX DATA: 0x28.
be0a955bd7d46636:     padding, 16 bytes

be0a955bd7d46636: T= 3.240823, cwin: 3072,flight: 327,nb_ret: 6,rtt_min: 0,rtt: 250000,rtt_var: 0,max_ack_delay: 0,state: 14
be0a955bd7d46636: Sending packet type: 6 (1rtt protected), S1, Q1,
be0a955bd7d46636:     <0000000000000001>, Seq: 5 (5), Phi: 0,
be0a955bd7d46636:     Prepared 29 bytes
be0a955bd7d46636:     ACK (nb=0), 1-2
be0a955bd7d46636:     padding, 23 bytes

be0a955bd7d46636: T= 3.241823, cwin: 3072,flight: 382,nb_ret: 6,rtt_min: 0,rtt: 250000,rtt_var: 0,max_ack_delay: 0,state: 14
be0a955bd7d46636: Sending 55 bytes to 11.0.0.1:4443 at T=3.241823 (35d013b695760)
be0a955bd7d46636: T= 4.168020, Lost packet type 6, number 3, size 167, DCID <0000000000000001>, reason: timer
be0a955bd7d46636: Sending packet type: 6 (1rtt protected), S1, Q1,
be0a955bd7d46636:     <0000000000000001>, Seq: 6 (6), Phi: 0,
be0a955bd7d46636:     Prepared 157 bytes
be0a955bd7d46636:     NEW CONNECTION ID[1]: 0x7fccb44a51cdaadb, 85c43d7b5a170f19b919e92bb3475c26
be0a955bd7d46636:     ACK (nb=0), 1-2
be0a955bd7d46636:     padding, 121 bytes

be0a955bd7d46636: T= 4.168020, cwin: 3072,flight: 382,nb_ret: 7,rtt_min: 0,rtt: 250000,rtt_var: 0,max_ack_delay: 0,state: 14
be0a955bd7d46636: Sending 183 bytes to 11.0.0.1:4443 at T=4.168020 (35d013b777955)
be0a955bd7d46636: T= 4.168025, Lost packet type 6, number 4, size 39, DCID <0000000000000001>, reason: timer
be0a955bd7d46636: Sending packet type: 6 (1rtt protected), S1, Q1,
be0a955bd7d46636:     <0000000000000001>, Seq: 7 (7), Phi: 0,
be0a955bd7d46636:     Prepared 29 bytes
be0a955bd7d46636:     Stream 0, offset 0, length 17, fin = 1: 474554202f696e64...
be0a955bd7d46636:     padding, 9 bytes

be0a955bd7d46636: T= 4.168025, cwin: 3072,flight: 382,nb_ret: 8,rtt_min: 0,rtt: 250000,rtt_var: 0,max_ack_delay: 0,state: 14
be0a955bd7d46636: Sending 55 bytes to 11.0.0.1:4443 at T=4.168025 (35d013b77795a)
be0a955bd7d46636: Receiving 55 bytes from 11.0.0.1:4443 at T=4.178875 (35d013b77a3bc)
be0a955bd7d46636: Receiving packet type: 6 (1rtt protected), S0, Q1,
be0a955bd7d46636:     <7fccb44a51cdaadb>, Seq: 4 (4), Phi: 0,
be0a955bd7d46636:     Decrypted 26 bytes
be0a955bd7d46636:     ACK (nb=0), 0
be0a955bd7d46636:     ACK (nb=0), 1
be0a955bd7d46636:     padding, 16 bytes

be0a955bd7d46636: T= 4.178875, cwin: 5008,flight: 382,nb_ret: 8,rtt_min: 2010849,rtt: 2010849,rtt_var: 1005424,max_ack_delay: 0,state: 14
be0a955bd7d46636: Receiving 55 bytes from 11.0.0.1:4443 at T=4.179144 (35d013b77a4c9)
be0a955bd7d46636: Receiving packet type: 6 (1rtt protected), S0, Q1,
be0a955bd7d46636:     <5bd24897ea7ffb84>, Seq: 5 (5), Phi: 0,
be0a955bd7d46636:     Decrypted 26 bytes
be0a955bd7d46636:     ACK (nb=0), 0
be0a955bd7d46636:     ACK (nb=0), 1
be0a955bd7d46636:     padding, 16 bytes

be0a955bd7d46636: T= 4.179144, cwin: 5008,flight: 382,nb_ret: 8,rtt_min: 2010849,rtt: 2010849,rtt_var: 1005424,max_ack_delay: 0,state: 14
be0a955bd7d46636: Receiving 58 bytes from 11.0.0.1:4443 at T=4.259746 (35d013b78dfa3)
be0a955bd7d46636: Receiving packet type: 6 (1rtt protected), S0, Q1,
be0a955bd7d46636:     <7fccb44a51cdaadb>, Seq: 6 (6), Phi: 0,
be0a955bd7d46636:     Decrypted 29 bytes
be0a955bd7d46636:     Stream 0, offset 0, length 4, fin = 1: 666f6f0a
be0a955bd7d46636:     ACK (nb=0), 2
be0a955bd7d46636:     padding, 16 bytes

Stream 0 ended after 4 bytes
be0a955bd7d46636: Preparing GET on stream 4 for /test.html
Opening stream 4 to GET /test.html
be0a955bd7d46636: T= 4.259746, cwin: 5008,flight: 382,nb_ret: 8,rtt_min: 2010849,rtt: 2010849,rtt_var: 1005424,max_ack_delay: 0,state: 14
be0a955bd7d46636: Sending packet type: 6 (1rtt protected), S1, Q1,
be0a955bd7d46636:     <0000000000000001>, Seq: 8 (8), Phi: 0,
be0a955bd7d46636:     Prepared 29 bytes
be0a955bd7d46636:     ACK (nb=1), 4-6, 1-2
be0a955bd7d46636:     Stream 4, offset 0, length 16, fin = 1: 474554202f746573...
be0a955bd7d46636:     padding, 3 bytes

be0a955bd7d46636: T= 4.259750, cwin: 5008,flight: 437,nb_ret: 8,rtt_min: 2010849,rtt: 2010849,rtt_var: 1005424,max_ack_delay: 0,state: 14
be0a955bd7d46636: Sending 55 bytes to 11.0.0.1:4443 at T=4.259750 (35d013b78dfa7)
be0a955bd7d46636: Receiving 55 bytes from 11.0.0.1:4443 at T=5.223828 (35d013b879595)
be0a955bd7d46636: Receiving packet type: 6 (1rtt protected), S0, Q1,
be0a955bd7d46636:     <7fccb44a51cdaadb>, Seq: 9 (9), Phi: 0,
be0a955bd7d46636:     Decrypted 26 bytes
be0a955bd7d46636:     ACK (nb=0), 3
be0a955bd7d46636:     ACK (nb=0), 4
be0a955bd7d46636:     padding, 16 bytes

be0a955bd7d46636: T= 5.223828, cwin: 5008,flight: 437,nb_ret: 8,rtt_min: 2010849,rtt: 2016465,rtt_var: 765302,max_ack_delay: 0,state: 14
be0a955bd7d46636: Receiving 60 bytes from 11.0.0.1:4443 at T=5.277243 (35d013b88663c)
be0a955bd7d46636: Receiving packet type: 6 (1rtt protected), S0, Q1,
be0a955bd7d46636:     <5bd24897ea7ffb84>, Seq: 10 (10), Phi: 0,
be0a955bd7d46636:     Decrypted 31 bytes
be0a955bd7d46636:     ACK (nb=0), 3
be0a955bd7d46636:     ACK (nb=0), 4
be0a955bd7d46636:     ACK (nb=0), 5
be0a955bd7d46636:     padding, 16 bytes

be0a955bd7d46636: T= 5.277243, cwin: 5047,flight: 382,nb_ret: 8,rtt_min: 2010849,rtt: 2018831,rtt_var: 578712,max_ack_delay: 0,state: 14
be0a955bd7d46636: Receiving 50 bytes from 11.0.0.1:4443 at T=6.188546 (35d013b964e03)
be0a955bd7d46636: Receiving packet type: 6 (1rtt protected), S0, Q1,
be0a955bd7d46636:     <7fccb44a51cdaadb>, Seq: 11 (11), Phi: 0,
be0a955bd7d46636:     Decrypted 21 bytes
be0a955bd7d46636:     ACK (nb=0), 6
be0a955bd7d46636:     padding, 16 bytes

be0a955bd7d46636: T= 6.188546, cwin: 5214,flight: 199,nb_ret: 8,rtt_min: 2010849,rtt: 2019039,rtt_var: 434452,max_ack_delay: 0,state: 14
be0a955bd7d46636: Receiving 50 bytes from 11.0.0.1:4443 at T=6.213805 (35d013b96b0ae)
be0a955bd7d46636: Receiving packet type: 6 (1rtt protected), S0, Q1,
be0a955bd7d46636:     <5bd24897ea7ffb84>, Seq: 12 (12), Phi: 0,
be0a955bd7d46636:     Decrypted 21 bytes
be0a955bd7d46636:     ACK (nb=0), 6
be0a955bd7d46636:     padding, 16 bytes

be0a955bd7d46636: T= 6.213805, cwin: 5214,flight: 199,nb_ret: 8,rtt_min: 2010849,rtt: 2019039,rtt_var: 434452,max_ack_delay: 0,state: 14
be0a955bd7d46636: Receiving 50 bytes from 11.0.0.1:4443 at T=6.219072 (35d013b96c541)
be0a955bd7d46636: Receiving packet type: 6 (1rtt protected), S0, Q1,
be0a955bd7d46636:     <7fccb44a51cdaadb>, Seq: 13 (13), Phi: 0,
be0a955bd7d46636:     Decrypted 21 bytes
be0a955bd7d46636:     ACK (nb=0), 7
be0a955bd7d46636:     padding, 16 bytes

be0a955bd7d46636: T= 6.219072, cwin: 5253,flight: 144,nb_ret: 8,rtt_min: 2010849,rtt: 2023035,rtt_var: 333834,max_ack_delay: 0,state: 14
be0a955bd7d46636: Receiving 58 bytes from 11.0.0.1:4443 at T=6.224370 (35d013b96d9f3)
be0a955bd7d46636: Receiving packet type: 6 (1rtt protected), S0, Q1,
be0a955bd7d46636:     <5bd24897ea7ffb84>, Seq: 14 (14), Phi: 0,
be0a955bd7d46636:     Decrypted 29 bytes
be0a955bd7d46636:     ACK (nb=0), 7
be0a955bd7d46636:     max_streams_unidir: max rank 36924.
be0a955bd7d46636:     MAX DATA: 0x800.
be0a955bd7d46636:     padding, 16 bytes

be0a955bd7d46636: T= 6.224370, cwin: 5253,flight: 144,nb_ret: 8,rtt_min: 2010849,rtt: 2023035,rtt_var: 333834,max_ack_delay: 0,state: 14
be0a955bd7d46636: Receiving 48 bytes from 11.0.0.1:4443 at T=6.449634 (35d013b9a49e3)
be0a955bd7d46636: Receiving packet type: 6 (1rtt protected), S0, Q1,
be0a955bd7d46636:     <7fccb44a51cdaadb>, Seq: 15 (15), Phi: 0,
be0a955bd7d46636:     Decrypted 19 bytes
be0a955bd7d46636:     MAX DATA: 0x800.
be0a955bd7d46636:     padding, 16 bytes

be0a955bd7d46636: T= 6.449634, cwin: 5253,flight: 144,nb_ret: 8,rtt_min: 2010849,rtt: 2023035,rtt_var: 333834,max_ack_delay: 0,state: 14
be0a955bd7d46636: Receiving 48 bytes from 11.0.0.1:4443 at T=6.614887 (35d013b9ccf68)
be0a955bd7d46636: Receiving packet type: 6 (1rtt protected), S0, Q1,
be0a955bd7d46636:     <5bd24897ea7ffb84>, Seq: 16 (16), Phi: 0,
be0a955bd7d46636:     Decrypted 19 bytes
be0a955bd7d46636:     MAX DATA: 0x800.
be0a955bd7d46636:     padding, 16 bytes

be0a955bd7d46636: T= 6.614887, cwin: 5253,flight: 144,nb_ret: 8,rtt_min: 2010849,rtt: 2023035,rtt_var: 333834,max_ack_delay: 0,state: 14
be0a955bd7d46636: Receiving 48 bytes from 11.0.0.1:4443 at T=6.795153 (35d013b9f8f92)
be0a955bd7d46636: Receiving packet type: 6 (1rtt protected), S0, Q1,
be0a955bd7d46636:     <7fccb44a51cdaadb>, Seq: 17 (17), Phi: 0,
be0a955bd7d46636:     Decrypted 19 bytes
be0a955bd7d46636:     MAX DATA: 0x800.
be0a955bd7d46636:     padding, 16 bytes

be0a955bd7d46636: T= 6.795153, cwin: 5253,flight: 144,nb_ret: 8,rtt_min: 2010849,rtt: 2023035,rtt_var: 333834,max_ack_delay: 0,state: 14
be0a955bd7d46636: Receiving 48 bytes from 11.0.0.1:4443 at T=6.795408 (35d013b9f9091)
be0a955bd7d46636: Receiving packet type: 6 (1rtt protected), S0, Q1,
be0a955bd7d46636:     <5bd24897ea7ffb84>, Seq: 18 (18), Phi: 0,
be0a955bd7d46636:     Decrypted 19 bytes
be0a955bd7d46636:     MAX DATA: 0x800.
be0a955bd7d46636:     padding, 16 bytes

be0a955bd7d46636: T= 6.795408, cwin: 5253,flight: 144,nb_ret: 8,rtt_min: 2010849,rtt: 2023035,rtt_var: 333834,max_ack_delay: 0,state: 14
be0a955bd7d46636: T= 7.294302, Lost packet type 6, number 8, size 39, DCID <0000000000000001>, reason: timer
be0a955bd7d46636: Receiving 50 bytes from 11.0.0.1:4443 at T=7.855682 (35d013bafbe43)
be0a955bd7d46636: Receiving packet type: 6 (1rtt protected), S0, Q1,
be0a955bd7d46636:     <7fccb44a51cdaadb>, Seq: 19 (19), Phi: 0,
be0a955bd7d46636:     Decrypted 21 bytes
be0a955bd7d46636:     max_streams_unidir: max rank 58635.
be0a955bd7d46636:     padding, 16 bytes

be0a955bd7d46636: T= 7.855682, cwin: 3072,flight: 89,nb_ret: 9,rtt_min: 2010849,rtt: 2023035,rtt_var: 333834,max_ack_delay: 0,state: 14
be0a955bd7d46636: Receiving 50 bytes from 11.0.0.1:4443 at T=7.860939 (35d013bafd2cc)
be0a955bd7d46636: Receiving packet type: 6 (1rtt protected), S0, Q1,
be0a955bd7d46636:     <5bd24897ea7ffb84>, Seq: 20 (20), Phi: 0,
be0a955bd7d46636:     Decrypted 21 bytes
be0a955bd7d46636:     max_streams_unidir: max rank 58635.
be0a955bd7d46636:     padding, 16 bytes

be0a955bd7d46636: T= 7.860939, cwin: 3072,flight: 89,nb_ret: 9,rtt_min: 2010849,rtt: 2023035,rtt_var: 333834,max_ack_delay: 0,state: 14
be0a955bd7d46636: Receiving 50 bytes from 11.0.0.1:4443 at T=8.331207 (35d013bb6ffc8)
be0a955bd7d46636: Receiving packet type: 6 (1rtt protected), S0, Q1,
be0a955bd7d46636:     <7fccb44a51cdaadb>, Seq: 21 (21), Phi: 0,
be0a955bd7d46636:     Decrypted 21 bytes
be0a955bd7d46636:     max_streams_unidir: max rank 62170.
be0a955bd7d46636:     padding, 16 bytes

be0a955bd7d46636: T= 8.331207, cwin: 3072,flight: 89,nb_ret: 9,rtt_min: 2010849,rtt: 2023035,rtt_var: 333834,max_ack_delay: 0,state: 14
be0a955bd7d46636: Receiving 50 bytes from 11.0.0.1:4443 at T=8.336463 (35d013bb71450)
be0a955bd7d46636: Receiving packet type: 6 (1rtt protected), S0, Q1,
be0a955bd7d46636:     <5bd24897ea7ffb84>, Seq: 22 (22), Phi: 0,
be0a955bd7d46636:     Decrypted 21 bytes
be0a955bd7d46636:     max_streams_unidir: max rank 62170.
be0a955bd7d46636:     padding, 16 bytes

be0a955bd7d46636: T= 8.336463, cwin: 3072,flight: 89,nb_ret: 9,rtt_min: 2010849,rtt: 2023035,rtt_var: 333834,max_ack_delay: 0,state: 14
be0a955bd7d46636: Sending packet type: 6 (1rtt protected), S1, Q1,
be0a955bd7d46636:     <0000000000000001>, Seq: 9 (9), Phi: 0,
be0a955bd7d46636:     Prepared 29 bytes
be0a955bd7d46636:     ACK (nb=1), 9-22, 4-6
be0a955bd7d46636:     Stream 4, offset 0, length 16, fin = 1: 474554202f746573...
be0a955bd7d46636:     padding, 2 bytes

be0a955bd7d46636: T= 8.400229, cwin: 3072,flight: 144,nb_ret: 9,rtt_min: 2010849,rtt: 2023035,rtt_var: 333834,max_ack_delay: 0,state: 14
be0a955bd7d46636: Sending 55 bytes to 11.0.0.1:4443 at T=8.400229 (35d013bb80d66)
be0a955bd7d46636: Receiving 50 bytes from 11.0.0.1:4443 at T=8.511733 (35d013bb9c0f6)
be0a955bd7d46636: Receiving packet type: 6 (1rtt protected), S0, Q1,
be0a955bd7d46636:     <7fccb44a51cdaadb>, Seq: 23 (23), Phi: 0,
be0a955bd7d46636:     Decrypted 21 bytes
be0a955bd7d46636:     max_streams_unidir: max rank 17858.
be0a955bd7d46636:     padding, 16 bytes

be0a955bd7d46636: T= 8.511733, cwin: 3072,flight: 144,nb_ret: 9,rtt_min: 2010849,rtt: 2023035,rtt_var: 333834,max_ack_delay: 0,state: 14
be0a955bd7d46636: Receiving 50 bytes from 11.0.0.1:4443 at T=8.511994 (35d013bb9c1fb)
be0a955bd7d46636: Receiving packet type: 6 (1rtt protected), S0, Q1,
be0a955bd7d46636:     <5bd24897ea7ffb84>, Seq: 24 (24), Phi: 0,
be0a955bd7d46636:     Decrypted 21 bytes
be0a955bd7d46636:     max_streams_unidir: max rank 17858.
be0a955bd7d46636:     padding, 16 bytes

be0a955bd7d46636: T= 8.511994, cwin: 3072,flight: 144,nb_ret: 9,rtt_min: 2010849,rtt: 2023035,rtt_var: 333834,max_ack_delay: 0,state: 14
be0a955bd7d46636: Receiving 50 bytes from 11.0.0.1:4443 at T=8.652266 (35d013bbbe5eb)
be0a955bd7d46636: Receiving packet type: 6 (1rtt protected), S0, Q1,
be0a955bd7d46636:     <7fccb44a51cdaadb>, Seq: 25 (25), Phi: 0,
be0a955bd7d46636:     Decrypted 21 bytes
be0a955bd7d46636:     max_streams_unidir: max rank 32051.
be0a955bd7d46636:     padding, 16 bytes

be0a955bd7d46636: T= 8.652266, cwin: 3072,flight: 144,nb_ret: 9,rtt_min: 2010849,rtt: 2023035,rtt_var: 333834,max_ack_delay: 0,state: 14
be0a955bd7d46636: Receiving 50 bytes from 11.0.0.1:4443 at T=8.707527 (35d013bbcbdc8)
be0a955bd7d46636: Receiving packet type: 6 (1rtt protected), S0, Q1,
be0a955bd7d46636:     <5bd24897ea7ffb84>, Seq: 26 (26), Phi: 0,
be0a955bd7d46636:     Decrypted 21 bytes
be0a955bd7d46636:     max_streams_unidir: max rank 3