Starting Picoquic server (v1.01a) on port 4443, server name = ::, just_once = 0, do_retry = 0
Server exit, ret = 0xffffffff
Server exit with code = -1
