< show_socket(0x4)
< show_set_initial_keys([0xbe,0xa,0x95,0x5b,0xd7,0xd4,0x66,0x36])
< prot.show_header({hdr_long:0x1,hdr_type:0x47,dcid:13693921838668998198,scid:6616430619872197508,payload_length:0x4ca,token_length:0,payload_length_pos:0x18,pkt_num_pos:0x1a})
< prot.show_token_len(0x4)
