Starting Picoquic (v1.01a) connection to server = 11.0.0.1, port = 4443
Testing scenario: <0:index.html;4:test.html;8:/1234567;12:main.jpg;16:war-and-peace.txt;20:en/latest/;24:/file-123K>
be0a955bd7d46636: No root crt list specified -- certificate will not be verified.

Max stream id bidir remote before start = 0 (0)
be0a955bd7d46636: Sending ALPN list (1): hq-29
be0a955bd7d46636: Sending transport parameter TLS extension (83 bytes):
be0a955bd7d46636:     Extension list (83 bytes):
be0a955bd7d46636:         Extension type: 5 (max_stream_data_bidi_local), length 4, 80200000
be0a955bd7d46636:         Extension type: 4 (initial_max_data), length 4, 80100000
be0a955bd7d46636:         Extension type: 8 (max_streams_bidi), length 2, 4201
be0a955bd7d46636:         Extension type: 1 (idle_timeout), length 4, 80007530
be0a955bd7d46636:         Extension type: 3 (max_packet_size), length 2, 45a0
be0a955bd7d46636:         Extension type: 9 (max_streams_uni), length 2, 4201
be0a955bd7d46636:         Extension type: 6 (max_stream_data_bidi_remote), length 4, 80010063
be0a955bd7d46636:         Extension type: 7 (max_stream_data_uni), length 4, 8000ffff
be0a955bd7d46636:         Extension type: 14 (active_connection_id_limit), length 1, 08
be0a955bd7d46636:         Extension type: 11 (max_ack_delay), length 1, 0a
be0a955bd7d46636:         Extension type: 15 (hcid), length 8, 5bd24897ea7ffb84
be0a955bd7d46636:         Extension type: 5948 (unknown), length 2, 4a95
be0a955bd7d46636:         Extension type: 4278378010 (min_ack_delay), length 2, 43e8
be0a955bd7d46636:         Extension type: 29016 (enable_time_stamp), length 1, 03
be0a955bd7d46636:         Extension type: 10930 (grease_quic_bit), length 0
Starting client connection. Version = ff00001d, I-CID: be0a955bd7d46636
Max stream id bidir remote after start = 0 (0)
Waiting for packets.
be0a955bd7d46636: Sending packet type: 2 (initial), S0, Q1, Version ff00001d,
be0a955bd7d46636:     <be0a955bd7d46636>, <5bd24897ea7ffb84>, Seq: 0, pl: 1226
be0a955bd7d46636:     Token length: 0
be0a955bd7d46636:     Prepared 1206 bytes
be0a955bd7d46636:     ping, 1 bytes
be0a955bd7d46636:     Crypto HS frame, offset 0, length 287: 0100011b03031789...
be0a955bd7d46636:     padding, 914 bytes

be0a955bd7d46636: Sending 1252 bytes to 11.0.0.1:4443 at T=0.000043 (35d013b37e02c)
be0a955bd7d46636: T= 0.250044, Lost packet type 2, number 0, size 1236, DCID <>, reason: timer
be0a955bd7d46636: Sending packet type: 2 (initial), S0, Q1, Version ff00001d,
be0a955bd7d46636:     <be0a955bd7d46636>, <5bd24897ea7ffb84>, Seq: 1, pl: 1226
be0a955bd7d46636:     Token length: 0
be0a955bd7d46636:     Prepared 1206 bytes
be0a955bd7d46636:     ping, 1 bytes
be0a955bd7d46636:     Crypto HS frame, offset 0, length 287: 0100011b03031789...
be0a955bd7d46636:     padding, 914 bytes

be0a955bd7d46636: Sending 1252 bytes to 11.0.0.1:4443 at T=0.250044 (35d013b3bb0bd)
be0a955bd7d46636: T= 0.500045, Lost packet type 2, number 1, size 1236, DCID <>, reason: timer
be0a955bd7d46636: Sending packet type: 2 (initial), S0, Q1, Version ff00001d,
be0a955bd7d46636:     <be0a955bd7d46636>, <5bd24897ea7ffb84>, Seq: 2, pl: 1226
be0a955bd7d46636:     Token length: 0
be0a955bd7d46636:     Prepared 1206 bytes
be0a955bd7d46636:     ping, 1 bytes
be0a955bd7d46636:     Crypto HS frame, offset 0, length 287: 0100011b03031789...
be0a955bd7d46636:     padding, 914 bytes

be0a955bd7d46636: Sending 1252 bytes to 11.0.0.1:4443 at T=0.500045 (35d013b3f814e)
be0a955bd7d46636: T= 1.000046, Lost packet type 2, number 2, size 1236, DCID <>, reason: timer
be0a955bd7d46636: Sending packet type: 2 (initial), S0, Q1, Version ff00001d,
be0a955bd7d46636:     <be0a955bd7d46636>, <5bd24897ea7ffb84>, Seq: 3, pl: 1226
be0a955bd7d46636:     Token length: 0
be0a955bd7d46636:     Prepared 1206 bytes
be0a955bd7d46636:     ping, 1 bytes
be0a955bd7d46636:     Crypto HS frame, offset 0, length 287: 0100011b03031789...
be0a955bd7d46636:     padding, 914 bytes

be0a955bd7d46636: Sending 1252 bytes to 11.0.0.1:4443 at T=1.000046 (35d013b47226f)
be0a955bd7d46636: T= 1.500047, Lost packet type 2, number 3, size 1236, DCID <>, reason: timer
be0a955bd7d46636: Sending packet type: 2 (initial), S0, Q1, Version ff00001d,
be0a955bd7d46636:     <be0a955bd7d46636>, <5bd24897ea7ffb84>, Seq: 4, pl: 1226
be0a955bd7d46636:     Token length: 0
be0a955bd7d46636:     Prepared 1206 bytes
be0a955bd7d46636:     ping, 1 bytes
be0a955bd7d46636:     Crypto HS frame, offset 0, length 287: 0100011b03031789...
be0a955bd7d46636:     padding, 914 bytes

be0a955bd7d46636: Sending 1252 bytes to 11.0.0.1:4443 at T=1.500047 (35d013b4ec390)
be0a955bd7d46636: Receiving 1232 bytes from 11.0.0.1:4443 at T=2.144988 (35d013b589add)
be0a955bd7d46636: Receiving packet type: 2 (initial), S0, Q1, Version ff00001d,
be0a955bd7d46636:     <5bd24897ea7ffb84>, <0000000000000001>, Seq: 1, pl: 1206
be0a955bd7d46636:     Token length: 0
be0a955bd7d46636:     Decrypted 1186 bytes
be0a955bd7d46636:     Crypto HS frame, offset 0, length 123: 020000770303cfbd...
be0a955bd7d46636:     padding, 1059 bytes

be0a955bd7d46636: Sending packet type: 4 (handshake), S0, Q1, Version ff00001d,
be0a955bd7d46636:     <0000000000000001>, <5bd24897ea7ffb84>, Seq: 0, pl: 21
be0a955bd7d46636:     Prepared 1 bytes
be0a955bd7d46636:     ping, 1 bytes

be0a955bd7d46636: Sending 46 bytes to 11.0.0.1:4443 at T=2.154988 (35d013b58c1ed)
be0a955bd7d46636: Receiving 1419 bytes from 11.0.0.1:4443 at T=2.493504 (35d013b5dec41)
be0a955bd7d46636: Receiving packet type: 4 (handshake), S0, Q1, Version ff00001d,
be0a955bd7d46636:     <5bd24897ea7ffb84>, <0000000000000001>, Seq: 1, pl: 1394
be0a955bd7d46636:     Decrypted 1374 bytes
be0a955bd7d46636:     Crypto HS frame, offset 0, length 1354: 0800005600540000...
be0a955bd7d46636:     padding, 16 bytes

be0a955bd7d46636: Received transport parameter TLS extension (64 bytes):
be0a955bd7d46636:     Extension list (64 bytes):
be0a955bd7d46636:         Extension type: 5 (max_stream_data_bidi_local), length 4, 83b1afa5
be0a955bd7d46636:         Extension type: 4 (initial_max_data), length 4, 83b1afa5
be0a955bd7d46636:         Extension type: 1 (idle_timeout), length 4, 8fffffff
be0a955bd7d46636:         Extension type: 6 (max_stream_data_bidi_remote), length 4, 83b1afa5
be0a955bd7d46636:         Extension type: 7 (max_stream_data_uni), length 4, 83b1afa5
be0a955bd7d46636:         Extension type: 8 (max_streams_bidi), length 2, 40c8
be0a955bd7d46636:         Extension type: 15 (hcid), length 8, 0000000000000001
be0a955bd7d46636:         Extension type: 0 (ocid), length 8, be0a955bd7d46636
be0a955bd7d46636:         Extension type: 9 (max_streams_uni), length 4, 80007e6d
be0a955bd7d46636:         Extension type: 3 (max_packet_size), length 2, 45dc
Negotiated ALPN: hq-29
be0a955bd7d46636: Negotiated ALPN: hq-29
Almost ready!

be0a955bd7d46636: Sending packet type: 4 (handshake), S0, Q1, Version ff00001d,
be0a955bd7d46636:     <0000000000000001>, <5bd24897ea7ffb84>, Seq: 1, pl: 64
be0a955bd7d46636:     Prepared 44 bytes
be0a955bd7d46636:     ACK (nb=0), 1
be0a955bd7d46636:     Crypto HS frame, offset 0, length 36: 14000020ad730253...

be0a955bd7d46636: Sending packet type: 6 (1rtt protected), S0, Q1,
be0a955bd7d46636:     <0000000000000001>, Seq: 0 (0), Phi: 0,
be0a955bd7d46636:     Prepared 29 bytes
be0a955bd7d46636:     NEW CONNECTION ID[1]: 0x7fccb44a51cdaadb, 85c43d7b5a170f19b919e92bb3475c26
be0a955bd7d46636:     padding, 1 bytes

be0a955bd7d46636: T= 2.493505, cwin: 15360,flight: 190,nb_ret: 4,rtt_min: 0,rtt: 250000,rtt_var: 0,max_ack_delay: 0,state: 13
be0a955bd7d46636: Sending 144 bytes to 11.0.0.1:4443 at T=2.493505 (35d013b5dec42)
Connection established. Version = ff00001d, I-CID: be0a955bd7d46636, verified: 1
be0a955bd7d46636: Connection established. Version = ff00001d, I-CID: be0a955bd7d46636, verified: 1
be0a955bd7d46636: Preparing GET on stream 0 for /index.html
Opening stream 0 to GET /index.html
be0a955bd7d46636: Sending packet type: 6 (1rtt protected), S0, Q1,
be0a955bd7d46636:     <0000000000000001>, Seq: 1 (1), Phi: 0,
be0a955bd7d46636:     Prepared 29 bytes
be0a955bd7d46636:     Stream 0, offset 0, length 17, fin = 1: 474554202f696e64...
be0a955bd7d46636:     padding, 9 bytes

be0a955bd7d46636: T= 2.493508, cwin: 15360,flight: 245,nb_ret: 4,rtt_min: 0,rtt: 250000,rtt_var: 0,max_ack_delay: 0,state: 13
be0a955bd7d46636: Sending 55 bytes to 11.0.0.1:4443 at T=2.493508 (35d013b5dec45)
be0a955bd7d46636: Receiving 46 bytes from 11.0.0.1:4443 at T=2.635765 (35d013b6017f6)
be0a955bd7d46636: Receiving packet type: 6 (1rtt protected), S0, Q1,
be0a955bd7d46636:     <5bd24897ea7ffb84>, Seq: 1 (1), Phi: 0,
be0a955bd7d46636:     Decrypted 17 bytes
be0a955bd7d46636:     handshake_done
be0a955bd7d46636:     padding, 16 bytes

be0a955bd7d46636: T= 2.635765, cwin: 15360,flight: 199,nb_ret: 4,rtt_min: 0,rtt: 250000,rtt_var: 0,max_ack_delay: 0,state: 14
be0a955bd7d46636: Sending packet type: 6 (1rtt protected), S1, Q1,
be0a955bd7d46636:     <0000000000000001>, Seq: 2 (2), Phi: 0,
be0a955bd7d46636:     Prepared 29 bytes
be0a955bd7d46636:     ACK (nb=0), 1
be0a955bd7d46636:     padding, 23 bytes

be0a955bd7d46636: T= 2.636765, cwin: 15360,flight: 254,nb_ret: 4,rtt_min: 0,rtt: 250000,rtt_var: 0,max_ack_delay: 0,state: 14
be0a955bd7d46636: Sending 55 bytes to 11.0.0.1:4443 at T=2.636765 (35d013b601bde)
be0a955bd7d46636: T= 3.493506, Lost packet type 6, number 0, size 39, DCID <0000000000000001>, reason: timer
be0a955bd7d46636: Sending packet type: 6 (1rtt protected), S1, Q1,
be0a955bd7d46636:     <0000000000000001>, Seq: 3 (3), Phi: 0,
be0a955bd7d46636:     Prepared 157 bytes
be0a955bd7d46636:     NEW CONNECTION ID[1]: 0x7fccb44a51cdaadb, 85c43d7b5a170f19b919e92bb3475c26
be0a955bd7d46636:     ACK (nb=0), 1
be0a955bd7d46636:     padding, 121 bytes

be0a955bd7d46636: T= 3.493506, cwin: 3072,flight: 382,nb_ret: 5,rtt_min: 0,rtt: 250000,rtt_var: 0,max_ack_delay: 0,state: 14
be0a955bd7d46636: Sending 183 bytes to 11.0.0.1:4443 at T=3.493506 (35d013b6d2e83)
be0a955bd7d46636: T= 3.493509, Lost packet type 6, number 1, size 39, DCID <0000000000000001>, reason: timer
be0a955bd7d46636: Sending packet type: 6 (1rtt protected), S1, Q1,
be0a955bd7d46636:     <0000000000000001>, Seq: 4 (4), Phi: 0,
be0a955bd7d46636:     Prepared 29 bytes
be0a955bd7d46636:     Stream 0, offset 0, length 17, fin = 1: 474554202f696e64...
be0a955bd7d46636:     padding, 9 bytes

be0a955bd7d46636: T= 3.493509, cwin: 3072,flight: 382,nb_ret: 6,rtt_min: 0,rtt: 250000,rtt_var: 0,max_ack_delay: 0,state: 14
be0a955bd7d46636: Sending 55 bytes to 11.0.0.1:4443 at T=3.493509 (35d013b6d2e86)
be0a955bd7d46636: T= 3.636766, Lost packet type 6, number 2, size 39, DCID <0000000000000001>, reason: timer
be0a955bd7d46636: T= 4.493507, Lost packet type 6, number 3, size 167, DCID <0000000000000001>, reason: timer
be0a955bd7d46636: Sending packet type: 6 (1rtt protected), S1, Q1,
be0a955bd7d46636:     <0000000000000001>, Seq: 5 (5), Phi: 0,
be0a955bd7d46636:     Prepared 157 bytes
be0a955bd7d46636:     NEW CONNECTION ID[1]: 0x7fccb44a51cdaadb, 85c43d7b5a170f19b919e92bb3475c26
be0a955bd7d46636:     ACK (nb=0), 1
be0a955bd7d46636:     padding, 121 bytes

be0a955bd7d46636: T= 4.493507, cwin: 3072,flight: 327,nb_ret: 7,rtt_min: 0,rtt: 250000,rtt_var: 0,max_ack_delay: 0,state: 14
be0a955bd7d46636: Sending 183 bytes to 11.0.0.1:4443 at T=4.493507 (35d013b7c70c4)
be0a955bd7d46636: T= 4.493510, Lost packet type 6, number 4, size 39, DCID <0000000000000001>, reason: timer
be0a955bd7d46636: Sending packet type: 6 (1rtt protected), S1, Q1,
be0a955bd7d46636:     <0000000000000001>, Seq: 6 (6), Phi: 0,
be0a955bd7d46636:     Prepared 29 bytes
be0a955bd7d46636:     Stream 0, offset 0, length 17, fin = 1: 474554202f696e64...
be0a955bd7d46636:     padding, 9 bytes

be0a955bd7d46636: T= 4.493510, cwin: 3072,flight: 327,nb_ret: 8,rtt_min: 0,rtt: 250000,rtt_var: 0,max_ack_delay: 0,state: 14
be0a955bd7d46636: Sending 55 bytes to 11.0.0.1:4443 at T=4.493510 (35d013b7c70c7)
be0a955bd7d46636: Receiving 50 bytes from 11.0.0.1:4443 at T=4.569344 (35d013b7d9901)
be0a955bd7d46636: Receiving packet type: 6 (1rtt protected), S0, Q1,
be0a955bd7d46636:     <7fccb44a51cdaadb>, Seq: 2 (2), Phi: 0,
be0a955bd7d46636:     Decrypted 21 bytes
be0a955bd7d46636:     ACK (nb=0), 0
be0a955bd7d46636:     padding, 16 bytes

be0a955bd7d46636: T= 4.569344, cwin: 5008,flight: 327,nb_ret: 8,rtt_min: 2075831,rtt: 2075831,rtt_var: 1037915,max_ack_delay: 0,state: 14
be0a955bd7d46636: Receiving 55 bytes from 11.0.0.1:4443 at T=4.584899 (35d013b7dd5c4)
be0a955bd7d46636: Receiving packet type: 6 (1rtt protected), S0, Q1,
be0a955bd7d46636:     <7fccb44a51cdaadb>, Seq: 4 (4), Phi: 0,
be0a955bd7d46636:     Decrypted 26 bytes
be0a955bd7d46636:     MAX DATA: 0x28.
be0a955bd7d46636:     Stream 0, offset 0, length 4, fin = 1: 666f6f0a
be0a955bd7d46636:     padding, 16 bytes

Stream 0 ended after 4 bytes
be0a955bd7d46636: Preparing GET on stream 4 for /test.html
Opening stream 4 to GET /test.html
be0a955bd7d46636: T= 4.584899, cwin: 5008,flight: 327,nb_ret: 8,rtt_min: 2075831,rtt: 2075831,rtt_var: 1037915,max_ack_delay: 0,state: 14
be0a955bd7d46636: Sending packet type: 6 (1rtt protected), S1, Q1,
be0a955bd7d46636:     <0000000000000001>, Seq: 7 (7), Phi: 0,
be0a955bd7d46636:     Prepared 29 bytes
be0a955bd7d46636:     ACK (nb=1), 4, 1-2
be0a955bd7d46636:     Stream 4, offset 0, length 16, fin = 1: 474554202f746573...
be0a955bd7d46636:     padding, 3 bytes

be0a955bd7d46636: T= 4.584903, cwin: 5008,flight: 382,nb_ret: 8,rtt_min: 2075831,rtt: 2075831,rtt_var: 1037915,max_ack_delay: 0,state: 14
be0a955bd7d46636: Sending 55 bytes to 11.0.0.1:4443 at T=4.584903 (35d013b7dd5c8)
be0a955bd7d46636: Receiving 55 bytes from 11.0.0.1:4443 at T=4.600155 (35d013b7e115c)
be0a955bd7d46636: Receiving packet type: 6 (1rtt protected), S0, Q1,
be0a955bd7d46636:     <5bd24897ea7ffb84>, Seq: 5 (5), Phi: 0,
be0a955bd7d46636:     Decrypted 26 bytes
be0a955bd7d46636:     MAX DATA: 0x28.
be0a955bd7d46636:     Stream 0, offset 0, length 4, fin = 1: 666f6f0a
be0a955bd7d46636:     padding, 16 bytes

be0a955bd7d46636: T= 4.600155, cwin: 5008,flight: 382,nb_ret: 8,rtt_min: 2075831,rtt: 2075831,rtt_var: 1037915,max_ack_delay: 0,state: 14
be0a955bd7d46636: Sending packet type: 6 (1rtt protected), S1, Q1,
be0a955bd7d46636:     <0000000000000001>, Seq: 8 (8), Phi: 0,
be0a955bd7d46636:     Prepared 29 bytes
be0a955bd7d46636:     ACK (nb=1), 4-5, 1-2
be0a955bd7d46636:     padding, 22 bytes

be0a955bd7d46636: T= 4.600156, cwin: 5008,flight: 437,nb_ret: 8,rtt_min: 2075831,rtt: 2075831,rtt_var: 1037915,max_ack_delay: 0,state: 14
be0a955bd7d46636: Sending 55 bytes to 11.0.0.1:4443 at T=4.600156 (35d013b7e115d)
be0a955bd7d46636: Receiving 50 bytes from 11.0.0.1:4443 at T=4.802158 (35d013b81266f)
be0a955bd7d46636: Receiving packet type: 6 (1rtt protected), S0, Q1,
be0a955bd7d46636:     <7fccb44a51cdaadb>, Seq: 6 (6), Phi: 0,
be0a955bd7d46636:     Decrypted 21 bytes
be0a955bd7d46636:     ACK (nb=0), 2
be0a955bd7d46636:     padding, 16 bytes

be0a955bd7d46636: T= 4.802158, cwin: 5008,flight: 437,nb_ret: 8,rtt_min: 2075831,rtt: 2075831,rtt_var: 1037915,max_ack_delay: 0,state: 14
be0a955bd7d46636: Receiving 55 bytes from 11.0.0.1:4443 at T=5.689293 (35d013b8eafce)
be0a955bd7d46636: Receiving packet type: 6 (1rtt protected), S0, Q1,
be0a955bd7d46636:     <5bd24897ea7ffb84>, Seq: 9 (9), Phi: 0,
be0a955bd7d46636:     Decrypted 26 bytes
be0a955bd7d46636:     ACK (nb=0), 3
be0a955bd7d46636:     ACK (nb=0), 4
be0a955bd7d46636:     padding, 16 bytes

be0a955bd7d46636: T= 5.689293, cwin: 5008,flight: 437,nb_ret: 8,rtt_min: 2075831,rtt: 2090821,rtt_var: 808419,max_ack_delay: 0,state: 14
be0a955bd7d46636: Receiving 47 bytes from 11.0.0.1:4443 at T=5.929543 (35d013b925a48)
be0a955bd7d46636: Receiving packet type: 6 (1rtt protected), S0, Q1,
be0a955bd7d46636:     <7fccb44a51cdaadb>, Seq: 10 (10), Phi: 0,
be0a955bd7d46636:     Decrypted 18 bytes
be0a955bd7d46636:     MAX DATA: 0x28.
be0a955bd7d46636:     padding, 16 bytes

be0a955bd7d46636: T= 5.929543, cwin: 5008,flight: 437,nb_ret: 8,rtt_min: 2075831,rtt: 2090821,rtt_var: 808419,max_ack_delay: 0,state: 14
be0a955bd7d46636: Sending packet type: 6 (1rtt protected), S1, Q1,
be0a955bd7d46636:     <0000000000000001>, Seq: 9 (9), Phi: 0,
be0a955bd7d46636:     Prepared 29 bytes
be0a955bd7d46636:     ACK (nb=2), 9-10, 4-6, 1-2
be0a955bd7d46636:     padding, 20 bytes

be0a955bd7d46636: T= 5.929544, cwin: 5008,flight: 492,nb_ret: 8,rtt_min: 2075831,rtt: 2090821,rtt_var: 808419,max_ack_delay: 0,state: 14
be0a955bd7d46636: Sending 55 bytes to 11.0.0.1:4443 at T=5.929544 (35d013b925a49)
be0a955bd7d46636: Receiving 47 bytes from 11.0.0.1:4443 at T=5.959791 (35d013b92d070)
be0a955bd7d46636: Receiving packet type: 6 (1rtt protected), S0, Q1,
be0a955bd7d46636:     <5bd24897ea7ffb84>, Seq: 11 (11), Phi: 0,
be0a955bd7d46636:     Decrypted 18 bytes
be0a955bd7d46636:     MAX DATA: 0x28.
be0a955bd7d46636:     padding, 16 bytes

be0a955bd7d46636: T= 5.959791, cwin: 5008,flight: 492,nb_ret: 8,rtt_min: 2075831,rtt: 2090821,rtt_var: 808419,max_ack_delay: 0,state: 14
be0a955bd7d46636: Sending packet type: 6 (1rtt protected), S1, Q1,
be0a955bd7d46636:     <0000000000000001>, Seq: 10 (10), Phi: 0,
be0a955bd7d46636:     Prepared 29 bytes
be0a955bd7d46636:     ACK (nb=2), 9-11, 4-6, 1-2
be0a955bd7d46636:     padding, 19 bytes

be0a955bd7d46636: T= 5.969791, cwin: 5008,flight: 547,nb_ret: 8,rtt_min: 2075831,rtt: 2090821,rtt_var: 808419,max_ack_delay: 0,state: 14
be0a955bd7d46636: Sending 55 bytes to 11.0.0.1:4443 at T=5.969791 (35d013b92f780)
be0a955bd7d46636: Receiving 50 bytes from 11.0.0.1:4443 at T=6.569022 (35d013b9c1c3f)
be0a955bd7d46636: Receiving packet type: 6 (1rtt protected), S0, Q1,
be0a955bd7d46636:     <7fccb44a51cdaadb>, Seq: 12 (12), Phi: 0,
be0a955bd7d46636:     Decrypted 21 bytes
be0a955bd7d46636:     ACK (nb=0), 5
be0a955bd7d46636:     padding, 16 bytes

be0a955bd7d46636: T= 6.569022, cwin: 5175,flight: 364,nb_ret: 8,rtt_min: 2075507,rtt: 2088907,rtt_var: 610143,max_ack_delay: 0,state: 14
be0a955bd7d46636: Receiving 50 bytes from 11.0.0.1:4443 at T=6.569272 (35d013b9c1d39)
be0a955bd7d46636: Receiving packet type: 6 (1rtt protected), S0, Q1,
be0a955bd7d46636:     <5bd24897ea7ffb84>, Seq: 13 (13), Phi: 0,
be0a955bd7d46636:     Decrypted 21 bytes
be0a955bd7d46636:     ACK (nb=0), 5
be0a955bd7d46636:     padding, 16 bytes

be0a955bd7d46636: T= 6.569272, cwin: 5175,flight: 364,nb_ret: 8,rtt_min: 2075507,rtt: 2088907,rtt_var: 610143,max_ack_delay: 0,state: 14
be0a955bd7d46636: Receiving 50 bytes from 11.0.0.1:4443 at T=6.584526 (35d013b9c58cf)
be0a955bd7d46636: Receiving packet type: 6 (1rtt protected), S0, Q1,
be0a955bd7d46636:     <7fccb44a51cdaadb>, Seq: 14 (14), Phi: 0,
be0a955bd7d46636:     Decrypted 21 bytes
be0a955bd7d46636:     ACK (nb=0), 6
be0a955bd7d46636:     padding, 16 bytes

be0a955bd7d46636: T= 6.584526, cwin: 5214,flight: 309,nb_ret: 8,rtt_min: 2075507,rtt: 2089167,rtt_var: 458129,max_ack_delay: 0,state: 14
be0a955bd7d46636: Receiving 50 bytes from 11.0.0.1:4443 at T=6.615284 (35d013b9cd0f5)
be0a955bd7d46636: Receiving packet type: 6 (1rtt protected), S0, Q1,
be0a955bd7d46636:     <5bd24897ea7ffb84>, Seq: 15 (15), Phi: 0,
be0a955bd7d46636:     Decrypted 21 bytes
be0a955bd7d46636:     ACK (nb=0), 6
be0a955bd7d46636:     padding, 16 bytes

be0a955bd7d46636: T= 6.615284, cwin: 5214,flight: 309,nb_ret: 8,rtt_min: 2075507,rtt: 2089167,rtt_var: 458129,max_ack_delay: 0,state: 14
be0a955bd7d46636: Receiving 50 bytes from 11.0.0.1:4443 at T=6.870546 (35d013ba0b613)
be0a955bd7d46636: Receiving packet type: 6 (1rtt protected), S0, Q1,
be0a955bd7d46636:     <7fccb44a51cdaadb>, Seq: 16 (16), Phi: 0,
be0a955bd7d46636:     Decrypted 21 bytes
be0a955bd7d46636:     ACK (nb=0), 7
be0a955bd7d46636:     padding, 16 bytes

be0a955bd7d46636: T= 6.870546, cwin: 5253,flight: 254,nb_ret: 8,rtt_min: 2075507,rtt: 2113723,rtt_var: 392711,max_ack_delay: 0,state: 14
be0a955bd7d46636: Receiving 58 bytes from 11.0.0.1:4443 at T=7.140814 (35d013ba4d5cf)
be0a955bd7d46636: Receiving packet type: 6 (1rtt protected), S0, Q1,
be0a955bd7d46636:     <5bd24897ea7ffb84>, Seq: 17 (17), Phi: 0,
be0a955bd7d46636:     Decrypted 29 bytes
be0a955bd7d46636:     ACK (nb=0), 7
be0a955bd7d46636:     Stream 4, offset 0, length 4, fin = 1: 666f6f0a
be0a955bd7d46636:     padding, 16 bytes

Stream 4 ended after 4 bytes
be0a955bd7d46636: Preparing GET on stream 8 for /1234567
Opening stream 8 to GET /1234567
be0a955bd7d46636: T= 7.140814, cwin: 5253,flight: 254,nb_ret: 8,rtt_min: 2075507,rtt: 2113723,rtt_var: 392711,max_ack_delay: 0,state: 14
be0a955bd7d46636: Sending packet type: 6 (1rtt protected), S1, Q1,
be0a955bd7d46636:     <0000000000000001>, Seq: 11 (11), Phi: 0,
be0a955bd7d46636:     Prepared 29 bytes
be0a955bd7d46636:     ACK (nb=1), 9-17, 4-6
be0a955bd7d46636:     Stream 8, offset 0, length 14, fin = 1: 474554202f313233...
be0a955bd7d46636:     padding, 2 bytes

be0a955bd7d46636: T= 7.743213, cwin: 5253,flight: 309,nb_ret: 8,rtt_min: 2075507,rtt: 2113723,rtt_var: 392711,max_ack_delay: 0,state: 14
be0a955bd7d46636: Sending 55 bytes to 11.0.0.1:4443 at T=7.743213 (35d013bae06ee)
be0a955bd7d46636: T= 7.770741, Lost packet type 6, number 8, size 39, DCID <0000000000000001>, reason: timer
be0a955bd7d46636: Receiving 50 bytes from 11.0.0.1:4443 at T=8.120158 (35d013bb3c75f)
be0a955bd7d46636: Receiving packet type: 6 (1rtt protected), S0, Q1,
be0a955bd7d46636:     <7fccb44a51cdaadb>, Seq: 18 (18), Phi: 0,
be0a955bd7d46636:     Decrypted 21 bytes
be0a955bd7d46636:     ACK (nb=0), 9
be0a955bd7d46636:     padding, 16 bytes

be0a955bd7d46636: T= 8.120158, cwin: 5292,flight: 199,nb_ret: 8,rtt_min: 2075507,rtt: 2123331,rtt_var: 313751,max_ack_delay: 0,state: 14
be0a955bd7d46636: Receiving 50 bytes from 11.0.0.1:4443 at T=8.135408 (35d013bb402f1)
be0a955bd7d46636: Receiving packet type: 6 (1rtt protected), S0, Q1,
be0a955bd7d46636:     <5bd24897ea7ffb84>, Seq: 19 (19), Phi: 0,
be0a955bd7d46636:     Decrypted 21 bytes
be0a955bd7d46636:     ACK (nb=0), 9
be0a955bd7d46636:     padding, 16 bytes

be0a955bd7d46636: T= 8.135408, cwin: 5292,flight: 199,nb_ret: 8,rtt_min: 2075507,rtt: 2123331,rtt_var: 313751,max_ack_delay: 0,state: 14
be0a955bd7d46636: T= 9.154788, Lost packet type 6, number 10, size 39, DCID <0000000000000001>, reason: timer
be0a955bd7d46636: Receiving 58 bytes from 11.0.0.1:4443 at T=10.028628 (35d013bd0e655)
be0a955bd7d46636: Receiving packet type: 6 (1rtt protected), S0, Q1,
be0a955bd7d46636:     <7fccb44a51cdaadb>, Seq: 20 (20), Phi: 0,
be0a955bd7d46636:     Decrypted 29 bytes
be0a955bd7d46636:     ACK (nb=0), 11
be0a955bd7d46636:     Stream 8, offset 0, length 4, fin = 1: 666f6f0a
be0a955bd7d46636:     padding, 16 bytes

Stream 8 ended after 4 bytes
be0a955bd7d46636: Preparing GET on stream 12 for /main.jpg
Opening stream 12 to GET /main.jpg
be0a955bd7d46636: T= 10.028628, cwin: 5331,flight: 89,nb_ret: 8,rtt_min: 2075507,rtt: 2143591,rtt_var: 275835,max_ack_delay: 0,state: 14
be0a955bd7d46636: Sending packet type: 6 (1rtt protected), S1, Q1,
be0a955bd7d46636:     <0000000000000001>, Seq: 12 (12), Phi: 0,
be0a955bd7d46636:     Prepared 29 bytes
be0a955bd7d46636:     ACK (nb=0), 11-20
be0a955bd7d46636:     Stream 12, offset 0, length 15, fin = 1: 474554202f6d6169...
be0a955bd7d46636:     padding, 6 bytes

be0a955bd7d46636: T= 10.028632, cwin: 5331,flight: 144,nb_ret: 8,rtt_min: 2075507,rtt: 2143591,rtt_var: 275835,max_ack_delay: 0,state: 14
be0a955bd7d46636: Sending 55 bytes to 11.0.0.1:4443 at T=10.028632 (35d013bd0e659)
be0a955bd7d46636: Receiving 58 bytes from 11.0.0.1:4443 at T=10.208892 (35d013bd3a67d)
be0a955bd7d46636: Receiving packet type: 6 (1rtt protected), S0, Q1,
be0a955bd7d46636:     <5bd24897ea7ffb84>, Seq: 21 (21), Phi: 0,
be0a955bd7d46636:     Decrypted 29 bytes
be0a955bd7d46636:     ACK (nb=0), 11
be0a955bd7d46636:     Stream 8, offset 0, length 4, fin = 1: 666f6f0a
be0a955bd7d46636:     padding, 16 bytes

be0a955bd7d46636: T= 10.208892, cwin: 5331,flight: 144,nb_ret: 8,rtt_min: 2075507,rtt: 2143591,rtt_var: 275835,max_ack_delay: 0,state: 14
be0a955bd7d46636: Sending packet type: 6 (1rtt protected), S1, Q1,
be0a955bd7d46636:     <0000000000000001>, Seq: 13 (13), Phi: 0,
be0a955bd7d46636:     Prepared 29 bytes
be0a955bd7d46636:     ACK (nb=0), 11-21
be0a955bd7d46636:     padding, 21 bytes

be0a955bd7d46636: T= 10.874578, cwin: 5331,flight: 199,nb_ret: 8,rtt_min: 2075507,rtt: 2143591,rtt_var: 275835,max_ack_delay: 0,state: 14
be0a955bd7d46636: Sending 55 bytes to 11.0.0.1:4443 at T=10.874578 (35d013bddced3)
be0a955bd7d46636: Receiving 48 bytes from 11.0.0.1:4443 at T=11.814188 (35d013bec252d)
be0a955bd7d46636: Receiving packet type: 6 (1rtt protected), S0, Q1,
be0a955bd7d46636:     <7fccb44a51cdaadb>, Seq: 22 (22), Phi: 0,
be0a955bd7d46636:     Decrypted 19 bytes
be0a955bd7d46636:     MAX DATA: 0x800.
be0a955bd7d46636:     padding, 16 bytes

be0a955bd7d46636: T= 11.814188, cwin: 5331,flight: 199,nb_ret: 8,rtt_min: 2075507,rtt: 2143591,rtt_var: 275835,max_ack_delay: 0,state: 14
be0a955bd7d46636: Sending packet type: 6 (1rtt protected), S1, Q1,
be0a955bd7d46636:     <0000000000000001>, Seq: 14 (14), Phi: 0,
be0a955bd7d46636:     Prepared 29 bytes
be0a955bd7d46636:     ACK (nb=0), 11-22
be0a955bd7d46636:     padding, 23 bytes

be0a955bd7d46636: T= 11.824188, cwin: 5331,flight: 254,nb_ret: 8,rtt_min: 2075507,rtt: 2143591,rtt_var: 275835,max_ack_delay: 0,state: 14
be0a955bd7d46636: Sending 55 bytes to 11.0.0.1:4443 at T=11.824188 (35d013bec4c3d)
be0a955bd7d46636: Receiving 48 bytes from 11.0.0.1:4443 at T=11.844434 (35d013bec9b53)
be0a955bd7d46636: Receiving packet type: 6 (1rtt protected), S0, Q1,
be0a955bd7d46636:     <5bd24897ea7ffb84>, Seq: 23 (23), Phi: 0,
be0a955bd7d46636:     Decrypted 19 bytes
be0a955bd7d46636:     MAX DATA: 0x800.
be0a955bd7d46636:     padding, 16 bytes

be0a955bd7d46636: T= 11.844434, cwin: 5331,flight: 254,nb_ret: 8,rtt_min: 2075507,rtt: 2143591,rtt_var: 275835,max_ack_delay: 0,state: 14
be0a955bd7d46636: Receiving 50 bytes from 11.0.0.1:4443 at T=12.134029 (35d013bf1068e)
be0a955bd7d46636: Receiving packet type: 6 (1rtt protected), S0, Q1,
be0a955bd7d46636:     <7fccb44a51cdaadb>, Seq: 24 (24), Phi: 0,
be0a955bd7d46636:     Decrypted 21 bytes
be0a955bd7d46636:     ACK (nb=0), 12
be0a955bd7d46636:     padding, 16 bytes

be0a955bd7d46636: T= 12.134029, cwin: 5370,flight: 199,nb_ret: 8,rtt_min: 2075507,rtt: 2138815,rtt_var: 216429,max_ack_delay: 0,state: 14
be0a955bd7d46636: Receiving 53 bytes from 11.0.0.1:4443 at T=12.149285 (35d013bf14226)
be0a955bd7d46636: Receiving packet type: 6 (1rtt protected), S0, Q1,
be0a955bd7d46636:     <5bd24897ea7ffb84>, Seq: 25 (25), Phi: 0,
be0a955bd7d46636:     Decrypted 24 bytes
be0a955bd7d46636:     ACK (nb=0), 12
be0a955bd7d46636:     MAX DATA: 0x800.
be0a955bd7d46636:     padding, 16 bytes

be0a955bd7d46636: T= 12.149285, cwin: 5370,flight: 199,nb_ret: 8,rtt_min: 2075507,rtt: 2138815,rtt_var: 216429,max_ack_delay: 0,state: 14
be0a955bd7d46636: Sending packet type: 6 (1rtt protected), S1, Q1,
be0a955bd7d46636:     <0000000000000001>, Seq: 15 (15), Phi: 0,
be0a955bd7d46636:     Prepared 29 bytes
be0a955bd7d46636:     ACK (nb=0), 21-25
be0a955bd7d46636:     padding, 23 bytes

be0a955bd7d46636: T= 12.247024, cwin: 5370,flight: 254,nb_ret: 8,rtt_min: 2075507,rtt: 2138815,rtt_var: 216429,max_ack_delay: 0,state: 14
be0a955bd7d46636: Sending 55 bytes to 11.0.0.1:4443 at T=12.247024 (35d013bf2bff1)
be0a955bd7d46636: T= 13.904110, Lost packet type 6, number 13, size 39, DCID <0000000000000001>, reason: timer
be0a955bd7d46636: T= 14.853721, Lost packet type 6, number 14, size 39, DCID <0000000000000001>, reason: timer
be0a955bd7d46636: T= 15.276556, Lost packet type 6, number 15, size 39, DCID <0000000000000001>, reason: timer
Received a request to close the connection.
be0a955bd7d46636: Closed. Retrans= 8, spurious= 2, max sp gap = 0, max sp delay = 2195784, dg-coal: 1.000000
Connection end with local error 0x433.
Quic Bit was NOT greased by the client.
Quic Bit was NOT greased by the server.
ECN was not received.
ECN was not acknowledged.
Received 12 bytes in 42.149288 seconds, 0.000002 Mbps.
be0a955bd7d46636: Received 12 bytes in 42.149288 seconds, 0.000002 Mbps.
max_data_local: 1048576
max_max_stream_data_local: 2097152
max_data_remote: 61976485
max_max_stream_data_remote: 796
ack_delay_remote: 1000 ... 1000
max_ack_gap_remote: 2
ack_delay_local: 25000 ... 25000
max_ack_gap_local: 2
max_mtu_sent: 1252
max_mtu_received: 1419
Client exit with code = -1
