
ARG__ 
0xb
770

ARG__ 
0xd
772

ARG__ 
1
1

ARG__ 
1
1
"http_request_file.txt"
PROOTPATH 5b /tmp/QUIC-FormalVerification
"/tmp/QUIC-FormalVerification/QUIC-Ivy-Attacker/doc/examples/quic/quic_utils/http_request_file.txt"
3
COUCOU
[71]
[71,69]
[71,69,84]
[71,69,84,32]
[71,69,84,32,47]
[71,69,84,32,47,105]
[71,69,84,32,47,105,110]
[71,69,84,32,47,105,110,100]
[71,69,84,32,47,105,110,100,101]
[71,69,84,32,47,105,110,100,101,120]
[71,69,84,32,47,105,110,100,101,120,46]
[71,69,84,32,47,105,110,100,101,120,46,104]
[71,69,84,32,47,105,110,100,101,120,46,104,116]
[71,69,84,32,47,105,110,100,101,120,46,104,116,109]
[71,69,84,32,47,105,110,100,101,120,46,104,116,109,108]
[71,69,84,32,47,105,110,100,101,120,46,104,116,109,108,10]
[71,69,84,32,47,105,110,100,101,120,46,104,116,109,108,10,10]
[71,69,84,32,47,105,110,100,101,120,46,104,116,109,108,10,10]
chrono time = start
C time = start
SOCKET 4
source port number 0
binding client id: client addr: 184549377 port: 4987
source port number 4987
SOCKET 5
source port number 0
binding client id: client_alt addr: 184549377 port: 4988
source port number 4988
between random: 101007718
between random: 101007713
between random: 101007718
between random: 22909
between random: 22909
create cid = 0
is_server  = 0
PROUT 3 
PROUT 4 
TEST_ALPN hq-29
INITIAL_VERSION 29
INITIAL_VERSION 29
tls_tags_map[quic_transport_parameters] 65445
etype =
ser-open_tag: bytes : 2
ser-open_tag: tag : 65445
ser-open_tag: tag != -1: 
TEST_TYPE server
ser-open_field: name 1: "quic_transport_parameters"
ser-open_field: flb : 2
ser-open_field: field_start.push_back(res.size()) : 4
ser-open_field: ffield_length_bytes.push_back(flb) : 2
ser-open_field: name_field_bytes 2: 0
ser-open_field: field_bytes: 0
ser-open_field: res.size() : 4
ser-open_field: name 1: "transport_parameters"
ser-open_field: field_start.push_back(res.size()) : 4
ser-open_field: ffield_length_bytes.push_back(flb) : 0
ser-open_field: name_field_bytes 2: 0
ser-open_field: field_bytes: 0
ser-open_field: res.size() : 4
ser-open_tag: bytes : 1
ser-open_tag: tag : 5
ser-open_tag: tag != -1: 
TEST_TYPE server
ser-open_field: name 1: "initial_max_stream_data_bidi_local"
ser-open_field: flb : 1
ser-open_field: field_start.push_back(res.size()) : 6
ser-open_field: ffield_length_bytes.push_back(flb) : 1
ser-open_field: name_field_bytes 2: 0
ser-open_field: field_bytes: 0
ser-open_field: res.size() : 6
ser-open_field: name 1: "stream_pos_32"
ser-open_field: field_start.push_back(res.size()) : 6
ser-open_field: ffield_length_bytes.push_back(flb) : 0
ser-open_field: name_field_bytes 1: -1
ser-open_field: field_bytes: -1
ser-open_field: res.size() : 6
ser-close_field: start : 6
ser-close_field: end : 8
ser-close_field: len : 2
ser-close_field: flb : 0
-------------------
ser-close_field: start : 6
ser-close_field: end : 8
ser-close_field: len : 2
ser-close_field: flb : 1
-------------------
ser-open_tag: bytes : 1
ser-open_tag: tag : 4
ser-open_tag: tag != -1: 
TEST_TYPE server
ser-open_field: name 1: "initial_max_data"
ser-open_field: flb : 1
ser-open_field: field_start.push_back(res.size()) : 10
ser-open_field: ffield_length_bytes.push_back(flb) : 1
ser-open_field: name_field_bytes 2: -1
ser-open_field: field_bytes: -1
ser-open_field: res.size() : 10
ser-open_field: name 1: "stream_pos_32"
ser-open_field: field_start.push_back(res.size()) : 10
ser-open_field: ffield_length_bytes.push_back(flb) : 0
ser-open_field: name_field_bytes 1: -1
ser-open_field: field_bytes: -1
ser-open_field: res.size() : 10
ser-close_field: start : 10
ser-close_field: end : 14
ser-close_field: len : 4
ser-close_field: flb : 0
-------------------
ser-close_field: start : 10
ser-close_field: end : 14
ser-close_field: len : 4
ser-close_field: flb : 1
-------------------
ser-open_tag: bytes : 1
ser-open_tag: tag : 1
ser-open_tag: tag != -1: 
TEST_TYPE server
ser-open_field: name 1: "max_idle_timeout"
ser-open_field: flb : 1
ser-open_field: field_start.push_back(res.size()) : 16
ser-open_field: ffield_length_bytes.push_back(flb) : 1
ser-open_field: name_field_bytes 2: -1
ser-open_field: field_bytes: -1
ser-open_field: res.size() : 16
ser-open_field: name 1: "seconds_16"
ser-open_field: field_start.push_back(res.size()) : 16
ser-open_field: ffield_length_bytes.push_back(flb) : 0
ser-open_field: name_field_bytes 1: -1
ser-open_field: field_bytes: -1
ser-open_field: res.size() : 16
ser-close_field: start : 16
ser-close_field: end : 20
ser-close_field: len : 4
ser-close_field: flb : 0
-------------------
ser-close_field: start : 16
ser-close_field: end : 20
ser-close_field: len : 4
ser-close_field: flb : 1
-------------------
ser-open_tag: bytes : 1
ser-open_tag: tag : 6
ser-open_tag: tag != -1: 
TEST_TYPE server
ser-open_field: name 1: "initial_max_stream_data_bidi_remote"
ser-open_field: flb : 1
ser-open_field: field_start.push_back(res.size()) : 22
ser-open_field: ffield_length_bytes.push_back(flb) : 1
ser-open_field: name_field_bytes 2: -1
ser-open_field: field_bytes: -1
ser-open_field: res.size() : 22
ser-open_field: name 1: "stream_pos_32"
ser-open_field: field_start.push_back(res.size()) : 22
ser-open_field: ffield_length_bytes.push_back(flb) : 0
ser-open_field: name_field_bytes 1: -1
ser-open_field: field_bytes: -1
ser-open_field: res.size() : 22
ser-close_field: start : 22
ser-close_field: end : 24
ser-close_field: len : 2
ser-close_field: flb : 0
-------------------
ser-close_field: start : 22
ser-close_field: end : 24
ser-close_field: len : 2
ser-close_field: flb : 1
-------------------
ser-open_tag: bytes : 1
ser-open_tag: tag : 7
ser-open_tag: tag != -1: 
TEST_TYPE server
ser-open_field: name 1: "initial_max_stream_data_uni"
ser-open_field: flb : 1
ser-open_field: field_start.push_back(res.size()) : 26
ser-open_field: ffield_length_bytes.push_back(flb) : 1
ser-open_field: name_field_bytes 2: -1
ser-open_field: field_bytes: -1
ser-open_field: res.size() : 26
ser-open_field: name 1: "stream_pos_32"
ser-open_field: field_start.push_back(res.size()) : 26
ser-open_field: ffield_length_bytes.push_back(flb) : 0
ser-open_field: name_field_bytes 1: -1
ser-open_field: field_bytes: -1
ser-open_field: res.size() : 26
ser-close_field: start : 26
ser-close_field: end : 30
ser-close_field: len : 4
ser-close_field: flb : 0
-------------------
ser-close_field: start : 26
ser-close_field: end : 30
ser-close_field: len : 4
ser-close_field: flb : 1
-------------------
ser-open_tag: bytes : 1
ser-open_tag: tag : 15
ser-open_tag: tag != -1: 
TEST_TYPE server
ser-open_field: name 1: "initial_source_connection_id"
ser-open_field: flb : 1
ser-open_field: field_start.push_back(res.size()) : 32
ser-open_field: ffield_length_bytes.push_back(flb) : 1
ser-open_field: name_field_bytes 2: -1
ser-open_field: field_bytes: -1
ser-open_field: res.size() : 32
ser-open_field: name 1: "scid"
ser-open_field: field_start.push_back(res.size()) : 32
ser-open_field: ffield_length_bytes.push_back(flb) : 0
ser-open_field: name_field_bytes 1: 8
ser-open_field: field_bytes: 8
ser-open_field: res.size() : 32
ser-close_field: start : 32
ser-close_field: end : 40
ser-close_field: len : 8
ser-close_field: flb : 0
-------------------
ser-close_field: start : 32
ser-close_field: end : 40
ser-close_field: len : 8
ser-close_field: flb : 1
-------------------
ser-open_tag: bytes : 1
ser-open_tag: tag : 12
ser-open_tag: tag != -1: 
TEST_TYPE server
ser-open_field: name 1: "disable_active_migration"
ser-open_field: flb : 1
ser-open_field: field_start.push_back(res.size()) : 42
ser-open_field: ffield_length_bytes.push_back(flb) : 1
ser-open_field: name_field_bytes 2: 8
ser-open_field: field_bytes: 8
ser-open_field: res.size() : 42
ser-close_field: start : 42
ser-close_field: end : 42
ser-close_field: len : 0
ser-close_field: flb : 1
-------------------
ser-open_tag: bytes : 1
ser-open_tag: tag : 8
ser-open_tag: tag != -1: 
TEST_TYPE server
ser-open_field: name 1: "initial_max_stream_id_bidi"
ser-open_field: flb : 1
ser-open_field: field_start.push_back(res.size()) : 44
ser-open_field: ffield_length_bytes.push_back(flb) : 1
ser-open_field: name_field_bytes 2: 8
ser-open_field: field_bytes: 8
ser-open_field: res.size() : 44
ser-open_field: name 1: "stream_id_16"
ser-open_field: field_start.push_back(res.size()) : 44
ser-open_field: ffield_length_bytes.push_back(flb) : 0
ser-open_field: name_field_bytes 1: -1
ser-open_field: field_bytes: -1
ser-open_field: res.size() : 44
ser-close_field: start : 44
ser-close_field: end : 48
ser-close_field: len : 4
ser-close_field: flb : 0
-------------------
ser-close_field: start : 44
ser-close_field: end : 48
ser-close_field: len : 4
ser-close_field: flb : 1
-------------------
ser-open_tag: bytes : 1
ser-open_tag: tag : 9
ser-open_tag: tag != -1: 
TEST_TYPE server
ser-open_field: name 1: "initial_max_stream_id_uni"
ser-open_field: flb : 1
ser-open_field: field_start.push_back(res.size()) : 50
ser-open_field: ffield_length_bytes.push_back(flb) : 1
ser-open_field: name_field_bytes 2: -1
ser-open_field: field_bytes: -1
ser-open_field: res.size() : 50
ser-open_field: name 1: "stream_id_16"
ser-open_field: field_start.push_back(res.size()) : 50
ser-open_field: ffield_length_bytes.push_back(flb) : 0
ser-open_field: name_field_bytes 1: -1
ser-open_field: field_bytes: -1
ser-open_field: res.size() : 50
ser-close_field: start : 50
ser-close_field: end : 54
ser-close_field: len : 4
ser-close_field: flb : 0
-------------------
ser-close_field: start : 50
ser-close_field: end : 54
ser-close_field: len : 4
ser-close_field: flb : 1
-------------------
ser-close_field: start : 4
ser-close_field: end : 54
ser-close_field: len : 50
ser-close_field: flb : 0
-------------------
ser-close_field: start : 4
ser-close_field: end : 54
ser-close_field: len : 50
ser-close_field: flb : 2
-------------------
etype =65445
len =50
ptls_exts[i].type = 65445
ptls_exts[i].len = 50
ptls_set_negotiated_protocol
ptls_is_psk_handshake= 0
picotls_do_handshake ptls_handle_message end 
PICOTLS RETURNED PTLS_ERROR_IN_PROGRESS 514
[1,0,0,211,3,3,238,59,180,67,196,232,121,6,254,224,11,77,75,129,6,143,82,140,251,183,230,82,190,91,78,109,199,201,21,174,40,245,0,0,6,19,1,19,2,19,3,1,0,0,164,0,51,0,38,0,36,0,29,0,32,222,21,34,154,166,195,121,107,35,25,135,39,45,106,176,255,161,214,125,169,172,67,252,205,145,32,203,152,146,175,14,75,0,0,0,15,0,13,0,0,10,115,101,114,118,101,114,110,97,109,101,0,16,0,8,0,6,5,104,113,45,50,57,0,43,0,9,8,3,4,127,28,127,27,127,26,0,13,0,10,0,8,8,4,4,3,4,1,2,1,0,10,0,6,0,4,0,29,0,23,255,165,0,50,5,2,96,0,4,4,134,5,65,102,1,4,134,5,65,97,6,2,96,0,7,4,134,5,65,102,15,8,0,0,0,0,0,0,0,1,12,0,8,4,128,0,89,125,9,4,128,0,89,125]
0

tag v1: 1
Tag size: 1
tags[0]: "tls.client_hello"
value_size: 0
deser-open_field: name : "tls.client_hello"
deser-open_field: length_field_bytes : 3
deser-open_field: flength : 211
deser-open_field: name : "client_version"
4) pkt-pos =  215
deser-open_field: field_bytes : 2
deser-open_field: name : "rand_info"
4) pkt-pos =  215
deser-open_field: name : "gmt_unix_time"
4) pkt-pos =  215
deser-open_field: field_bytes : 4
deser-open_field: name : "random_bytes"
deser-open_field: name : "session_id"
deser-open_field: length_field_bytes : 1
deser-open_field: flength : 0
deser-open_field: tls_field_bytes_map["session_id"] : 0
deser-open_field: field_bytes : 1
deser-open_field: name : "cipher_suites"
deser-open_field: length_field_bytes : 2
deser-open_field: flength : 6
deser-open_field: tls_field_bytes_map["cipher_suites"] : 6
deser-open_field: field_bytes : 2
deser-open_field: name : "compression_methods"
deser-open_field: length_field_bytes : 1
deser-open_field: flength : 1
deser-open_field: tls_field_bytes_map["compression_methods"] : 1
deser-open_field: field_bytes : 1
deser-open_field: name : "extensions"
deser-open_field: length_field_bytes : 2
deser-open_field: flength : 164
tag v1: 51
Tag size: 1
tags[0]: "tls.unknown_extension"
value_size: 0
deser-open_field: name : "tls.unknown_extension"
4) pkt-pos =  215
deser-open_field: name : "etype"
4) pkt-pos =  215
deser-open_field: field_bytes : 2
deser-open_field: name : "content"
deser-open_field: length_field_bytes : 2
deser-open_field: flength : 38
deser-open_field: tls_field_bytes_map["content"] : 38
deser-open_field: field_bytes : 1
tag v1: 0
Tag size: 1
tags[0]: "tls.unknown_extension"
value_size: 0
deser-open_field: name : "tls.end_of_early_data"
4) pkt-pos =  215
tag v1: 15
Tag size: 1
tags[0]: "tls.unknown_extension"
value_size: 0
deser-open_field: name : "tls.unknown_extension"
4) pkt-pos =  215
deser-open_field: name : "etype"
4) pkt-pos =  215
deser-open_field: field_bytes : 2
deser-open_field: name : "content"
deser-open_field: length_field_bytes : 2
deser-open_field: flength : 13
deser-open_field: tls_field_bytes_map["content"] : 13
deser-open_field: field_bytes : 1
tag v1: 16
Tag size: 1
tags[0]: "tls.unknown_extension"
value_size: 0
deser-open_field: name : "tls.unknown_extension"
4) pkt-pos =  215
deser-open_field: name : "etype"
4) pkt-pos =  215
deser-open_field: field_bytes : 2
deser-open_field: name : "content"
deser-open_field: length_field_bytes : 2
deser-open_field: flength : 8
deser-open_field: tls_field_bytes_map["content"] : 8
deser-open_field: field_bytes : 1
tag v1: 43
Tag size: 1
tags[0]: "tls.unknown_extension"
value_size: 0
deser-open_field: name : "tls.unknown_extension"
4) pkt-pos =  215
deser-open_field: name : "etype"
4) pkt-pos =  215
deser-open_field: field_bytes : 2
deser-open_field: name : "content"
deser-open_field: length_field_bytes : 2
deser-open_field: flength : 9
deser-open_field: tls_field_bytes_map["content"] : 9
deser-open_field: field_bytes : 1
tag v1: 13
Tag size: 1
tags[0]: "tls.unknown_extension"
value_size: 0
deser-open_field: name : "tls.unknown_extension"
4) pkt-pos =  215
deser-open_field: name : "etype"
4) pkt-pos =  215
deser-open_field: field_bytes : 2
deser-open_field: name : "content"
deser-open_field: length_field_bytes : 2
deser-open_field: flength : 10
deser-open_field: tls_field_bytes_map["content"] : 10
deser-open_field: field_bytes : 1
tag v1: 10
Tag size: 1
tags[0]: "tls.unknown_extension"
value_size: 0
deser-open_field: name : "tls.unknown_extension"
4) pkt-pos =  215
deser-open_field: name : "etype"
4) pkt-pos =  215
deser-open_field: field_bytes : 2
deser-open_field: name : "content"
deser-open_field: length_field_bytes : 2
deser-open_field: flength : 6
deser-open_field: tls_field_bytes_map["content"] : 6
deser-open_field: field_bytes : 1
tag v1: 65445
Tag size: 4
tags[0]: "tls.unknown_extension"
value_size: 0
deser-open_field: name : "quic_transport_parameters"
deser-open_field: length_field_bytes : 2
deser-open_field: flength : 50
deser-open_field: name : "transport_parameters"
4) pkt-pos =  215
tag v1: 5
Tag size: 1
tags[0]: "original_destination_connection_id"
value_size: 0
deser-open_field: name : "initial_max_stream_data_bidi_local"
deser-open_field: length_field_bytes : 1
deser-open_field: flength : 2
deser-open_field: name : "stream_pos_32"
4) pkt-pos =  169
deser-open_field: field_bytes : -1
tag v1: 4
Tag size: 1
tags[0]: "original_destination_connection_id"
value_size: 0
deser-open_field: name : "initial_max_data"
deser-open_field: length_field_bytes : 1
deser-open_field: flength : 4
deser-open_field: name : "stream_pos_32"
4) pkt-pos =  175
deser-open_field: field_bytes : -1
tag v1: 1
Tag size: 1
tags[0]: "original_destination_connection_id"
value_size: 0
deser-open_field: name : "max_idle_timeout"
deser-open_field: length_field_bytes : 1
deser-open_field: flength : 4
deser-open_field: name : "seconds_16"
4) pkt-pos =  181
deser-open_field: field_bytes : -1
tag v1: 6
Tag size: 1
tags[0]: "original_destination_connection_id"
value_size: 0
deser-open_field: name : "initial_max_stream_data_bidi_remote"
deser-open_field: length_field_bytes : 1
deser-open_field: flength : 2
deser-open_field: name : "stream_pos_32"
4) pkt-pos =  185
deser-open_field: field_bytes : -1
tag v1: 7
Tag size: 1
tags[0]: "original_destination_connection_id"
value_size: 0
deser-open_field: name : "initial_max_stream_data_uni"
deser-open_field: length_field_bytes : 1
deser-open_field: flength : 4
deser-open_field: name : "stream_pos_32"
4) pkt-pos =  191
deser-open_field: field_bytes : -1
tag v1: 15
Tag size: 1
tags[0]: "original_destination_connection_id"
tag: 15
value_size: 8
value_size: 8
deser-open_field: name : "initial_source_connection_id"
deser-open_field: length_field_bytes : 1
deser-open_field: flength : 8
deser-open_field: name : "scid"
4) pkt-pos =  201
deser-open_field: field_bytes : 8
tag v1: 12
Tag size: 1
tags[0]: "original_destination_connection_id"
value_size: 0
deser-open_field: name : "disable_active_migration"
deser-open_field: length_field_bytes : 1
deser-open_field: flength : 0
tag v1: 8
Tag size: 1
tags[0]: "original_destination_connection_id"
value_size: 0
deser-open_field: name : "initial_max_stream_id_bidi"
deser-open_field: length_field_bytes : 1
deser-open_field: flength : 4
deser-open_field: name : "stream_id_16"
4) pkt-pos =  209
deser-open_field: field_bytes : -1
tag v1: 9
Tag size: 1
tags[0]: "original_destination_connection_id"
value_size: 0
deser-open_field: name : "initial_max_stream_id_uni"
deser-open_field: length_field_bytes : 1
deser-open_field: flength : 4
deser-open_field: name : "stream_id_16"
4) pkt-pos =  215
deser-open_field: field_bytes : -1
PICOTLS handshake handle message finish
C time = now_micros_last_bp
C time = now_micros_last_bp - timer started
C time = now_micros_last_bp - time = 12540
scid_size_pos size: 8
dcid_size_cl size: 8
setup_initial_traffic_keys cid: 0
setup_initial_traffic_keys session: 0
setup_initial_traffic_keys
[175,191,236,40,153,147,210,76,158,151,134,241,156,97,17,224,67,144,168,153][0,0,0,0,0,0,0,1]setup_initial_traffic_keys 2 
setup_initial_traffic_keys 3
setup_initial_traffic_keys 4
setup_initial_traffic_keys 5
quic_set_key_from_secret 1
quic_set_key_from_secret 2v
quic_set_key_from_secret 3v
setup_initial_traffic_keys 6
quic_set_key_from_secret 1
quic_set_key_from_secret 2q
quic_set_key_from_secret 3q
setup_initial_traffic_keys salt: [175,191,236,40,153,147,210,76,158,151,134,241,156,97,17,224,67,144,168,153]
setup_initial_traffic_keys ikm: [0,0,0,0,0,0,0,1]
ser res init 0
ser res dcid 1 1
ser res dcid 2 1
ser res scid_h 1 1
ser res scid_h 1 1
open_list len 0
tag          = 5
ser: quic_crypto_offset   = 0
ser: quic_crypto_length   = 215
ser: data_remaining   = 215
quic_ser 2
terminate called after throwing an instance of 'deser_err'
