< show_biatch({protocol:udp,addr:0xb000002,port:0x115b,interface:ivy})
< tls.handshake_event({protocol:udp,addr:0xb000001,port:0x137b,interface:ivy},{protocol:udp,addr:0xb000002,port:0x115b,interface:ivy},{tls.client_hello:{client_version:0x303,rand_info:{gmt_unix_time:0xee3bb443,random_bytes:[0xc4,0xe8,0x79,0x6,0xfe,0xe0,0xb,0x4d,0x4b,0x81,0x6,0x8f,0x52,0x8c,0xfb,0xb7,0xe6,0x52,0xbe,0x5b,0x4e,0x6d,0xc7,0xc9,0x15,0xae,0x28,0xf5]},session_id:[],cipher_suites:[0x1301,0x1302,0x1303],compression_methods:[0],extensions:[{tls.unknown_extension:{etype:0x33,content:[0,0x24,0,0x1d,0,0x20,0xc2,0x5e,0xee,0xa2,0x2f,0xe9,0xf3,0xe,0x3,0x5f,0x58,0x35,0x35,0xa5,0x5f,0xae,0xb3,0xfd,0x1e,0xfc,0x1d,0xa1,0xea,0x6f,0xb6,0xe0,0x76,0xb,0x86,0x8e,0xe8,0x1b]}},{tls.end_of_early_data:{}},{tls.unknown_extension:{etype:0xf,content:[0,0,0xa,0x73,0x65,0x72,0x76,0x65,0x72,0x6e,0x61,0x6d,0x65]}},{tls.unknown_extension:{etype:0x10,content:[0,0x6,0x5,0x68,0x71,0x2d,0x32,0x39]}},{tls.unknown_extension:{etype:0x2b,content:[0x8,0x3,0x4,0x7f,0x1c,0x7f,0x1b,0x7f,0x1a]}},{tls.unknown_extension:{etype:0xd,content:[0,0x8,0x8,0x4,0x4,0x3,0x4,0x1,0x2,0x1]}},{tls.unknown_extension:{etype:0xa,content:[0,0x4,0,0x1d,0,0x17]}},{quic_transport_parameters:{transport_parameters:[{initial_max_stream_data_bidi_local:{stream_pos_32:0x2000}},{initial_max_data:{stream_pos_32:0x6054166}},{max_idle_timeout:{seconds_16:0x6054161}},{initial_max_stream_data_bidi_remote:{stream_pos_32:0x2000}},{initial_max_stream_data_uni:{stream_pos_32:0x6054166}},{initial_source_connection_id:{scid:1}},{disable_active_migration:{}},{initial_max_stream_id_bidi:{stream_id_16:0x597d}},{initial_max_stream_id_uni:{stream_id_16:0x597d}}]}}]}})
< max_idle_timeout_update(0)
< show_tls_send_event({protocol:udp,addr:0xb000001,port:0x137b,interface:ivy},{protocol:udp,addr:0xb000002,port:0x115b,interface:ivy},1,0,[0x1,0,0,0xd3,0x3,0x3,0xee,0x3b,0xb4,0x43,0xc4,0xe8,0x79,0x6,0xfe,0xe0,0xb,0x4d,0x4b,0x81,0x6,0x8f,0x52,0x8c,0xfb,0xb7,0xe6,0x52,0xbe,0x5b,0x4e,0x6d,0xc7,0xc9,0x15,0xae,0x28,0xf5,0,0,0x6,0x13,0x1,0x13,0x2,0x13,0x3,0x1,0,0,0xa4,0,0x33,0,0x26,0,0x24,0,0x1d,0,0x20,0xc2,0x5e,0xee,0xa2,0x2f,0xe9,0xf3,0xe,0x3,0x5f,0x58,0x35,0x35,0xa5,0x5f,0xae,0xb3,0xfd,0x1e,0xfc,0x1d,0xa1,0xea,0x6f,0xb6,0xe0,0x76,0xb,0x86,0x8e,0xe8,0x1b,0,0,0,0xf,0,0xd,0,0,0xa,0x73,0x65,0x72,0x76,0x65,0x72,0x6e,0x61,0x6d,0x65,0,0x10,0,0x8,0,0x6,0x5,0x68,0x71,0x2d,0x32,0x39,0,0x2b,0,0x9,0x8,0x3,0x4,0x7f,0x1c,0x7f,0x1b,0x7f,0x1a,0,0xd,0,0xa,0,0x8,0x8,0x4,0x4,0x3,0x4,0x1,0x2,0x1,0,0xa,0,0x6,0,0x4,0,0x1d,0,0x17,0xff,0xa5,0,0x32,0x5,0x2,0x60,0,0x4,0x4,0x86,0x5,0x41,0x66,0x1,0x4,0x86,0x5,0x41,0x61,0x6,0x2,0x60,0,0x7,0x4,0x86,0x5,0x41,0x66,0xf,0x8,0,0,0,0,0,0,0,0x1,0xc,0,0x8,0x4,0x80,0,0x59,0x7d,0x9,0x4,0x80,0,0x59,0x7d],0,initial,0)
> frame.crypto.handle({offset:0,length:0xd7,data:[0x1,0,0,0xd3,0x3,0x3,0xee,0x3b,0xb4,0x43,0xc4,0xe8,0x79,0x6,0xfe,0xe0,0xb,0x4d,0x4b,0x81,0x6,0x8f,0x52,0x8c,0xfb,0xb7,0xe6,0x52,0xbe,0x5b,0x4e,0x6d,0xc7,0xc9,0x15,0xae,0x28,0xf5,0,0,0x6,0x13,0x1,0x13,0x2,0x13,0x3,0x1,0,0,0xa4,0,0x33,0,0x26,0,0x24,0,0x1d,0,0x20,0xc2,0x5e,0xee,0xa2,0x2f,0xe9,0xf3,0xe,0x3,0x5f,0x58,0x35,0x35,0xa5,0x5f,0xae,0xb3,0xfd,0x1e,0xfc,0x1d,0xa1,0xea,0x6f,0xb6,0xe0,0x76,0xb,0x86,0x8e,0xe8,0x1b,0,0,0,0xf,0,0xd,0,0,0xa,0x73,0x65,0x72,0x76,0x65,0x72,0x6e,0x61,0x6d,0x65,0,0x10,0,0x8,0,0x6,0x5,0x68,0x71,0x2d,0x32,0x39,0,0x2b,0,0x9,0x8,0x3,0x4,0x7f,0x1c,0x7f,0x1b,0x7f,0x1a,0,0xd,0,0xa,0,0x8,0x8,0x4,0x4,0x3,0x4,0x1,0x2,0x1,0,0xa,0,0x6,0,0x4,0,0x1d,0,0x17,0xff,0xa5,0,0x32,0x5,0x2,0x60,0,0x4,0x4,0x86,0x5,0x41,0x66,0x1,0x4,0x86,0x5,0x41,0x61,0x6,0x2,0x60,0,0x7,0x4,0x86,0x5,0x41,0x66,0xf,0x8,0,0,0,0,0,0,0,0x1,0xc,0,0x8,0x4,0x80,0,0x59,0x7d,0x9,0x4,0x80,0,0x59,0x7d]},1,9,initial,0)
> packet_event({protocol:udp,addr:0xb000001,port:0x137b,interface:ivy},{protocol:udp,addr:0xb000002,port:0x115b,interface:ivy},{ptype:initial,pversion:0xff00001d,dst_cid:1,src_cid:1,token:[],seq_num:0x1,payload:[{frame.crypto:{offset:0,length:0xd7,data:[0x1,0,0,0xd3,0x3,0x3,0xee,0x3b,0xb4,0x43,0xc4,0xe8,0x79,0x6,0xfe,0xe0,0xb,0x4d,0x4b,0x81,0x6,0x8f,0x52,0x8c,0xfb,0xb7,0xe6,0x52,0xbe,0x5b,0x4e,0x6d,0xc7,0xc9,0x15,0xae,0x28,0xf5,0,0,0x6,0x13,0x1,0x13,0x2,0x13,0x3,0x1,0,0,0xa4,0,0x33,0,0x26,0,0x24,0,0x1d,0,0x20,0xc2,0x5e,0xee,0xa2,0x2f,0xe9,0xf3,0xe,0x3,0x5f,0x58,0x35,0x35,0xa5,0x5f,0xae,0xb3,0xfd,0x1e,0xfc,0x1d,0xa1,0xea,0x6f,0xb6,0xe0,0x76,0xb,0x86,0x8e,0xe8,0x1b,0,0,0,0xf,0,0xd,0,0,0xa,0x73,0x65,0x72,0x76,0x65,0x72,0x6e,0x61,0x6d,0x65,0,0x10,0,0x8,0,0x6,0x5,0x68,0x71,0x2d,0x32,0x39,0,0x2b,0,0x9,0x8,0x3,0x4,0x7f,0x1c,0x7f,0x1b,0x7f,0x1a,0,0xd,0,0xa,0,0x8,0x8,0x4,0x4,0x3,0x4,0x1,0x2,0x1,0,0xa,0,0x6,0,0x4,0,0x1d,0,0x17,0xff,0xa5,0,0x32,0x5,0x2,0x60,0,0x4,0x4,0x86,0x5,0x41,0x66,0x1,0x4,0x86,0x5,0x41,0x61,0x6,0x2,0x60,0,0x7,0x4,0x86,0x5,0x41,0x66,0xf,0x8,0,0,0,0,0,0,0,0x1,0xc,0,0x8,0x4,0x80,0,0x59,0x7d,0x9,0x4,0x80,0,0x59,0x7d]}}]})
< show_current_idle_timeout(0x1d5c)
< show_is_retransmitted(0x1,0x1)
< show_current_idle_timeout(0)
< show_initial_request_initial
< show_on_packet_sent(0x1,0x1,0x1e5c,0,0x1,0x4d0,0x1)
< show_get_loss_time_space(0,one_rtt)
