Starting Picoquic server (v1.01a) on port 4443, server name = ::, just_once = 0, do_retry = 0
Waiting for packets.
0000000000000001: Receiving 1232 bytes from 11.0.0.1:4987 at T=0.000000 (35d013b4760c3)
0000000000000001: Receiving packet type: 2 (initial), S0, Q1, Version ff00001d,
0000000000000001:     <0000000000000001>, <0000000000000001>, Seq: 1, pl: 1206
0000000000000001:     Token length: 0
0000000000000001:     Decrypted 1186 bytes
0000000000000001:     Crypto HS frame, offset 0, length 215: 01000040d3030340...
0000000000000001:     ACK (nb=10), 1
1:     ack gap error: largest=1, range=1, gap=7

0000000000000001: Protocol error 0xa
0000000000000001: Server CB, Stream: 0, 0 bytes, fin=5

