
ARG__ 
0xb
770

ARG__ 
0xd
772

ARG__ 
1
1
"http_response_file.txt"
PROOTPATH 5b /tmp/QUIC-FormalVerification
"/tmp/QUIC-FormalVerification/QUIC-Ivy-Attacker/doc/examples/quic/quic_utils/http_response_file.txt"
3
SOCKET 4
source port number 0
binding client id: server addr: 184549377 port: 4443
source port number 4443
COUCOU
[102]
[102,111]
[102,111,111]
[102,111,111,10]
[102,111,111,10]
chrono time = start
C time = start
RECEIVING start
RECEIVING __deser
export_length_cid_extension
between random: 101007718
between random: 101007718
between random: 101007718
between random: 101007718
between random: 22909
create cid = 0
is_server  = 1
PROUT 3 
PROUT 4 
TEST_ALPN hq-29
INITIAL_VERSION 29
INITIAL_VERSION 29
tls_tags_map[quic_transport_parameters] 65445
etype =
ser-open_tag: bytes : 2
ser-open_tag: tag : 65445
ser-open_tag: tag != -1: 
TEST_TYPE client
TEST_SCIL 8
TEST_DCIL 8
TEST_PCIL 8
ser-open_field: name 1: "quic_transport_parameters"
ser-open_field: flb : 2
ser-open_field: field_start.push_back(res.size()) : 4
ser-open_field: ffield_length_bytes.push_back(flb) : 2
ser-open_field: name_field_bytes 2: 0
ser-open_field: field_bytes: 0
ser-open_field: res.size() : 4
ser-open_field: name 1: "transport_parameters"
ser-open_field: field_start.push_back(res.size()) : 4
ser-open_field: ffield_length_bytes.push_back(flb) : 0
ser-open_field: name_field_bytes 2: 0
ser-open_field: field_bytes: 0
ser-open_field: res.size() : 4
ser-open_tag: bytes : 1
ser-open_tag: tag : 5
ser-open_tag: tag != -1: 
TEST_TYPE client
TEST_SCIL 8
TEST_DCIL 8
TEST_PCIL 8
ser-open_field: name 1: "initial_max_stream_data_bidi_local"
ser-open_field: flb : 1
ser-open_field: field_start.push_back(res.size()) : 6
ser-open_field: ffield_length_bytes.push_back(flb) : 1
ser-open_field: name_field_bytes 2: 0
ser-open_field: field_bytes: 0
ser-open_field: res.size() : 6
ser-open_field: name 1: "stream_pos_32"
ser-open_field: field_start.push_back(res.size()) : 6
ser-open_field: ffield_length_bytes.push_back(flb) : 0
ser-open_field: name_field_bytes 1: -1
ser-open_field: field_bytes: -1
ser-open_field: res.size() : 6
ser-close_field: start : 6
ser-close_field: end : 10
ser-close_field: len : 4
ser-close_field: flb : 0
-------------------
ser-close_field: start : 6
ser-close_field: end : 10
ser-close_field: len : 4
ser-close_field: flb : 1
-------------------
ser-open_tag: bytes : 1
ser-open_tag: tag : 4
ser-open_tag: tag != -1: 
TEST_TYPE client
TEST_SCIL 8
TEST_DCIL 8
TEST_PCIL 8
ser-open_field: name 1: "initial_max_data"
ser-open_field: flb : 1
ser-open_field: field_start.push_back(res.size()) : 12
ser-open_field: ffield_length_bytes.push_back(flb) : 1
ser-open_field: name_field_bytes 2: -1
ser-open_field: field_bytes: -1
ser-open_field: res.size() : 12
ser-open_field: name 1: "stream_pos_32"
ser-open_field: field_start.push_back(res.size()) : 12
ser-open_field: ffield_length_bytes.push_back(flb) : 0
ser-open_field: name_field_bytes 1: -1
ser-open_field: field_bytes: -1
ser-open_field: res.size() : 12
ser-close_field: start : 12
ser-close_field: end : 16
ser-close_field: len : 4
ser-close_field: flb : 0
-------------------
ser-close_field: start : 12
ser-close_field: end : 16
ser-close_field: len : 4
ser-close_field: flb : 1
-------------------
ser-open_tag: bytes : 1
ser-open_tag: tag : 1
ser-open_tag: tag != -1: 
TEST_TYPE client
TEST_SCIL 8
TEST_DCIL 8
TEST_PCIL 8
ser-open_field: name 1: "max_idle_timeout"
ser-open_field: flb : 1
ser-open_field: field_start.push_back(res.size()) : 18
ser-open_field: ffield_length_bytes.push_back(flb) : 1
ser-open_field: name_field_bytes 2: -1
ser-open_field: field_bytes: -1
ser-open_field: res.size() : 18
ser-open_field: name 1: "seconds_16"
ser-open_field: field_start.push_back(res.size()) : 18
ser-open_field: ffield_length_bytes.push_back(flb) : 0
ser-open_field: name_field_bytes 1: -1
ser-open_field: field_bytes: -1
ser-open_field: res.size() : 18
ser-close_field: start : 18
ser-close_field: end : 22
ser-close_field: len : 4
ser-close_field: flb : 0
-------------------
ser-close_field: start : 18
ser-close_field: end : 22
ser-close_field: len : 4
ser-close_field: flb : 1
-------------------
ser-open_tag: bytes : 1
ser-open_tag: tag : 6
ser-open_tag: tag != -1: 
TEST_TYPE client
TEST_SCIL 8
TEST_DCIL 8
TEST_PCIL 8
ser-open_field: name 1: "initial_max_stream_data_bidi_remote"
ser-open_field: flb : 1
ser-open_field: field_start.push_back(res.size()) : 24
ser-open_field: ffield_length_bytes.push_back(flb) : 1
ser-open_field: name_field_bytes 2: -1
ser-open_field: field_bytes: -1
ser-open_field: res.size() : 24
ser-open_field: name 1: "stream_pos_32"
ser-open_field: field_start.push_back(res.size()) : 24
ser-open_field: ffield_length_bytes.push_back(flb) : 0
ser-open_field: name_field_bytes 1: -1
ser-open_field: field_bytes: -1
ser-open_field: res.size() : 24
ser-close_field: start : 24
ser-close_field: end : 28
ser-close_field: len : 4
ser-close_field: flb : 0
-------------------
ser-close_field: start : 24
ser-close_field: end : 28
ser-close_field: len : 4
ser-close_field: flb : 1
-------------------
ser-open_tag: bytes : 1
ser-open_tag: tag : 7
ser-open_tag: tag != -1: 
TEST_TYPE client
TEST_SCIL 8
TEST_DCIL 8
TEST_PCIL 8
ser-open_field: name 1: "initial_max_stream_data_uni"
ser-open_field: flb : 1
ser-open_field: field_start.push_back(res.size()) : 30
ser-open_field: ffield_length_bytes.push_back(flb) : 1
ser-open_field: name_field_bytes 2: -1
ser-open_field: field_bytes: -1
ser-open_field: res.size() : 30
ser-open_field: name 1: "stream_pos_32"
ser-open_field: field_start.push_back(res.size()) : 30
ser-open_field: ffield_length_bytes.push_back(flb) : 0
ser-open_field: name_field_bytes 1: -1
ser-open_field: field_bytes: -1
ser-open_field: res.size() : 30
ser-close_field: start : 30
ser-close_field: end : 34
ser-close_field: len : 4
ser-close_field: flb : 0
-------------------
ser-close_field: start : 30
ser-close_field: end : 34
ser-close_field: len : 4
ser-close_field: flb : 1
-------------------
ser-open_tag: bytes : 1
ser-open_tag: tag : 8
ser-open_tag: tag != -1: 
TEST_TYPE client
TEST_SCIL 8
TEST_DCIL 8
TEST_PCIL 8
ser-open_field: name 1: "initial_max_stream_id_bidi"
ser-open_field: flb : 1
ser-open_field: field_start.push_back(res.size()) : 36
ser-open_field: ffield_length_bytes.push_back(flb) : 1
ser-open_field: name_field_bytes 2: -1
ser-open_field: field_bytes: -1
ser-open_field: res.size() : 36
ser-open_field: name 1: "stream_id_16"
ser-open_field: field_start.push_back(res.size()) : 36
ser-open_field: ffield_length_bytes.push_back(flb) : 0
ser-open_field: name_field_bytes 1: -1
ser-open_field: field_bytes: -1
ser-open_field: res.size() : 36
ser-close_field: start : 36
ser-close_field: end : 38
ser-close_field: len : 2
ser-close_field: flb : 0
-------------------
ser-close_field: start : 36
ser-close_field: end : 38
ser-close_field: len : 2
ser-close_field: flb : 1
-------------------
ser-open_tag: bytes : 1
ser-open_tag: tag : 15
ser-open_tag: tag != -1: 
TEST_TYPE client
TEST_SCIL 8
TEST_DCIL 8
TEST_PCIL 8
ser-open_field: name 1: "initial_source_connection_id"
ser-open_field: flb : 1
ser-open_field: field_start.push_back(res.size()) : 40
ser-open_field: ffield_length_bytes.push_back(flb) : 1
ser-open_field: name_field_bytes 2: -1
ser-open_field: field_bytes: -1
ser-open_field: res.size() : 40
ser-open_field: name 1: "scid"
ser-open_field: field_start.push_back(res.size()) : 40
ser-open_field: ffield_length_bytes.push_back(flb) : 0
ser-open_field: name_field_bytes 1: 8
ser-open_field: field_bytes: 8
ser-open_field: res.size() : 40
ser-close_field: start : 40
ser-close_field: end : 48
ser-close_field: len : 8
ser-close_field: flb : 0
-------------------
ser-close_field: start : 40
ser-close_field: end : 48
ser-close_field: len : 8
ser-close_field: flb : 1
-------------------
ser-open_tag: bytes : 1
ser-open_tag: tag : 0
ser-open_tag: tag != -1: 
TEST_TYPE client
TEST_SCIL 8
TEST_DCIL 8
TEST_PCIL 8
ser-open_field: name 1: "original_destination_connection_id"
ser-open_field: flb : 1
ser-open_field: field_start.push_back(res.size()) : 50
ser-open_field: ffield_length_bytes.push_back(flb) : 1
ser-open_field: name_field_bytes 2: 8
ser-open_field: field_bytes: 8
ser-open_field: res.size() : 50
ser-open_field: name 1: "dcid"
ser-open_field: field_start.push_back(res.size()) : 50
ser-open_field: ffield_length_bytes.push_back(flb) : 0
ser-open_field: name_field_bytes 1: 8
ser-open_field: field_bytes: 8
ser-open_field: res.size() : 50
ser-close_field: start : 50
ser-close_field: end : 58
ser-close_field: len : 8
ser-close_field: flb : 0
-------------------
ser-close_field: start : 50
ser-close_field: end : 58
ser-close_field: len : 8
ser-close_field: flb : 1
-------------------
ser-open_tag: bytes : 1
ser-open_tag: tag : 9
ser-open_tag: tag != -1: 
TEST_TYPE client
TEST_SCIL 8
TEST_DCIL 8
TEST_PCIL 8
ser-open_field: name 1: "initial_max_stream_id_uni"
ser-open_field: flb : 1
ser-open_field: field_start.push_back(res.size()) : 60
ser-open_field: ffield_length_bytes.push_back(flb) : 1
ser-open_field: name_field_bytes 2: 8
ser-open_field: field_bytes: 8
ser-open_field: res.size() : 60
ser-open_field: name 1: "stream_id_16"
ser-open_field: field_start.push_back(res.size()) : 60
ser-open_field: ffield_length_bytes.push_back(flb) : 0
ser-open_field: name_field_bytes 1: -1
ser-open_field: field_bytes: -1
ser-open_field: res.size() : 60
ser-close_field: start : 60
ser-close_field: end : 64
ser-close_field: len : 4
ser-close_field: flb : 0
-------------------
ser-close_field: start : 60
ser-close_field: end : 64
ser-close_field: len : 4
ser-close_field: flb : 1
-------------------
ser-open_tag: bytes : 1
ser-open_tag: tag : 3
ser-open_tag: tag != -1: 
TEST_TYPE client
TEST_SCIL 8
TEST_DCIL 8
TEST_PCIL 8
ser-open_field: name 1: "max_packet_size"
ser-open_field: flb : 1
ser-open_field: field_start.push_back(res.size()) : 66
ser-open_field: ffield_length_bytes.push_back(flb) : 1
ser-open_field: name_field_bytes 2: -1
ser-open_field: field_bytes: -1
ser-open_field: res.size() : 66
ser-open_field: name 1: "stream_pos_16"
ser-open_field: field_start.push_back(res.size()) : 66
ser-open_field: ffield_length_bytes.push_back(flb) : 0
ser-open_field: name_field_bytes 1: -1
ser-open_field: field_bytes: -1
ser-open_field: res.size() : 66
ser-close_field: start : 66
ser-close_field: end : 68
ser-close_field: len : 2
ser-close_field: flb : 0
-------------------
ser-close_field: start : 66
ser-close_field: end : 68
ser-close_field: len : 2
ser-close_field: flb : 1
-------------------
ser-close_field: start : 4
ser-close_field: end : 68
ser-close_field: len : 64
ser-close_field: flb : 0
-------------------
ser-close_field: start : 4
ser-close_field: end : 68
ser-close_field: len : 64
ser-close_field: flb : 2
-------------------
etype =65445
len =64
ptls_exts[i].type = 65445
ptls_exts[i].len = 64
ptls_load_certificates 0
ptls_set_negotiated_protocol
export_length_cid_extension
setup_initial_traffic_keys cid: 0
setup_initial_traffic_keys session: 1
setup_initial_traffic_keys
[175,191,236,40,153,147,210,76,158,151,134,241,156,97,17,224,67,144,168,153][190,10,149,91,215,212,102,54]setup_initial_traffic_keys 2 
setup_initial_traffic_keys 3
setup_initial_traffic_keys 4
setup_initial_traffic_keys 5
quic_set_key_from_secret 1
quic_set_key_from_secret 2q
quic_set_key_from_secret 3q
setup_initial_traffic_keys 6
quic_set_key_from_secret 1
quic_set_key_from_secret 2v
quic_set_key_from_secret 3v
setup_initial_traffic_keys salt: [175,191,236,40,153,147,210,76,158,151,134,241,156,97,17,224,67,144,168,153]
setup_initial_traffic_keys ikm: [190,10,149,91,215,212,102,54]
iv_size start 
iv_size cid 0
iv_size level 0
iv_size end 16
encrypt_cipher start 
encrypt_cipher c 0
encrypt_cipher iv [230,185,216,25,215,102,17,99,80,170,85,49,35,203,95,254]
encrypt_cipher pn_dec 0x555558d72ca0
encrypt_cipher end [228,85,68,178,155]
decrypt_aead start 
decrypt_aead ad 30
aead == 0x555558dc2330
checksum_length == 16
seq == 0
bytes.size() == 30
decrypted <= input.size() == 1
decrypt_aead finish 
dstID size 8
dstID res 13693921838668998198
sourceID size 8
sourceID res 6616430619872197508
sourceID data_remaining 0
quic_crypto_length 
