
ARG__ 
0xb
770

ARG__ 
0xd
772

ARG__ 
1
1

ARG__ 
1
1
syntax error in parameter value iversion
