Starting Picoquic server (v1.01a) on port 4443, server name = ::, just_once = 0, do_retry = 0
Waiting for packets.
0000000000000001: Receiving 1232 bytes from 11.0.0.1:4987 at T=0.000000 (35d013b479a82)
0000000000000001: Receiving packet type: 2 (initial), S0, Q1, Version ff00001d,
0000000000000001:     <0000000000000001>, <0000000000000000>, Seq: 1, pl: 1206
0000000000000001:     Token length: 0
0000000000000001:     Decrypted 1186 bytes
0000000000000001:     Crypto HS frame, offset 0, length 215: 0000000000000000...
0000000000000001:     padding, 967 bytes

0000000000000001: Picotls returns error: 40 (0x28)
0000000000000001: Protocol error 0x128
0000000000000001: Server CB, Stream: 0, 0 bytes, fin=5

0000000000000001: Sending packet type: 2 (initial), S0, Q1, Version ff00001d,
0000000000000001:     <0000000000000000>, <7a4f53636fb80cb0>, Seq: 0, pl: 25
0000000000000001:     Token length: 0
0000000000000001:     Prepared 5 bytes
0000000000000001:     connection_close, Error 0x0128, Reason length 0

0000000000000001: Sending 51 bytes to 11.0.0.1:4987 at T=0.000000 (35d013b479a82)
