Starting Picoquic (v1.01a) connection to server = 11.0.0.1, port = 4443
Testing scenario: <0:index.html;4:test.html;8:/1234567;12:main.jpg;16:war-and-peace.txt;20:en/latest/;24:/file-123K>
be0a955bd7d46636: No root crt list specified -- certificate will not be verified.

Max stream id bidir remote before start = 0 (0)
be0a955bd7d46636: Sending ALPN list (1): hq-29
be0a955bd7d46636: Sending transport parameter TLS extension (83 bytes):
be0a955bd7d46636:     Extension list (83 bytes):
be0a955bd7d46636:         Extension type: 5 (max_stream_data_bidi_local), length 4, 80200000
be0a955bd7d46636:         Extension type: 4 (initial_max_data), length 4, 80100000
be0a955bd7d46636:         Extension type: 8 (max_streams_bidi), length 2, 4201
be0a955bd7d46636:         Extension type: 1 (idle_timeout), length 4, 80007530
be0a955bd7d46636:         Extension type: 3 (max_packet_size), length 2, 45a0
be0a955bd7d46636:         Extension type: 9 (max_streams_uni), length 2, 4201
be0a955bd7d46636:         Extension type: 6 (max_stream_data_bidi_remote), length 4, 80010063
be0a955bd7d46636:         Extension type: 7 (max_stream_data_uni), length 4, 8000ffff
be0a955bd7d46636:         Extension type: 14 (active_connection_id_limit), length 1, 08
be0a955bd7d46636:         Extension type: 11 (max_ack_delay), length 1, 0a
be0a955bd7d46636:         Extension type: 15 (hcid), length 8, 5bd24897ea7ffb84
be0a955bd7d46636:         Extension type: 5948 (unknown), length 2, 4a95
be0a955bd7d46636:         Extension type: 4278378010 (min_ack_delay), length 2, 43e8
be0a955bd7d46636:         Extension type: 29016 (enable_time_stamp), length 1, 03
be0a955bd7d46636:         Extension type: 10930 (grease_quic_bit), length 0
Starting client connection. Version = ff00001d, I-CID: be0a955bd7d46636
Max stream id bidir remote after start = 0 (0)
Waiting for packets.
be0a955bd7d46636: Sending packet type: 2 (initial), S0, Q1, Version ff00001d,
be0a955bd7d46636:     <be0a955bd7d46636>, <5bd24897ea7ffb84>, Seq: 0, pl: 1226
be0a955bd7d46636:     Token length: 0
be0a955bd7d46636:     Prepared 1206 bytes
be0a955bd7d46636:     ping, 1 bytes
be0a955bd7d46636:     Crypto HS frame, offset 0, length 287: 0100011b03031789...
be0a955bd7d46636:     padding, 914 bytes

be0a955bd7d46636: Sending 1252 bytes to 11.0.0.1:4443 at T=0.000043 (35d013b37e02c)
be0a955bd7d46636: T= 0.250044, Lost packet type 2, number 0, size 1236, DCID <>, reason: timer
be0a955bd7d46636: Sending packet type: 2 (initial), S0, Q1, Version ff00001d,
be0a955bd7d46636:     <be0a955bd7d46636>, <5bd24897ea7ffb84>, Seq: 1, pl: 1226
be0a955bd7d46636:     Token length: 0
be0a955bd7d46636:     Prepared 1206 bytes
be0a955bd7d46636:     ping, 1 bytes
be0a955bd7d46636:     Crypto HS frame, offset 0, length 287: 0100011b03031789...
be0a955bd7d46636:     padding, 914 bytes

be0a955bd7d46636: Sending 1252 bytes to 11.0.0.1:4443 at T=0.250044 (35d013b3bb0bd)
be0a955bd7d46636: T= 0.500045, Lost packet type 2, number 1, size 1236, DCID <>, reason: timer
be0a955bd7d46636: Sending packet type: 2 (initial), S0, Q1, Version ff00001d,
be0a955bd7d46636:     <be0a955bd7d46636>, <5bd24897ea7ffb84>, Seq: 2, pl: 1226
be0a955bd7d46636:     Token length: 0
be0a955bd7d46636:     Prepared 1206 bytes
be0a955bd7d46636:     ping, 1 bytes
be0a955bd7d46636:     Crypto HS frame, offset 0, length 287: 0100011b03031789...
be0a955bd7d46636:     padding, 914 bytes

be0a955bd7d46636: Sending 1252 bytes to 11.0.0.1:4443 at T=0.500045 (35d013b3f814e)
be0a955bd7d46636: T= 1.000046, Lost packet type 2, number 2, size 1236, DCID <>, reason: timer
be0a955bd7d46636: Sending packet type: 2 (initial), S0, Q1, Version ff00001d,
be0a955bd7d46636:     <be0a955bd7d46636>, <5bd24897ea7ffb84>, Seq: 3, pl: 1226
be0a955bd7d46636:     Token length: 0
be0a955bd7d46636:     Prepared 1206 bytes
be0a955bd7d46636:     ping, 1 bytes
be0a955bd7d46636:     Crypto HS frame, offset 0, length 287: 0100011b03031789...
be0a955bd7d46636:     padding, 914 bytes

be0a955bd7d46636: Sending 1252 bytes to 11.0.0.1:4443 at T=1.000046 (35d013b47226f)
be0a955bd7d46636: T= 1.500047, Lost packet type 2, number 3, size 1236, DCID <>, reason: timer
be0a955bd7d46636: Sending packet type: 2 (initial), S0, Q1, Version ff00001d,
be0a955bd7d46636:     <be0a955bd7d46636>, <5bd24897ea7ffb84>, Seq: 4, pl: 1226
be0a955bd7d46636:     Token length: 0
be0a955bd7d46636:     Prepared 1206 bytes
be0a955bd7d46636:     ping, 1 bytes
be0a955bd7d46636:     Crypto HS frame, offset 0, length 287: 0100011b03031789...
be0a955bd7d46636:     padding, 914 bytes

be0a955bd7d46636: Sending 1252 bytes to 11.0.0.1:4443 at T=1.500047 (35d013b4ec390)
be0a955bd7d46636: Receiving 1232 bytes from 11.0.0.1:4443 at T=2.054974 (35d013b573b3f)
be0a955bd7d46636: Receiving packet type: 2 (initial), S0, Q1, Version ff00001d,
be0a955bd7d46636:     <5bd24897ea7ffb84>, <0000000000000001>, Seq: 1, pl: 1206
be0a955bd7d46636:     Token length: 0
be0a955bd7d46636:     Decrypted 1186 bytes
be0a955bd7d46636:     Crypto HS frame, offset 0, length 123: 020000770303cfbd...
be0a955bd7d46636:     padding, 1059 bytes

be0a955bd7d46636: Sending packet type: 4 (handshake), S0, Q1, Version ff00001d,
be0a955bd7d46636:     <0000000000000001>, <5bd24897ea7ffb84>, Seq: 0, pl: 21
be0a955bd7d46636:     Prepared 1 bytes
be0a955bd7d46636:     ping, 1 bytes

be0a955bd7d46636: Sending 46 bytes to 11.0.0.1:4443 at T=2.064974 (35d013b57624f)
be0a955bd7d46636: Receiving 1419 bytes from 11.0.0.1:4443 at T=2.167976 (35d013b58f4a9)
be0a955bd7d46636: Receiving packet type: 4 (handshake), S0, Q1, Version ff00001d,
be0a955bd7d46636:     <5bd24897ea7ffb84>, <0000000000000001>, Seq: 1, pl: 1394
be0a955bd7d46636:     Decrypted 1374 bytes
be0a955bd7d46636:     Crypto HS frame, offset 0, length 1354: 0800005600540000...
be0a955bd7d46636:     padding, 16 bytes

be0a955bd7d46636: Received transport parameter TLS extension (64 bytes):
be0a955bd7d46636:     Extension list (64 bytes):
be0a955bd7d46636:         Extension type: 5 (max_stream_data_bidi_local), length 4, 83b1afa5
be0a955bd7d46636:         Extension type: 4 (initial_max_data), length 4, 83b1afa5
be0a955bd7d46636:         Extension type: 1 (idle_timeout), length 4, 8fffffff
be0a955bd7d46636:         Extension type: 6 (max_stream_data_bidi_remote), length 4, 83b1afa5
be0a955bd7d46636:         Extension type: 7 (max_stream_data_uni), length 4, 83b1afa5
be0a955bd7d46636:         Extension type: 8 (max_streams_bidi), length 2, 40c8
be0a955bd7d46636:         Extension type: 15 (hcid), length 8, 0000000000000001
be0a955bd7d46636:         Extension type: 0 (ocid), length 8, be0a955bd7d46636
be0a955bd7d46636:         Extension type: 9 (max_streams_uni), length 4, 80007e6d
be0a955bd7d46636:         Extension type: 3 (max_packet_size), length 2, 45dc
Negotiated ALPN: hq-29
be0a955bd7d46636: Negotiated ALPN: hq-29
Almost ready!

be0a955bd7d46636: Sending packet type: 4 (handshake), S0, Q1, Version ff00001d,
be0a955bd7d46636:     <0000000000000001>, <5bd24897ea7ffb84>, Seq: 1, pl: 64
be0a955bd7d46636:     Prepared 44 bytes
be0a955bd7d46636:     ACK (nb=0), 1
be0a955bd7d46636:     Crypto HS frame, offset 0, length 36: 1400002078d5c58f...

be0a955bd7d46636: Sending packet type: 6 (1rtt protected), S0, Q1,
be0a955bd7d46636:     <0000000000000001>, Seq: 0 (0), Phi: 0,
be0a955bd7d46636:     Prepared 29 bytes
be0a955bd7d46636:     NEW CONNECTION ID[1]: 0x7fccb44a51cdaadb, 85c43d7b5a170f19b919e92bb3475c26
be0a955bd7d46636:     padding, 1 bytes

be0a955bd7d46636: T= 2.167977, cwin: 15360,flight: 190,nb_ret: 4,rtt_min: 0,rtt: 250000,rtt_var: 0,max_ack_delay: 0,state: 13
be0a955bd7d46636: Sending 144 bytes to 11.0.0.1:4443 at T=2.167977 (35d013b58f4aa)
Connection established. Version = ff00001d, I-CID: be0a955bd7d46636, verified: 1
be0a955bd7d46636: Connection established. Version = ff00001d, I-CID: be0a955bd7d46636, verified: 1
be0a955bd7d46636: Preparing GET on stream 0 for /index.html
Opening stream 0 to GET /index.html
be0a955bd7d46636: Sending packet type: 6 (1rtt protected), S0, Q1,
be0a955bd7d46636:     <0000000000000001>, Seq: 1 (1), Phi: 0,
be0a955bd7d46636:     Prepared 29 bytes
be0a955bd7d46636:     Stream 0, offset 0, length 17, fin = 1: 474