Starting Picoquic (v1.01a) connection to server = 11.0.0.1, port = 4443
Testing scenario: <0:index.html;4:test.html;8:/1234567;12:main.jpg;16:war-and-peace.txt;20:en/latest/;24:/file-123K>
be0a955bd7d46636: No root crt list specified -- certificate will not be verified.

Max stream id bidir remote before start = 0 (0)
be0a955bd7d46636: Sending ALPN list (1): hq-29
be0a955bd7d46636: Sending transport parameter TLS extension (83 bytes):
be0a955bd7d46636:     Extension list (83 bytes):
be0a955bd7d46636:         Extension type: 5 (max_stream_data_bidi_local), length 4, 80200000
be0a955bd7d46636:         Extension type: 4 (initial_max_data), length 4, 80100000
be0a955bd7d46636:         Extension type: 8 (max_streams_bidi), length 2, 4201
be0a955bd7d46636:         Extension type: 1 (idle_timeout), length 4, 80007530
be0a955bd7d46636:         Extension type: 3 (max_packet_size), length 2, 45a0
be0a955bd7d46636:         Extension type: 9 (max_streams_uni), length 2, 4201
be0a955bd7d46636:         Extension type: 6 (max_stream_data_bidi_remote), length 4, 80010063
be0a955bd7d46636:         Extension type: 7 (max_stream_data_uni), length 4, 8000ffff
be0a955bd7d46636:         Extension type: 14 (active_connection_id_limit), length 1, 08
be0a955bd7d46636:         Extension type: 11 (max_ack_delay), length 1, 0a
be0a955bd7d46636:         Extension type: 15 (hcid), length 8, 5bd24897ea7ffb84
be0a955bd7d46636:         Extension type: 5948 (unknown), length 2, 4a95
be0a955bd7d46636:         Extension type: 4278378010 (min_ack_delay), length 2, 43e8
be0a955bd7d46636:         Extension type: 29016 (enable_time_stamp), length 1, 03
be0a955bd7d46636:         Extension type: 10930 (grease_quic_bit), length 0
Starting client connection. Version = ff00001d, I-CID: be0a955bd7d46636
Max stream id bidir remote after start = 0 (0)
Waiting for packets.
be0a955bd7d46636: Sending packet type: 2 (initial), S0, Q1, Version ff00001d,
be0a955bd7d46636:     <be0a955bd7d46636>, <5bd24897ea7ffb84>, Seq: 0, pl: 1226
be0a955bd7d46636:     Token length: 0
be0a955bd7d46636:     Prepared 1206 bytes
be0a955bd7d46636:     ping, 1 bytes
be0a955bd7d46636:     Crypto HS frame, offset 0, length 287: 0100011b03031789...
be0a955bd7d46636:     padding, 914 bytes

be0a955bd7d46636: Sending 1252 bytes to 11.0.0.1:4443 at T=0.000043 (35d013b37e02c)
be0a955bd7d46636: T= 0.250044, Lost packet type 2, number 0, size 1236, DCID <>, reason: timer
be0a955bd7d46636: Sending packet type: 2 (initial), S0, Q1, Version ff00001d,
be0a955bd7d46636:     <be0a955bd7d46636>, <5bd24897ea7ffb84>, Seq: 1, pl: 1226
be0a955bd7d46636:     Token length: 0
be0a955bd7d46636:     Prepared 1206 bytes
be0a955bd7d46636:     ping, 1 bytes
be0a955bd7d46636:     Crypto HS frame, offset 0, length 287: 0100011b03031789...
be0a955bd7d46636:     padding, 914 bytes

be0a955bd7d46636: Sending 1252 bytes to 11.0.0.1:4443 at T=0.250044 (35d013b3bb0bd)
be0a955bd7d46636: T= 0.500045, Lost packet type 2, number 1, size 1236, DCID <>, reason: timer
be0a955bd7d46636: Sending packet type: 2 (initial), S0, Q1, Version ff00001d,
be0a955bd7d46636:     <be0a955bd7d46636>, <5bd24897ea7ffb84>, Seq: 2, pl: 1226
be0a955bd7d46636:     Token length: 0
be0a955bd7d46636:     Prepared 1206 bytes
be0a955bd7d46636:     ping, 1 bytes
be0a955bd7d46636:     Crypto HS frame, offset 0, length 287: 0100011b03031789...
be0a955bd7d46636:     padding, 914 bytes

be0a955bd7d46636: Sending 1252 bytes to 11.0.0.1:4443 at T=0.500045 (35d013b3f814e)
be0a955bd7d46636: T= 1.000046, Lost packet type 2, number 2, size 1236, DCID <>, reason: timer
be0a955bd7d46636: Sending packet type: 2 (initial), S0, Q1, Version ff00001d,
be0a955bd7d46636:     <be0a955bd7d46636>, <5bd24897ea7ffb84>, Seq: 3, pl: 1226
be0a955bd7d46636:     Token length: 0
be0a955bd7d46636:     Prepared 1206 bytes
be0a955bd7d46636:     ping, 1 bytes
be0a955bd7d46636:     Crypto HS frame, offset 0, length 287: 0100011b03031789...
be0a955bd7d46636:     padding, 914 bytes

be0a955bd7d46636: Sending 1252 bytes to 11.0.0.1:4443 at T=1.000046 (35d013b47226f)
be0a955bd7d46636: T= 1.500047, Lost packet type 2, number 3, size 1236, DCID <>, reason: timer
be0a955bd7d46636: Sending packet type: 2 (initial), S0, Q1, Version ff00001d,
be0a955bd7d46636:     <be0a955bd7d46636>, <5bd24897ea7ffb84>, Seq: 4, pl: 1226
be0a955bd7d46636:     Token length: 0
be0a955bd7d46636:     Prepared 1206 bytes
be0a955bd7d46636:     ping, 1 bytes
be0a955bd7d46636:     Crypto HS frame, offset 0, length 287: 0100011b03031789...
be0a955bd7d46636:     padding, 914 bytes

be0a955bd7d46636: Sending 1252 bytes to 11.0.0.1:4443 at T=1.500047 (35d013b4ec390)
be0a955bd7d46636: T= 2.500050, Lost packet type 2, number 4, size 1236, DCID <>, reason: timer
be0a955bd7d46636: Sending packet type: 2 (initial), S0, Q1, Version ff00001d,
be0a955bd7d46636:     <be0a955bd7d46636>, <5bd24897ea7ffb84>, Seq: 5, pl: 1226
be0a955bd7d46636:     Token length: 0
be0a955bd7d46636:     Prepared 1206 bytes
be0a955bd7d46636:     ping, 1 bytes
be0a955bd7d46636:     Crypto HS frame, offset 0, length 287: 0100011b03031789...
be0a955bd7d46636:     padding, 914 bytes

be0a955bd7d46636: Sending 1252 bytes to 11.0.0.1:4443 at T=2.500050 (35d013b5e05d3)
be0a955bd7d46636: T= 3.500051, Lost packet type 2, number 5, size 1236, DCID <>, reason: timer
be0a955bd7d46636: Sending packet type: 2 (initial), S0, Q1, Version ff00001d,
be0a955bd7d46636:     <be0a955bd7d46636>, <5bd24897ea7ffb84>, Seq: 6, pl: 1226
be0a955bd7d46636:     Token length: 0
be0a955bd7d46636:     Prepared 1206 bytes
be0a955bd7d46636:     ping, 1 bytes
be0a955bd7d46636:     Crypto HS frame, offset 0, length 287: 0100011b03031789...
be0a955bd7d46636:     padding, 914 bytes

be0a955bd7d46636: Sending 1252 bytes to 11.0.0.1:4443 at T=3.500051 (35d013b6d4814)
be0a955bd7d46636: Receiving 1232 bytes from 11.0.0.1:4443 at T=4.054969 (35d013b75bfba)
be0a955bd7d46636: Receiving packet type: 2 (initial), S0, Q1, Version ff00001d,
be0a955bd7d46636:     <5bd24897ea7ffb84>, <0000000000000001>, Seq: 1, pl: 1206
be0a955bd7d46636:     Token length: 0
be0a955bd7d46636:     Decrypted 1186 bytes
be0a955bd7d46636:     Crypto HS frame, offset 0, length 123: 020000770303cfbd...
be0a955bd7d46636:     padding, 1059 bytes

be0a955bd7d46636: Sending packet type: 4 (handshake), S0, Q1, Version ff00001d,
be0a955bd7d46636:     <0000000000000001>, <5bd24897ea7ffb84>, Seq: 0, pl: 21
be0a955bd7d46636:     Prepared 1 bytes
be0a955bd7d46636:     ping, 1 bytes

be0a955bd7d46636: Sending 46 bytes to 11.0.0.1:4443 at T=4.064969 (35d013b75e6ca)
be0a955bd7d46636: Receiving 1417 bytes from 11.0.0.1:4443 at T=4.087993 (35d013b7640ba)
be0a955bd7d46636: Receiving packet type: 4 (handshake), S0, Q1, Version ff00001d,
be0a955bd7d46636:     <5bd24897ea7ffb84>, <0000000000000001>, Seq: 1, pl: 1392
be0a955bd7d46636:     Decrypted 1372 bytes
be0a955bd7d46636:     Crypto HS frame, offset 0, length 1352: 0800005400520000...
be0a955bd7d46636:     padding, 16 bytes

be0a955bd7d46636: Received transport parameter TLS extension (62 bytes):
be0a955bd7d46636:     Extension list (62 bytes):
be0a955bd7d46636:         Extension type: 5 (max_stream_data_bidi_local), length 4, 8191817e
be0a955bd7d46636:         Extension type: 4 (initial_max_data), length 4, 8191817e
be0a955bd7d46636:         Extension type: 1 (idle_timeout), length 4, 8fffffff
be0a955bd7d46636:         Extension type: 6 (max_stream_data_bidi_remote), length 4, 8191817e
be0a955bd7d46636:         Extension type: 7 (max_stream_data_uni), length 4, 8191817e
be0a955bd7d46636:         Extension type: 8 (max_streams_bidi), length 2, 40c8
be0a955bd7d46636:         Extension type: 15 (hcid), length 8, 0000000000000001
be0a955bd7d46636:         Extension type: 0 (ocid), length 8, be0a955bd7d46636
be0a955bd7d46636:         Extension type: 9 (max_streams_uni), length 2, 47c7
be0a955bd7d46636:         Extension type: 3 (max_packet_size), length 2, 45dc
Negotiated ALPN: hq-29
be0a955bd7d46636: Negotiated ALPN: hq-29
Almost ready!

be0a955bd7d46636: Sending packet type: 4 (handshake), S0, Q1, Version ff00001d,
be0a955bd7d46636:     <0000000000000001>, <5bd24897ea7ffb84>, Seq: 1, pl: 64
be0a955bd7d46636:     Prepared 44 bytes
be0a955bd7d46636:     ACK (nb=0), 1
be0a955bd7d46636:     Crypto HS frame, offset 0, length 36: 14000020d0fc3437...

be0a955bd7d46636: Sending packet type: 6 (1rtt protected), S0, Q1,
be0a955bd7d46636:     <0000000000000001>, Seq: 0 (0), Phi: 0,
be0a955bd7d46636:     Prepared 29 bytes
be0a955bd7d46636:     NEW CONNECTION ID[1]: 0xad8001a05a565342, d430c1dc33e1f5ce8a906e56466b5318
be0a955bd7d46636:     padding, 1 bytes

be0a955bd7d46636: T= 4.087994, cwin: 15360,flight: 190,nb_ret: 6,rtt_min: 0,rtt: 250000,rtt_var: 0,max_ack_delay: 0,state: 13
be0a955bd7d46636: Sending 144 bytes to 11.0.0.1:4443 at T=4.087994 (35d013b7640bb)
Connection established. Version = ff00001d, I-CID: be0a955bd7d46636, verified: 1
be0a955bd7d46636: Connection established. Version = ff00001d, I-CID: be0a955bd7d46636, verified: 1
be0a955bd7d46636: Preparing GET on stream 0 for /index.html
Opening stream 0 to GET /index.html
be0a955bd7d46636: Sending packet type: 6 (1rtt protected), S0, Q1,
be0a955bd7d46636:     <0000000000000001>, Seq: 1 (1), Phi: 0,
be0a955bd7d46636:     Prepared 29 bytes
be0a955bd7d46636:     Stream 0, offset 0, length 17, fin = 1: 474554202f696e64...
be0a955bd7d46636:     padding, 9 bytes

be0a955bd7d46636: T= 4.088000, cwin: 15360,flight: 245,nb_ret: 6,rtt_min: 0,rtt: 250000,rtt_var: 0,max_ack_delay: 0,state: 13
be0a955bd7d46636: Sending 55 bytes to 11.0.0.1:4443 at T=4.088000 (35d013b7640c1)
be0a955bd7d46636: Receiving 46 bytes from 11.0.0.1:4443 at T=4.280765 (35d013b7931be)
be0a955bd7d46636: Receiving packet type: 6 (1rtt protected), S0, Q1,
be0a955bd7d46636:     <5bd24897ea7ffb84>, Seq: 1 (1), Phi: 0,
be0a955bd7d46636:     Decrypted 17 bytes
be0a955bd7d46636:     handshake_done
be0a955bd7d46636:     padding, 16 bytes

be0a955bd7d46636: T= 4.280765, cwin: 15360,flight: 199,nb_ret: 6,rtt_min: 0,rtt: 250000,rtt_var: 0,max_ack_delay: 0,state: 14
be0a955bd7d46636: Sending packet type: 6 (1rtt protected), S1, Q1,
be0a955bd7d46636:     <0000000000000001>, Seq: 2 (2), Phi: 0,
be0a955bd7d46636:     Prepared 29 bytes
be0a955bd7d46636:     ACK (nb=0), 1
be0a955bd7d46636:     padding, 23 bytes

be0a955bd7d46636: T= 4.281765, cwin: 15360,flight: 254,nb_ret: 6,rtt_min: 0,rtt: 250000,rtt_var: 0,max_ack_delay: 0,state: 14
be0a955bd7d46636: Sending 55 bytes to 11.0.0.1:4443 at T=4.281765 (35d013b7935a6)
be0a955bd7d46636: Receiving 50 bytes from 11.0.0.1:4443 at T=4.411046 (35d013b7b2ea7)
be0a955bd7d46636: Receiving packet type: 6 (1rtt protected), S0, Q1,
be0a955bd7d46636:     <5bd24897ea7ffb84>, Seq: 2 (2), Phi: 0,
be0a955bd7d46636:     Decrypted 21 bytes
be0a955bd7d46636:     max_streams_unidir: max rank 37677.
be0a955bd7d46636:     padding, 16 bytes

be0a955bd7d46636: T= 4.411046, cwin: 15360,flight: 254,nb_ret: 6,rtt_min: 0,rtt: 250000,rtt_var: 0,max_ack_delay: 0,state: 14
be0a955bd7d46636: Sending packet type: 6 (1rtt protected), S1, Q1,
be0a955bd7d46636:     <0000000000000001>, Seq: 3 (3), Phi: 0,
be0a955bd7d46636:     Prepared 29 bytes
be0a955bd7d46636:     ACK (nb=0), 1-2
be0a955bd7d46636:     padding, 23 bytes

be0a955bd7d46636: T= 4.412046, cwin: 15360,flight: 309,nb_ret: 6,rtt_min: 0,rtt: 250000,rtt_var: 0,max_ack_delay: 0,state: 14
be0a955bd7d46636: Sending 55 bytes to 11.0.0.1:4443 at T=4.412046 (35d013b7b328f)
be0a955bd7d46636: T= 5.087995, Lost packet type 6, number 0, size 39, DCID <0000000000000001>, reason: timer
be0a955bd7d46636: Sending packet type: 6 (1rtt protected), S1, Q1,
be0a955bd7d46636:     <0000000000000001>, Seq: 4 (4), Phi: 0,
be0a955bd7d46636:     Prepared 157 bytes
be0a955bd7d46636:     NEW CONNECTION ID[1]: 0xad8001a05a565342, d430c1dc33e1f5ce8a906e56466b5318
be0a955bd7d46636:     ACK (nb=0), 1-2
be0a955bd7d46636:     padding, 121 bytes

be0a955bd7d46636: T= 5.087995, cwin: 3072,flight: 437,nb_ret: 7,rtt_min: 0,rtt: 250000,rtt_var: 0,max_ack_delay: 0,state: 14
be0a955bd7d46636: Sending 183 bytes to 11.0.0.1:4443 at T=5.087995 (35d013b8582fc)
be0a955bd7d46636: T= 5.088001, Lost packet type 6, number 1, size 39, DCID <0000000000000001>, reason: timer
be0a955bd7d46636: Sending packet type: 6 (1rtt protected), S1, Q1,
be0a955bd7d46636:     <0000000000000001>, Seq: 5 (5), Phi: 0,
be0a955bd7d46636:     Prepared 29 bytes
be0a955bd7d46636:     Stream 0, offset 0, length 17, fin = 1: 474554202f696e64...
be0a955bd7d46636:     padding, 9 bytes

be0a955bd7d46636: T= 5.088001, cwin: 3072,flight: 437,nb_ret: 8,rtt_min: 0,rtt: 250000,rtt_var: 0,max_ack_delay: 0,state: 14
be0a955bd7d46636: Sending 55 bytes to 11.0.0.1:4443 at T=5.088001 (35d013b858302)
be0a955bd7d46636: T= 5.281768, Lost packet type 6, number 2, size 39, DCID <0000000000000001>, reason: timer
be0a955bd7d46636: T= 5.412047, Lost packet type 6, number 3, size 39, DCID <0000000000000001>, reason: timer
be0a955bd7d46636: T= 6.087996, Lost packet type 6, number 4, size 167, DCID <0000000000000001>, reason: timer
be0a955bd7d46636: Sending packet type: 6 (1rtt protected), S1, Q1,
be0a955bd7d46636:     <0000000000000001>, Seq: 6 (6), Phi: 0,
be0a955bd7d46636:     Prepared 157 bytes
be0a955bd7d46636:     NEW CONNECTION ID[1]: 0xad8001a05a565342, d430c1dc33e1f5ce8a906e56466b5318
be0a955bd7d46636:     ACK (nb=0), 1-2
be0a955bd7d46636:     padding, 121 bytes

be0a955bd7d46636: T= 6.087996, cwin: 3072,flight: 327,nb_ret: 9,rtt_min: 0,rtt: 250000,rtt_var: 0,max_ack_delay: 0,state: 14
be0a955bd7d46636: Sending 183 bytes to 11.0.0.1:4443 at T=6.087996 (35d013b94c53d)
be0a955bd7d46636: T= 6.088002, Lost packet type 6, number 5, size 39, DCID <0000000000000001>, reason: timer
be0a955bd7d46636: Sending packet type: 6 (1rtt protected), S1, Q1,
be0a955bd7d46636:     <0000000000000001>, Seq: 7 (7), Phi: 0,
be0a955bd7d46636:     Prepared 29 bytes
be0a955bd7d46636:     Stream 0, offset 0, length 17, fin = 1: 474554202f696e64...
be0a955bd7d46636:     padding, 9 bytes

be0a955bd7d46636: T= 6.088002, cwin: 3072,flight: 327,nb_ret: 10,rtt_min: 0,rtt: 250000,rtt_var: 0,max_ack_delay: 0,state: 14
be0a955bd7d46636: Sending 55 bytes to 11.0.0.1:4443 at T=6.088002 (35d013b94c543)
be0a955bd7d46636: Receiving 50 bytes from 11.0.0.1:4443 at T=6.090870 (35d013b94d077)
be0a955bd7d46636: Receiving packet type: 6 (1rtt protected), S0, Q1,
be0a955bd7d46636:     <5bd24897ea7ffb84>, Seq: 4 (4), Phi: 0,
be0a955bd7d46636:     Decrypted 21 bytes
be0a955bd7d46636:     max_streams_unidir: max rank 33246.
be0a955bd7d46636:     padding, 16 bytes

be0a955bd7d46636: T= 6.090870, cwin: 3072,flight: 327,nb_ret: 10,rtt_min: 0,rtt: 250000,rtt_var: 0,max_ack_delay: 0,state: 14
be0a955bd7d46636: Sending packet type: 6 (1rtt protected), S1, Q1,
be0a955bd7d46636:     <0000000000000001>, Seq: 8 (8), Phi: 0,
be0a955bd7d46636:     Prepared 29 bytes
be0a955bd7d46636:     ACK (nb=1), 4, 1-2
be0a955bd7d46636:     padding, 22 bytes

be0a955bd7d46636: T= 6.090871, cwin: 3072,flight: 382,nb_ret: 10,rtt_min: 0,rtt: 250000,rtt_var: 0,max_ack_delay: 0,state: 14
be0a955bd7d46636: Sending 55 bytes to 11.0.0.1:4443 at T=6.090871 (35d013b94d078)
be0a955bd7d46636: Receiving 47 bytes from 11.0.0.1:4443 at T=6.296165 (35d013b97f266)
be0a955bd7d46636: Receiving packet type: 6 (1rtt protected), S0, Q1,
be0a955bd7d46636:     <5bd24897ea7ffb84>, Seq: 5 (5), Phi: 0,
be0a955bd7d46636:     Decrypted 18 bytes
be0a955bd7d46636:     MAX DATA: 0x28.
be0a955bd7d46636:     padding, 16 bytes

be0a955bd7d46636: T= 6.296165, cwin: 3072,flight: 382,nb_ret: 10,rtt_min: 0,rtt: 250000,rtt_var: 0,max_ack_delay: 0,state: 14
be0a955bd7d46636: Sending packet type: 6 (1rtt protected), S1, Q1,
be0a955bd7d46636:     <0000000000000001>, Seq: 9 (9), Phi: 0,
be0a955bd7d46636:     Prepared 29 bytes
be0a955bd7d46636:     ACK (nb=1), 4-5, 1-2
be0a955bd7d46636:     padding, 21 bytes

be0a955bd7d46636: T= 6.297165, cwin: 3072,flight: 437,nb_ret: 10,rtt_min: 0,rtt: 250000,rtt_var: 0,max_ack_delay: 0,state: 14
be0a955bd7d46636: Sending 55 bytes to 11.0.0.1:4443 at T=6.297165 (35d013b97f64e)
be0a955bd7d46636: T= 7.087997, Lost packet type 6, number 6, size 167, DCID <0000000000000001>, reason: timer
be0a955bd7d46636: Sending packet type: 6 (1rtt protected), S1, Q1,
be0a955bd7d46636:     <0000000000000001>, Seq: 10 (10), Phi: 0,
be0a955bd7d46636:     Prepared 157 bytes
be0a955bd7d46636:     NEW CONNECTION ID[1]: 0xad8001a05a565342, d430c1dc33e1f5ce8a906e56466b5318
be0a955bd7d46636:     ACK (nb=0), 4-5
be0a955bd7d46636:     padding, 121 bytes

be0a955bd7d46636: T= 7.087997, cwin: 3072,flight: 437,nb_ret: 11,rtt_min: 0,rtt: 250000,rtt_var: 0,max_ack_delay: 0,state: 14
be0a955bd7d46636: Sending 183 bytes to 11.0.0.1:4443 at T=7.087997 (35d013ba4077e)
be0a955bd7d46636: T= 7.088005, Lost packet type 6, number 7, size 39, DCID <0000000000000001>, reason: timer
be0a955bd7d46636: Sending packet type: 6 (1rtt protected), S1, Q1,
be0a955bd7d46636:     <0000000000000001>, Seq: 11 (11), Phi: 0,
be0a955bd7d46636:     Prepared 29 bytes
be0a955bd7d46636:     Stream 0, offset 0, length 17, fin = 1: 474554202f696e64...
be0a955bd7d46636:     padding, 9 bytes

be0a955bd7d46636: T= 7.088005, cwin: 3072,flight: 437,nb_ret: 12,rtt_min: 0,rtt: 250000,rtt_var: 0,max_ack_delay: 0,state: 14
be0a955bd7d46636: Sending 55 bytes to 11.0.0.1:4443 at T=7.088005 (35d013ba40786)
be0a955bd7d46636: T= 7.090872, Lost packet type 6, number 8, size 39, DCID <0000000000000001>, reason: timer
be0a955bd7d46636: T= 7.297166, Lost packet type 6, number 9, size 39, DCID <0000000000000001>, reason: timer
be0a955bd7d46636: Receiving 50 bytes from 11.0.0.1:4443 at T=7.596550 (35d013babca07)
be0a955bd7d46636: Receiving packet type: 6 (1rtt protected), S0, Q1,
be0a955bd7d46636:     <5bd24897ea7ffb84>, Seq: 6 (6), Phi: 0,
be0a955bd7d46636:     Decrypted 21 bytes
be0a955bd7d46636:     max_streams_unidir: max rank 54003.
be0a955bd7d46636:     padding, 16 bytes

be0a955bd7d46636: T= 7.596550, cwin: 3072,flight: 327,nb_ret: 12,rtt_min: 0,rtt: 250000,rtt_var: 0,max_ack_delay: 0,state: 14
be0a955bd7d46636: Sending packet type: 6 (1rtt protected), S1, Q1,
be0a955bd7d46636:     <0000000000000001>, Seq: 12 (12), Phi: 0,
be0a955bd7d46636:     Prepared 29 bytes
be0a955bd7d46636:     ACK (nb=0), 4-6
be0a955bd7d46636:     padding, 23 bytes

be0a955bd7d46636: T= 7.597550, cwin: 3072,flight: 382,nb_ret: 12,rtt_min: 0,rtt: 250000,rtt_var: 0,max_ack_delay: 0,state: 14
be0a955bd7d46636: Sending 55 bytes to 11.0.0.1:4443 at T=7.597550 (35d013babcdef)
be0a955bd7d46636: T= 8.087998, Lost packet type 6, number 10, size 167, DCID <0000000000000001>, reason: timer
be0a955bd7d46636: Sending packet type: 6 (1rtt protected), S1, Q1,
be0a955bd7d46636:     <0000000000000001>, Seq: 13 (13), Phi: 0,
be0a955bd7d46636:     Prepared 157 bytes
be0a955bd7d46636:     NEW CONNECTION ID[1]: 0xad8001a05a565342, d430c1dc33e1f5ce8a906e56466b5318
be0a955bd7d46636:     ACK (nb=0), 4-6
be0a955bd7d46636:     padding, 121 bytes

be0a955bd7d46636: T= 8.087998, cwin: 3072,flight: 382,nb_ret: 13,rtt_min: 0,rtt: 250000,rtt_var: 0,max_ack_delay: 0,state: 14
be0a955bd7d46636: Sending 183 bytes to 11.0.0.1:4443 at T=8.087998 (35d013bb349bf)
be0a955bd7d46636: T= 8.088006, Lost packet type 6, number 11, size 39, DCID <0000000000000001>, reason: timer
be0a955bd7d46636: Sending packet type: 6 (1rtt protected), S1, Q1,
be0a955bd7d46636:     <0000000000000001>, Seq: 14 (14), Phi: 0,
be0a955bd7d46636:     Prepared 29 bytes
be0a955bd7d46636:     Stream 0, offset 0, length 17, fin = 1: 474554202f696e64...
be0a955bd7d46636:     padding, 9 bytes

be0a955bd7d46636: T= 8.088006, cwin: 3072,flight: 382,nb_ret: 14,rtt_min: 0,rtt: 250000,rtt_var: 0,max_ack_delay: 0,state: 14
be0a955bd7d46636: Sending 55 bytes to 11.0.0.1:4443 at T=8.088006 (35d013bb349c7)
be0a955bd7d46636: T= 8.597551, Lost packet type 6, number 12, size 39, DCID <0000000000000001>, reason: timer
be0a955bd7d46636: T= 9.087999, Lost packet type 6, number 13, size 167, DCID <0000000000000001>, reason: timer
be0a955bd7d46636: Sending packet type: 6 (1rtt protected), S1, Q1,
be0a955bd7d46636:     <0000000000000001>, Seq: 15 (15), Phi: 0,
be0a955bd7d46636:     Prepared 157 bytes
be0a955bd7d46636:     NEW CONNECTION ID[1]: 0xad8001a05a565342, d430c1dc33e1f5ce8a906e56466b5318
be0a955bd7d46636:     ACK (nb=0), 4-6
be0a955bd7d46636:     padding, 121 bytes

be0a955bd7d46636: T= 9.087999, cwin: 3072,flight: 327,nb_ret: 15,rtt_min: 0,rtt: 250000,rtt_var: 0,max_ack_delay: 0,state: 14
be0a955bd7d46636: Sending 183 bytes to 11.0.0.1:4443 at T=9.087999 (35d013bc28c00)
be0a955bd7d46636: T= 9.088009, Lost packet type 6, number 14, size 39, DCID <0000000000000001>, reason: timer
be0a955bd7d46636: Sending packet type: 6 (1rtt protected), S1, Q1,
be0a955bd7d46636:     <0000000000000001>, Seq: 16 (16), Phi: 0,
be0a955bd7d46636:     Prepared 28 bytes
be0a955bd7d46636:     Stream 0, offset 0, length 17, fin = 1: 474554202f696e64...
be0a955bd7d46636:     padding, 8 bytes

be0a955bd7d46636: T= 9.088009, cwin: 3072,flight: 327,nb_ret: 16,rtt_min: 0,rtt: 250000,rtt_var: 0,max_ack_delay: 0,state: 14
be0a955bd7d46636: Sending 55 bytes to 11.0.0.1:4443 at T=9.088009 (35d013bc28c0a)
be0a955bd7d46636: T= 10.088000, Lost packet type 6, number 15, size 167, DCID <0000000000000001>, reason: timer
be0a955bd7d46636: Sending packet type: 6 (1rtt protected), S1, Q1,
be0a955bd7d46636:     <0000000000000001>, Seq: 17 (17), Phi: 0,
be0a955bd7d46636:     Prepared 156 bytes
be0a955bd7d46636:     NEW CONNECTION ID[1]: 0xad8001a05a565342, d430c1dc33e1f5ce8a906e56466b5318
be0a955bd7d46636:     ACK (nb=0), 4-6
be0a955bd7d46636:     padding, 120 bytes

be0a955bd7d46636: T= 10.088000, cwin: 3072,flight: 327,nb_ret: 17,rtt_min: 0,rtt: 250000,rtt_var: 0,max_ack_delay: 0,state: 14
be0a955bd7d46636: Sending 183 bytes to 11.0.0.1:4443 at T=10.088000 (35d013bd1ce41)
be0a955bd7d46636: T= 10.088010, Lost packet type 6, number 16, size 39, DCID <0000000000000001>, reason: timer
be0a955bd7d46636: Sending packet type: 6 (1rtt protected), S1, Q1,
be0a955bd7d46636:     <0000000000000001>, Seq: 18 (18), Phi: 0,
be0a955bd7d46636:     Prepared 28 bytes
be0a955bd7d46636:     Stream 0, offset 0, length 17, fin = 1: 474554202f696e64...
be0a955bd7d46636:     padding, 8 bytes

be0a955bd7d46636: T= 10.088010, cwin: 3072,flight: 327,nb_ret: 18,rtt_min: 0,rtt: 250000,rtt_var: 0,max_ack_delay: 0,state: 14
be0a955bd7d46636: Sending 55 bytes to 11.0.0.1:4443 at T=10.088010 (35d013bd1ce4b)
be0a955bd7d46636: T= 11.088001, Lost packet type 6, number 17, size 167, DCID <0000000000000001>, reason: timer
be0a955bd7d46636: Too many data retransmits, abandon path
Received a request to close the connection.
Connection end with local error 0x434.
Quic Bit was NOT greased by the client.
Quic Bit was NOT greased by the server.
ECN was not received.
ECN was not acknowledged.
Client exit with code = -1
