Starting Picoquic (v1.01a) connection to server = 11.0.0.1, port = 4443
Testing scenario: <0:index.html;4:test.html;8:/1234567;12:main.jpg;16:war-and-peace.txt;20:en/latest/;24:/file-123K>
be0a955bd7d46636: No root crt list specified -- certificate will not be verified.

Max stream id bidir remote before start = 0 (0)
be0a955bd7d46636: Sending ALPN list (1): hq-29
be0a955bd7d46636: Sending transport parameter TLS extension (83 bytes):
be0a955bd7d46636:     Extension list (83 bytes):
be0a955bd7d46636:         Extension type: 5 (max_stream_data_bidi_local), length 4, 80200000
be0a955bd7d46636:         Extension type: 4 (initial_max_data), length 4, 80100000
be0a955bd7d46636:         Extension type: 8 (max_streams_bidi), length 2, 4201
be0a955bd7d46636:         Extension type: 1 (idle_timeout), length 4, 80007530
be0a955bd7d46636:         Extension type: 3 (max_packet_size), length 2, 45a0
be0a955bd7d46636:         Extension type: 9 (max_streams_uni), length 2, 4201
be0a955bd7d46636:         Extension type: 6 (max_stream_data_bidi_remote), length 4, 80010063
be0a955bd7d46636:         Extension type: 7 (max_stream_data_uni), length 4, 8000ffff
be0a955bd7d46636:         Extension type: 14 (active_connection_id_limit), length 1, 08
be0a955bd7d46636:         Extension type: 11 (max_ack_delay), length 1, 0a
be0a955bd7d46636:         Extension type: 15 (hcid), length 8, 5bd24897ea7ffb84
be0a955bd7d46636:         Extension type: 5948 (unknown), length 2, 4a95
be0a955bd7d46636:         Extension type: 4278378010 (min_ack_delay), length 2, 43e8
be0a955bd7d46636:         Extension type: 29016 (enable_time_stamp), length 1, 03
be0a955bd7d46636:         Extension type: 10930 (grease_quic_bit), length 0
Starting client connection. Version = ff00001d, I-CID: be0a955bd7d46636
Max stream id bidir remote after start = 0 (0)
Waiting for packets.
be0a955bd7d46636: Sending packet type: 2 (initial), S0, Q1, Version ff00001d,
be0a955bd7d46636:     <be0a955bd7d46636>, <5bd24897ea7ffb84>, Seq: 0, pl: 1226
be0a955bd7d46636:     Token length: 0
be0a955bd7d46636:     Prepared 1206 bytes
be0a955bd7d46636:     ping, 1 bytes
be0a955bd7d46636:     Crypto HS frame, offset 0, length 287: 0100011b03031789...
be0a955bd7d46636:     padding, 914 bytes

be0a955bd7d46636: Sending 1252 bytes to 11.0.0.1:4443 at T=0.000043 (35d013b37e02c)
be0a955bd7d46636: Receiving 1232 bytes from 11.0.0.1:4443 at T=0.245037 (35d013b3b9d2e)
be0a955bd7d46636: Receiving packet type: 2 (initial), S0, Q1, Version ff00001d,
be0a955bd7d46636:     <5bd24897ea7ffb84>, <0000000000000001>, Seq: 1, pl: 1206
be0a955bd7d46636:     Token length: 0
be0a955bd7d46636:     Decrypted 1186 bytes
be0a955bd7d46636:     Crypto HS frame, offset 0, length 123: 020000770303cfbd...
be0a955bd7d46636:     padding, 1059 bytes

be0a955bd7d46636: Sending packet type: 4 (handshake), S0, Q1, Version ff00001d,
be0a955bd7d46636:     <0000000000000001>, <5bd24897ea7ffb84>, Seq: 0, pl: 21
be0a955bd7d46636:     Prepared 1 bytes
be0a955bd7d46636:     ping, 1 bytes

be0a955bd7d46636: Sending 46 bytes to 11.0.0.1:4443 at T=0.255037 (35d013b3bc43e)
be0a955bd7d46636: Receiving 1419 bytes from 11.0.0.1:4443 at T=0.258034 (35d013b3bcff3)
be0a955bd7d46636: Receiving packet type: 4 (handshake), S0, Q1, Version ff00001d,
be0a955bd7d46636:     <5bd24897ea7ffb84>, <0000000000000001>, Seq: 1, pl: 1394
be0a955bd7d46636:     Decrypted 1374 bytes
be0a955bd7d46636:     Crypto HS frame, offset 0, length 1354: 0800005600540000...
be0a955bd7d46636:     padding, 16 bytes

be0a955bd7d46636: Received transport parameter TLS extension (64 bytes):
be0a955bd7d46636:     Extension list (64 bytes):
be0a955bd7d46636:         Extension type: 5 (max_stream_data_bidi_local), length 4, 86054166
be0a955bd7d46636:         Extension type: 4 (initial_max_data), length 4, 86054166
be0a955bd7d46636:         Extension type: 1 (idle_timeout), length 4, 8fffffff
be0a955bd7d46636:         Extension type: 6 (max_stream_data_bidi_remote), length 4, 86054166
be0a955bd7d46636:         Extension type: 7 (max_stream_data_uni), length 4, 86054166
be0a955bd7d46636:         Extension type: 8 (max_streams_bidi), length 2, 40c8
be0a955bd7d46636:         Extension type: 15 (hcid), length 8, 0000000000000001
be0a955bd7d46636:         Extension type: 0 (ocid), length 8, be0a955bd7d46636
be0a955bd7d46636:         Extension type: 9 (max_streams_uni), length 4, 8000597d
be0a955bd7d46636:         Extension type: 3 (max_packet_size), length 2, 45dc
Negotiated ALPN: hq-29
be0a955bd7d46636: Negotiated ALPN: hq-29
Almost ready!

be0a955bd7d46636: Sending packet type: 4 (handshake), S0, Q1, Version ff00001d,
be0a955bd7d46636:     <0000000000000001>, <5bd24897ea7ffb84>, Seq: 1, pl: 64
be0a955bd7d46636:     Prepared 44 bytes
be0a955bd7d46636:     ACK (nb=0), 1
be0a955bd7d46636:     Crypto HS frame, offset 0, length 36: 1400002033ccf5f8...

be0a955bd7d46636: Sending packet type: 6 (1rtt protected), S0, Q1,
be0a955bd7d46636:     <0000000000000001>, Seq: 0 (0), Phi: 0,
be0a955bd7d46636:     Prepared 29 bytes
be0a955bd7d46636:     NEW CONNECTION ID[1]: 0xbe34a5c0c6e7213d, 0f83bc03801d5e7f638f7a013d441933
be0a955bd7d46636:     padding, 1 bytes

be0a955bd7d46636: T= 0.258035, cwin: 15360,flight: 190,nb_ret: 0,rtt_min: 0,rtt: 250000,rtt_var: 0,max_ack_delay: 0,state: 13
be0a955bd7d46636: Sending 144 bytes to 11.0.0.1:4443 at T=0.258035 (35d013b3bcff4)
Connection established. Version = ff00001d, I-CID: be0a955bd7d46636, verified: 1
be0a955bd7d46636: Connection established. Version = ff00001d, I-CID: be0a955bd7d46636, verified: 1
be0a955bd7d46636: Preparing GET on stream 0 for /index.html
Opening stream 0 to GET /index.html
be0a955bd7d46636: Sending packet type: 6 (1rtt protected), S0, Q1,
be0a955bd7d46636:     <0000000000000001>, Seq: 1 (1), Phi: 0,
be0a955bd7d46636:     Prepared 29 bytes
be0a955bd7d46636:     Stream 0, offset 0, length 17, fin = 1: 474554202f696e64...
be0a955bd7d46636:     padding, 9 bytes

be0a955bd7d46636: T= 0.258040, cwin: 15360,flight: 245,nb_ret: 0,rtt_min: 0,rtt: 250000,rtt_var: 0,max_ack_delay: 0,state: 13
be0a955bd7d46636: Sending 55 bytes to 11.0.0.1:4443 at T=0.258040 (35d013b3bcff9)
be0a955bd7d46636: Receiving 46 bytes from 11.0.0.1:4443 at T=0.263289 (35d013b3be47a)
be0a955bd7d46636: Receiving packet type: 6 (1rtt protected), S0, Q1,
be0a955bd7d46636:     <5bd24897ea7ffb84>, Seq: 1 (1), Phi: 0,
be0a955bd7d46636:     Decrypted 17 bytes
be0a955bd7d46636:     handshake_done
be0a955bd7d46636:     padding, 16 bytes

be0a955bd7d46636: T= 0.263289, cwin: 15360,flight: 199,nb_ret: 0,rtt_min: 0,rtt: 250000,rtt_var: 0,max_ack_delay: 0,state: 14
be0a955bd7d46636: Sending packet type: 6 (1rtt protected), S1, Q1,
be0a955bd7d46636:     <0000000000000001>, Seq: 2 (2), Phi: 0,
be0a955bd7d46636:     Prepared 29 bytes
be0a955bd7d46636:     ACK (nb=0), 1
be0a955bd7d46636:     padding, 23 bytes

be0a955bd7d46636: T= 0.264289, cwin: 15360,flight: 254,nb_ret: 0,rtt_min: 0,rtt: 250000,rtt_var: 0,max_ack_delay: 0,state: 14
be0a955bd7d46636: Sending 55 bytes to 11.0.0.1:4443 at T=0.264289 (35d013b3be862)
be0a955bd7d46636: Receiving 50 bytes from 11.0.0.1:4443 at T=0.504702 (35d013b3f937f)
be0a955bd7d46636: Receiving packet type: 6 (1rtt protected), S0, Q1,
be0a955bd7d46636:     <be34a5c0c6e7213d>, Seq: 2 (2), Phi: 0,
be0a955bd7d46636:     Decrypted 21 bytes
be0a955bd7d46636:     ACK (nb=0), 2
be0a955bd7d46636:     padding, 16 bytes

be0a955bd7d46636: T= 0.504702, cwin: 36926,flight: 199,nb_ret: 0,rtt_min: 240405,rtt: 240405,rtt_var: 120202,max_ack_delay: 0,state: 14
be0a955bd7d46636: T= 0.528448, Lost packet type 6, number 0, size 39, DCID <0000000000000001>, reason: repeat
be0a955bd7d46636: Sending packet type: 6 (1rtt protected), S1, Q1,
be0a955bd7d46636:     <0000000000000001>, Seq: 3 (3), Phi: 0,
be0a955bd7d46636:     Prepared 157 bytes
be0a955bd7d46636:     NEW CONNECTION ID[1]: 0xbe34a5c0c6e7213d, 0f83bc03801d5e7f638f7a013d441933
be0a955bd7d46636:     ACK (nb=0), 1-2
be0a955bd7d46636:     padding, 123 bytes

be0a955bd7d46636: T= 0.528448, cwin: 36926,flight: 327,nb_ret: 1,rtt_min: 240405,rtt: 240405,rtt_var: 120202,max_ack_delay: 0,state: 14
be0a955bd7d46636: Sending 183 bytes to 11.0.0.1:4443 at T=0.528448 (35d013b3ff041)
be0a955bd7d46636: T= 0.528456, Lost packet type 6, number 1, size 39, DCID <0000000000000001>, reason: repeat
be0a955bd7d46636: Sending packet type: 6 (1rtt protected), S1, Q1,
be0a955bd7d46636:     <0000000000000001>, Seq: 4 (4), Phi: 0,
be0a955bd7d46636:     Prepared 29 bytes
be0a955bd7d46636:     Stream 0, offset 0, length 17, fin = 1: 474554202f696e64...
be0a955bd7d46636:     padding, 9 bytes

be0a955bd7d46636: T= 0.528456, cwin: 36926,flight: 327,nb_ret: 2,rtt_min: 240405,rtt: 240405,rtt_var: 120202,max_ack_delay: 0,state: 14
be0a955bd7d46636: Sending 55 bytes to 11.0.0.1:4443 at T=0.528456 (35d013b3ff049)
be0a955bd7d46636: Receiving 53 bytes from 11.0.0.1:4443 at T=0.779004 (35d013b43c2fd)
be0a955bd7d46636: Receiving packet type: 6 (1rtt protected), S0, Q1,
be0a955bd7d46636:     <be34a5c0c6e7213d>, Seq: 4 (4), Phi: 0,
be0a955bd7d46636:     Decrypted 24 bytes
be0a955bd7d46636:     Stream 0, offset 0, length 4, fin = 1: 666f6f0a
be0a955bd7d46636:     padding, 16 bytes

Stream 0 ended after 4 bytes
be0a955bd7d46636: Preparing GET on stream 4 for /test.html
Opening stream 4 to GET /test.html
be0a955bd7d46636: T= 0.779004, cwin: 36926,flight: 327,nb_ret: 2,rtt_min: 240405,rtt: 240405,rtt_var: 120202,max_ack_delay: 0,state: 14
be0a955bd7d46636: Sending packet type: 6 (1rtt protected), S1, Q1,
be0a955bd7d46636:     <0000000000000001>, Seq: 5 (5), Phi: 0,
be0a955bd7d46636:     Prepared 29 bytes
be0a955bd7d46636:     ACK (nb=1), 4, 1-2
be0a955bd7d46636:     Stream 4, offset 0, length 16, fin = 1: 474554202f746573...
be0a955bd7d46636:     padding, 3 bytes

be0a955bd7d46636: T= 0.779008, cwin: 36926,flight: 382,nb_ret: 2,rtt_min: 240405,rtt: 240405,rtt_var: 120202,max_ack_delay: 0,state: 14
be0a955bd7d46636: Sending 55 bytes to 11.0.0.1:4443 at T=0.779008 (35d013b43c301)
be0a955bd7d46636: Receiving 53 bytes from 11.0.0.1:4443 at T=0.809265 (35d013b443932)
be0a955bd7d46636: Receiving packet type: 6 (1rtt protected), S0, Q1,
be0a955bd7d46636:     <5bd24897ea7ffb84>, Seq: 5 (5), Phi: 0,
be0a955bd7d46636:     Decrypted 24 bytes
be0a955bd7d46636:     Stream 0, offset 0, length 4, fin = 1: 666f6f0a
be0a955bd7d46636:     padding, 16 bytes

be0a955bd7d46636: T= 0.809265, cwin: 36926,flight: 382,nb_ret: 2,rtt_min: 240405,rtt: 240405,rtt_var: 120202,max_ack_delay: 0,state: 14
be0a955bd7d46636: Sending packet type: 6 (1rtt protected), S1, Q1,
be0a955bd7d46636:     <0000000000000001>, Seq: 6 (6), Phi: 0,
be0a955bd7d46636:     Prepared 29 bytes
be0a955bd7d46636:     ACK (nb=1), 4-5, 1-2
be0a955bd7d46636:     padding, 22 bytes

be0a955bd7d46636: T= 0.809266, cwin: 36926,flight: 437,nb_ret: 2,rtt_min: 240405,rtt: 240405,rtt_var: 120202,max_ack_delay: 0,state: 14
be0a955bd7d46636: Sending 55 bytes to 11.0.0.1:4443 at T=0.809266 (35d013b443933)
be0a955bd7d46636: Receiving 50 bytes from 11.0.0.1:4443 at T=0.824530 (35d013b4474d3)
be0a955bd7d46636: Receiving packet type: 6 (1rtt protected), S0, Q1,
be0a955bd7d46636:     <be34a5c0c6e7213d>, Seq: 6 (6), Phi: 0,
be0a955bd7d46636:     Decrypted 21 bytes
be0a955bd7d46636:     ACK (nb=0), 4
be0a955bd7d46636:     padding, 16 bytes

be0a955bd7d46636: T= 0.824530, cwin: 36926,flight: 382,nb_ret: 2,rtt_min: 240405,rtt: 247359,rtt_var: 104062,max_ack_delay: 0,state: 14
be0a955bd7d46636: T= 0.854522, Lost packet type 6, number 3, size 167, DCID <0000000000000001>, reason: repeat
be0a955bd7d46636: Sending packet type: 6 (1rtt protected), S1, Q1,
be0a955bd7d46636:     <0000000000000001>, Seq: 7 (7), Phi: 0,
be0a955bd7d46636:     Prepared 157 bytes
be0a955bd7d46636:     NEW CONNECTION ID[1]: 0xbe34a5c0c6e7213d, 0f83bc03801d5e7f638f7a013d441933
be0a955bd7d46636:     ACK (nb=1), 4-6, 1-2
be0a955bd7d46636:     padding, 121 bytes

be0a955bd7d46636: T= 0.854522, cwin: 36926,flight: 382,nb_ret: 3,rtt_min: 240405,rtt: 247359,rtt_var: 104062,max_ack_delay: 0,state: 14
be0a955bd7d46636: Sending 183 bytes to 11.0.0.1:4443 at T=0.854522 (35d013b44e9fb)
be0a955bd7d46636: Receiving 50 bytes from 11.0.0.1:4443 at T=0.999665 (35d013b4720f2)
be0a955bd7d46636: Receiving packet type: 6 (1rtt protected), S0, Q1,
be0a955bd7d46636:     <be34a5c0c6e7213d>, Seq: 9 (9), Phi: 0,
be0a955bd7d46636:     Decrypted 21 bytes
be0a955bd7d46636:     ACK (nb=0), 5
be0a955bd7d46636:     padding, 16 bytes

be0a955bd7d46636: T= 0.999665, cwin: 36926,flight: 327,nb_ret: 3,rtt_min: 220649,rtt: 244021,rtt_var: 84724,max_ack_delay: 0,state: 14
be0a955bd7d46636: Receiving 50 bytes from 11.0.0.1:4443 at T=1.004920 (35d013b473579)
be0a955bd7d46636: Receiving packet type: 6 (1rtt protected), S0, Q1,
be0a955bd7d46636:     <5bd24897ea7ffb84>, Seq: 10 (10), Phi: 0,
be0a955bd7d46636:     Decrypted 21 bytes
be0a955bd7d46636:     ACK (nb=0), 5
be0a955bd7d46636:     padding, 16 bytes

be0a955bd7d46636: T= 1.004920, cwin: 36926,flight: 327,nb_ret: 3,rtt_min: 220649,rtt: 244021,rtt_var: 84724,max_ack_delay: 0,state: 14
be0a955bd7d46636: Receiving 58 bytes from 11.0.0.1:4443 at T=1.029683 (35d013b479634)
be0a955bd7d46636: Receiving packet type: 6 (1rtt protected), S0, Q1,
be0a955bd7d46636:     <be34a5c0c6e7213d>, Seq: 11 (11), Phi: 0,
be0a955bd7d46636:     Decrypted 29 bytes
be0a955bd7d46636:     Stream 4, offset 0, length 4, fin = 1: 666f6f0a
be0a955bd7d46636:     ACK (nb=0), 6
be0a955bd7d46636:     padding, 16 bytes

Stream 4 ended after 4 bytes
be0a955bd7d46636: Preparing GET on stream 8 for /1234567
Opening stream 8 to GET /1234567
be0a955bd7d46636: T= 1.029683, cwin: 36926,flight: 272,nb_ret: 3,rtt_min: 220401,rtt: 241069,rtt_var: 69448,max_ack_delay: 0,state: 14
be0a955bd7d46636: Sending packet type: 6 (1rtt protected), S1, Q1,
be0a955bd7d46636:     <0000000000000001>, Seq: 8 (8), Phi: 0,
be0a955bd7d46636:     Prepared 29 bytes
be0a955bd7d46636:     ACK (nb=1), 9-11, 5-6
be0a955bd7d46636:     Stream 8, offset 0, length 14, fin = 1: 474554202f313233...
be0a955bd7d46636:     padding, 5 bytes

be0a955bd7d46636: T= 1.029687, cwin: 36926,flight: 327,nb_ret: 3,rtt_min: 220401,rtt: 241069,rtt_var: 69448,max_ack_delay: 0,state: 14
be0a955bd7d46636: Sending 55 bytes to 11.0.0.1:4443 at T=1.029687 (35d013b479638)
be0a955bd7d46636: Receiving 58 bytes from 11.0.0.1:4443 at T=1.044952 (35d013b47d1d9)
be0a955bd7d46636: Receiving packet type: 6 (1rtt protected), S0, Q1,
be0a955bd7d46636:     <be34a5c0c6e7213d>, Seq: 12 (12), Phi: 0,
be0a955bd7d46636:     Decrypted 29 bytes
be0a955bd7d46636:     Stream 4, offset 0, length 4, fin = 1: 666f6f0a
be0a955bd7d46636:     ACK (nb=0), 6
be0a955bd7d46636:     padding, 16 bytes

be0a955bd7d46636: T= 1.044952, cwin: 36926,flight: 327,nb_ret: 3,rtt_min: 220401,rtt: 241069,rtt_var: 69448,max_ack_delay: 0,state: 14
be0a955bd7d46636: Sending packet type: 6 (1rtt protected), S1, Q1,
be0a955bd7d46636:     <0000000000000001>, Seq: 9 (9), Phi: 0,
be0a955bd7d46636:     Prepared 29 bytes
be0a955bd7d46636:     ACK (nb=1), 9-12, 5-6
be0a955bd7d46636:     padding, 21 bytes

be0a955bd7d46636: T= 1.054952, cwin: 36926,flight: 382,nb_ret: 3,rtt_min: 220401,rtt: 241069,rtt_var: 69448,max_ack_delay: 0,state: 14
be0a955bd7d46636: Sending 55 bytes to 11.0.0.1:4443 at T=1.054952 (35d013b47f8e9)
be0a955bd7d46636: Receiving 63 bytes from 11.0.0.1:4443 at T=1.069946 (35d013b48337b)
be0a955bd7d46636: Receiving packet type: 6 (1rtt protected), S0, Q1,
be0a955bd7d46636:     <be34a5c0c6e7213d>, Seq: 13 (13), Phi: 0,
be0a955bd7d46636:     Decrypted 34 bytes
be0a955bd7d46636:     Stream 4, offset 0, length 4, fin = 1: 666f6f0a
be0a955bd7d46636:     ACK (nb=0), 6
be0a955bd7d46636:     ACK (nb=0), 7
be0a955bd7d46636:     padding, 16 bytes

be0a955bd7d46636: T= 1.069946, cwin: 36926,flight: 199,nb_ret: 3,rtt_min: 215424,rtt: 237865,rtt_var: 58498,max_ack_delay: 0,state: 14
be0a955bd7d46636: Sending packet type: 6 (1rtt protected), S1, Q1,
be0a955bd7d46636:     <0000000000000001>, Seq: 10 (10), Phi: 0,
be0a955bd7d46636:     Prepared 29 bytes
be0a955bd7d46636:     ACK (nb=1), 9-13, 5-6
be0a955bd7d46636:     padding, 21 bytes

be0a955bd7d46636: T= 1.079946, cwin: 36926,flight: 254,nb_ret: 3,rtt_min: 215424,rtt: 237865,rtt_var: 58498,max_ack_delay: 0,state: 14
be0a955bd7d46636: Sending 55 bytes to 11.0.0.1:4443 at T=1.079946 (35d013b485a8b)
be0a955bd7d46636: Receiving 63 bytes from 11.0.0.1:4443 at T=1.080233 (35d013b485baa)
be0a955bd7d46636: Receiving packet type: 6 (1rtt protected), S0, Q1,
be0a955bd7d46636:     <5bd24897ea7ffb84>, Seq: 14 (14), Phi: 0,
be0a955bd7d46636:     Decrypted 34 bytes
be0a955bd7d46636:     Stream 4, offset 0, length 4, fin = 1: 666f6f0a
be0a955bd7d46636:     ACK (nb=0), 6
be0a955bd7d46636:     ACK (nb=0), 7
be0a955bd7d46636:     padding, 16 bytes

be0a955bd7d46636: T= 1.080233, cwin: 36926,flight: 254,nb_ret: 3,rtt_min: 215424,rtt: 237865,rtt_var: 58498,max_ack_delay: 0,state: 14
be0a955bd7d46636: Sending packet type: 6 (1rtt protected), S1, Q1,
be0a955bd7d46636:     <0000000000000001>, Seq: 11 (11), Phi: 0,
be0a955bd7d46636:     Prepared 29 bytes
be0a955bd7d46636:     ACK (nb=1), 9-14, 5-6
be0a955bd7d46636:     padding, 21 bytes

be0a955bd7d46636: T= 1.090234, cwin: 36926,flight: 309,nb_ret: 3,rtt_min: 215424,rtt: 237865,rtt_var: 58498,max_ack_delay: 0,state: 14
be0a955bd7d46636: Sending 55 bytes to 11.0.0.1:4443 at T=1.090234 (35d013b4882bb)
be0a955bd7d46636: Receiving 50 bytes from 11.0.0.1:4443 at T=1.260343 (35d013b4b1b38)
be0a955bd7d46636: Receiving packet type: 6 (1rtt protected), S0, Q1,
be0a955bd7d46636:     <be34a5c0c6e7213d>, Seq: 15 (15), Phi: 0,
be0a955bd7d46636:     Decrypted 21 bytes
be0a955bd7d46636:     ACK (nb=0), 8
be0a955bd7d46636:     padding, 16 bytes

be0a955bd7d46636: T= 1.260343, cwin: 36926,flight: 254,nb_ret: 3,rtt_min: 215424,rtt: 236961,rtt_var: 53856,max_ack_delay: 0,state: 14
be0a955bd7d46636: Receiving 50 bytes from 11.0.0.1:4443 at T=1.265598 (35d013b4b2fbf)
be0a955bd7d46636: Receiving packet type: 6 (1rtt protected), S0, Q1,
be0a955bd7d46636:     <5bd24897ea7ffb84>, Seq: 16 (16), Phi: 0,
be0a955bd7d46636:     Decrypted 21 bytes
be0a955bd7d46636:     ACK (nb=0), 8
be0a955bd7d46636:     padding, 16 bytes

be0a955bd7d46636: T= 1.265598, cwin: 36926,flight: 254,nb_ret: 3,rtt_min: 215424,rtt: 236961,rtt_var: 53856,max_ack_delay: 0,state: 14
be0a955bd7d46636: Receiving 55 bytes from 11.0.0.1:4443 at T=1.310651 (35d013b4bdfbc)
be0a955bd7d46636: Receiving packet type: 6 (1rtt protected), S0, Q1,
be0a955bd7d46636:     <be34a5c0c6e7213d>, Seq: 17 (17), Phi: 0,
be0a955bd7d46636:     Decrypted 26 bytes
be0a955bd7d46636:     ACK (nb=0), 9
be0a955bd7d46636:     ACK (nb=0), 11
be0a955bd7d46636:     padding, 16 bytes

be0a955bd7d46636: T= 1.310651, cwin: 36926,flight: 144,nb_ret: 3,rtt_min: 215424,rtt: 239299,rtt_var: 53856,max_ack_delay: 0,state: 14
be0a955bd7d46636: T= 1.330363, Lost packet type 6, number 10, size 39, DCID <0000000000000001>, reason: repeat
be0a955bd7d46636: Receiving 63 bytes from 11.0.0.1:4443 at T=1.375936 (35d013b4cdec1)
be0a955bd7d46636: Receiving packet type: 6 (1rtt protected), S0, Q1,
be0a955bd7d46636:     <5bd24897ea7ffb84>, Seq: 18 (18), Phi: 0,
be0a955bd7d46636:     Decrypted 34 bytes
be0a955bd7d46636:     ACK (nb=0), 9
be0a955bd7d46636:     ACK (nb=0), 11
be0a955bd7d46636:     Stream 8, offset 0, length 4, fin = 1: 666f6f0a
be0a955bd7d46636:     padding, 16 bytes

Stream 8 ended after 4 bytes
be0a955bd7d46636: Preparing GET on stream 12 for /main.jpg
Opening stream 12 to GET /main.jpg
be0a955bd7d46636: T= 1.375936, cwin: 36926,flight: 89,nb_ret: 3,rtt_min: 215424,rtt: 239299,rtt_var: 53856,max_ack_delay: 0,state: 14
be0a955bd7d46636: Sending packet type: 6 (1rtt protected), S1, Q1,
be0a955bd7d46636:     <0000000000000001>, Seq: 12 (12), Phi: 0,
be0a955bd7d46636:     Prepared 29 bytes
be0a955bd7d46636:     ACK (nb=0), 12-18
be0a955bd7d46636:     Stream 12, offset 0, length 15, fin = 1: 474554202f6d6169...
be0a955bd7d46636:     padding, 6 bytes

be0a955bd7d46636: T= 1.375940, cwin: 36926,flight: 144,nb_ret: 3,rtt_min: 215424,rtt: 239299,rtt_var: 53856,max_ack_delay: 0,state: 14
be0a955bd7d46636: Sending 55 bytes to 11.0.0.1:4443 at T=1.375940 (35d013b4cdec5)
be0a955bd7d46636: Receiving 50 bytes from 11.0.0.1:4443 at T=1.421222 (35d013b4d8fa7)
be0a955bd7d46636: Receiving packet type: 6 (1rtt protected), S0, Q1,
be0a955bd7d46636:     <be34a5c0c6e7213d>, Seq: 19 (19), Phi: 0,
be0a955bd7d46636:     Decrypted 21 bytes
be0a955bd7d46636:     max_streams_unidir: max rank 50109.
be0a955bd7d46636:     padding, 16 bytes

be0a955bd7d46636: T= 1.421222, cwin: 36926,flight: 144,nb_ret: 3,rtt_min: 215424,rtt: 239299,rtt_var: 53856,max_ack_delay: 0,state: 14
be0a955bd7d46636: Receiving 50 bytes from 11.0.0.1:4443 at T=1.421477 (35d013b4d90a6)
be0a955bd7d46636: Receiving packet type: 6 (1rtt protected), S0, Q1,
be0a955bd7d46636:     <5bd24897ea7ffb84>, Seq: 20 (20), Phi: 0,
be0a955bd7d46636:     Decrypted 21 bytes
be0a955bd7d46636:     max_streams_unidir: max rank 50109.
be0a955bd7d46636:     padding, 16 bytes

be0a955bd7d46636: T= 1.421477, cwin: 36926,flight: 144,nb_ret: 3,rtt_min: 215424,rtt: 239299,rtt_var: 53856,max_ack_delay: 0,state: 14
be0a955bd7d46636: Sending packet type: 6 (1rtt protected), S1, Q1,
be0a955bd7d46636:     <0000000000000001>, Seq: 13 (13), Phi: 0,
be0a955bd7d46636:     Prepared 29 bytes
be0a955bd7d46636:     ACK (nb=0), 12-20
be0a955bd7d46636:     padding, 24 bytes

be0a955bd7d46636: T= 1.421478, cwin: 36926,flight: 199,nb_ret: 3,rtt_min: 215424,rtt: 239299,rtt_var: 53856,max_ack_delay: 0,state: 14
be0a955bd7d46636: Sending 55 bytes to 11.0.0.1:4443 at T=1.421478 (35d013b4d90a7)
be0a955bd7d46636: T= 1.855664, Lost packet type 6, number 12, size 39, DCID <0000000000000001>, reason: timer
be0a955bd7d46636: Sending packet type: 6 (1rtt protected), S1, Q1,
be0a955bd7d46636:     <0000000000000001>, Seq: 14 (14), Phi: 0,
be0a955bd7d46636:     Prepared 29 bytes
be0a955bd7d46636:     Stream 12, offset 0, length 15, fin = 1: 474554202f6d6169...
be0a955bd7d46636:     padding, 11 bytes

be0a955bd7d46636: T= 1.855664, cwin: 3072,flight: 199,nb_ret: 4,rtt_min: 215424,rtt: 239299,rtt_var: 53856,max_ack_delay: 0,state: 14
be0a955bd7d46636: Sending 55 bytes to 11.0.0.1:4443 at T=1.855664 (35d013b5430b1)
be0a955bd7d46636: T= 2.380925, Lost packet type 6, number 13, size 39, DCID <0000000000000001>, reason: timer
be0a955bd7d46636: T= 2.815111, Lost packet type 6, number 14, size 39, DCID <0000000000000001>, reason: timer
be0a955bd7d46636: Sending packet type: 6 (1rtt protected), S1, Q1,
be0a955bd7d46636:     <0000000000000001>, Seq: 15 (15), Phi: 0,
be0a955bd7d46636:     Prepared 29 bytes
be0a955bd7d46636:     Stream 12, offset 0, length 15, fin = 1: 474554202f6d6169...
be0a955bd7d46636:     padding, 11 bytes

be0a955bd7d46636: T= 2.815111, cwin: 3072,flight: 144,nb_ret: 5,rtt_min: 215424,rtt: 239299,rtt_var: 53856,max_ack_delay: 0,state: 14
be0a955bd7d46636: Sending 55 bytes to 11.0.0.1:4443 at T=2.815111 (35d013b62d488)
be0a955bd7d46636: T= 3.774558, Lost packet type 6, number 15, size 39, DCID <0000000000000001>, reason: timer
be0a955bd7d46636: Sending packet type: 6 (1rtt protected), S1, Q1,
be0a955bd7d46636:     <0000000000000001>, Seq: 16 (16), Phi: 0,
be0a955bd7d46636:     Prepared 28 bytes
be0a955bd7d46636:     Stream 12, offset 0, length 15, fin = 1: 474554202f6d6169...
be0a955bd7d46636:     padding, 10 bytes

be0a955bd7d46636: T= 3.774558, cwin: 3072,flight: 144,nb_ret: 6,rtt_min: 215424,rtt: 239299,rtt_var: 53856,max_ack_delay: 0,state: 14
be0a955bd7d46636: Sending 55 bytes to 11.0.0.1:4443 at T=3.774558 (35d013b71785f)
be0a955bd7d46636: T= 5.693451, Lost packet type 6, number 16, size 39, DCID <0000000000000001>, reason: timer
be0a955bd7d46636: Sending packet type: 6 (1rtt protected), S1, Q1,
be0a955bd7d46636:     <0000000000000001>, Seq: 17 (17), Phi: 0,
be0a955bd7d46636:     Prepared 28 bytes
be0a955bd7d46636:     Stream 12, offset 0, length 15, fin = 1: 474554202f6d6169...
be0a955bd7d46636:     padding, 10 bytes

be0a955bd7d46636: T= 5.693451, cwin: 3072,flight: 144,nb_ret: 7,rtt_min: 215424,rtt: 239299,rtt_var: 53856,max_ack_delay: 0,state: 14
be0a955bd7d46636: Sending 55 bytes to 11.0.0.1:4443 at T=5.693451 (35d013b8ec00c)
be0a955bd7d46636: T= 7.612344, Lost packet type 6, number 17, size 39, DCID <0000000000000001>, reason: timer
be0a955bd7d46636: Sending packet type: 6 (1rtt protected), S1, Q1,
be0a955bd7d46636:     <0000000000000001>, Seq: 18 (18), Phi: 0,
be0a955bd7d46636:     Prepared 28 bytes
be0a955bd7d46636:     Stream 12, offset 0, length 15, fin = 1: 474554202f6d6169...
be0a955bd7d46636:     padding, 10 bytes

be0a955bd7d46636: T= 7.612344, cwin: 3072,flight: 144,nb_ret: 8,rtt_min: 215424,rtt: 239299,rtt_var: 53856,max_ack_delay: 0,state: 14
be0a955bd7d46636: Sending 55 bytes to 11.0.0.1:4443 at T=7.612344 (35d013bac07b9)
be0a955bd7d46636: T= 9.531239, Lost packet type 6, number 18, size 39, DCID <0000000000000001>, reason: timer
be0a955bd7d46636: Sending packet type: 6 (1rtt protected), S1, Q1,
be0a955bd7d46636:     <0000000000000001>, Seq: 19 (19), Phi: 0,
be0a955bd7d46636:     Prepared 28 bytes
be0a955bd7d46636:     Stream 12, offset 0, length 15, fin = 1: 474554202f6d6169...
be0a955bd7d46636:     padding, 10 bytes

be0a955bd7d46636: T= 9.531239, cwin: 3072,flight: 144,nb_ret: 9,rtt_min: 215424,rtt: 239299,rtt_var: 53856,max_ack_delay: 0,state: 14
be0a955bd7d46636: Sending 55 bytes to 11.0.0.1:4443 at T=9.531239 (35d013bc94f68)
be0a955bd7d46636: T= 11.450132, Lost packet type 6, number 19, size 39, DCID <0000000000000001>, reason: timer
be0a955bd7d46636: Sending packet type: 6 (1rtt protected), S1, Q1,
be0a955bd7d46636:     <0000000000000001>, Seq: 20 (20), Phi: 0,
be0a955bd7d46636:     Prepared 28 bytes
be0a955bd7d46636:     Stream 12, offset 0, length 15, fin = 1: 474554202f6d6169...
be0a955bd7d46636:     padding, 10 bytes

be0a955bd7d46636: T= 11.450132, cwin: 3072,flight: 144,nb_ret: 10,rtt_min: 215424,rtt: 239299,rtt_var: 53856,max_ack_delay: 0,state: 14
be0a955bd7d46636: Sending 55 bytes to 11.0.0.1:4443 at T=11.450132 (35d013be69715)
be0a955bd7d46636: T= 13.369025, Lost packet type 6, number 20, size 39, DCID <0000000000000001>, reason: timer
be0a955bd7d46636: Sending packet type: 6 (1rtt protected), S1, Q1,
be0a955bd7d46636:     <0000000000000001>, Seq: 21 (21), Phi: 0,
be0a955bd7d46636:     Prepared 28 bytes
be0a955bd7d46636:     Stream 12, offset 0, length 15, fin = 1: 474554202f6d6169...
be0a955bd7d46636:     padding, 10 bytes

be0a955bd7d46636: T= 13.369025, cwin: 3072,flight: 144,nb_ret: 11,rtt_min: 215424,rtt: 239299,rtt_var: 53856,max_ack_delay: 0,state: 14
be0a955bd7d46636: Sending 55 bytes to 11.0.0.1:4443 at T=13.369025 (35d013c03dec2)
be0a955bd7d46636: T= 15.287918, Lost packet type 6, number 21, size 39, DCID <0000000000000001>, reason: timer
be0a955bd7d46636: Sending packet type: 6 (1rtt protected), S1, Q1,
be0a955bd7d46636:     <0000000000000001>, Seq: 22 (22), Phi: 0,
be0a955bd7d46636:     Prepared 28 bytes
be0a955bd7d46636:     Stream 12, offset 0, length 15, fin = 1: 474554202f6d6169...
be0a955bd7d46636:     padding, 10 bytes

be0a955bd7d46636: T= 15.287918, cwin: 3072,flight: 144,nb_ret: 12,rtt_min: 215424,rtt: 239299,rtt_var: 53856,max_ack_delay: 0,state: 14
be0a955bd7d46636: Sending 55 bytes to 11.0.0.1:4443 at T=15.287918 (35d013c21266f)
be0a955bd7d46636: T= 17.206811, Lost packet type 6, number 22, size 39, DCID <0000000000000001>, reason: timer
be0a955bd7d46636: Sending packet type: 6 (1rtt protected), S1, Q1,
be0a955bd7d46636:     <0000000000000001>, Seq: 23 (23), Phi: 0,
be0a955bd7d46636:     Prepared 28 bytes
be0a955bd7d46636:     Stream 12, offset 0, length 15, fin = 1: 474554202f6d6169...
be0a955bd7d46636:     padding, 10 bytes

be0a955bd7d46636: T= 17.206811, cwin: 3072,flight: 144,nb_ret: 13,rtt_min: 215424,rtt: 239299,rtt_var: 53856,max_ack_delay: 0,state: 14
be0a955bd7d46636: Sending 55 bytes to 11.0.0.1:4443 at T=17.206811 (35d013c3e6e1c)
be0a955bd7d46636: T= 19.125704, Lost packet type 6, number 23, size 39, DCID <0000000000000001>, reason: timer
be0a955bd7d46636: Sending packet type: 6 (1rtt protected), S1, Q1,
be0a955bd7d46636:     <0000000000000001>, Seq: 24 (24), Phi: 0,
be0a955bd7d46636:     Prepared 28 bytes
be0a955bd7d46636:     Stream 12, offset 0, length 15, fin = 1: 474554202f6d6169...
be0a955bd7d46636:     padding, 10 bytes

be0a955bd7d46636: T= 19.125704, cwin: 3072,flight: 144,nb_ret: 14,rtt_min: 215424,rtt: 239299,rtt_var: 53856,max_ack_delay: 0,state: 14
be0a955bd7d46636: Sending 55 bytes to 11.0.0.1:4443 at T=19.125704 (35d013c5bb5c9)
be0a955bd7d46636: T= 21.044597, Lost packet type 6, number 24, size 39, DCID <0000000000000001>, reason: timer
be0a955bd7d46636: Sending packet type: 6 (1rtt protected), S1, Q1,
be0a955bd7d46636:     <0000000000000001>, Seq: 25 (25), Phi: 0,
be0a955bd7d46636:     Prepared 28 bytes
be0a955bd7d46636:     Stream 12, offset 0, length 15, fin = 1: 474554202f6d6169...
be0a955bd7d46636:     padding, 10 bytes

be0a955bd7d46636: T= 21.044597, cwin: 3072,flight: 144,nb_ret: 15,rtt_min: 215424,rtt: 239299,rtt_var: 53856,max_ack_delay: 0,state: 14
be0a955bd7d46636: Sending 55 bytes to 11.0.0.1:4443 at T=21.044597 (35d013c78fd76)
be0a955bd7d46636: T= 22.963492, Lost packet type 6, number 25, size 39, DCID <0000000000000001>, reason: timer
be0a955bd7d46636: Sending packet type: 6 (1rtt protected), S1, Q1,
be0a955bd7d46636:     <0000000000000001>, Seq: 26 (26), Phi: 0,
be0a955bd7d46636:     Prepared 28 bytes
be0a955bd7d46636:     Stream 12, offset 0, length 15, fin = 1: 474554202f6d6169...
be0a955bd7d46636:     padding, 10 bytes

be0a955bd7d46636: T= 22.963492, cwin: 3072,flight: 144,nb_ret: 16,rtt_min: 215424,rtt: 239299,rtt_var: 53856,max_ack_delay: 0,state: 14
be0a955bd7d46636: Sending 55 bytes to 11.0.0.1:4443 at T=22.963492 (35d013c964525)
be0a955bd7d46636: T= 24.882385, Lost packet type 6, number 26, size 39, DCID <0000000000000001>, reason: timer
be0a955bd7d46636: Sending packet type: 6 (1rtt protected), S1, Q1,
be0a955bd7d46636:     <0000000000000001>, Seq: 27 (27), Phi: 0,
be0a955bd7d46636:     Prepared 28 bytes
be0a955bd7d46636:     Stream 12, offset 0, length 15, fin = 1: 474554202f6d6169...
be0a955bd7d46636:     padding, 10 bytes

be0a955bd7d46636: T= 24.882385, cwin: 3072,flight: 144,nb_ret: 17,rtt_min: 215424,rtt: 239299,rtt_var: 53856,max_ack_delay: 0,state: 14
be0a955bd7d46636: Sending 55 bytes to 11.0.0.1:4443 at T=24.882385 (35d013cb38cd2)
be0a955bd7d46636: T= 26.801278, Lost packet type 6, number 27, size 39, DCID <0000000000000001>, reason: timer
be0a955bd7d46636: Too many data retransmits, abandon path
Received a request to close the connection.
Connection end with local error 0x434.
Quic Bit was NOT greased by the client.
Quic Bit was NOT greased by the server.
ECN was not received.
ECN was not acknowledged.
Received 12 bytes in 26.801280 seconds, 0.000004 Mbps.
be0a955bd7d46636: Received 12 bytes in 26.801280 seconds, 0.000004 Mbps.
max_data_local: 1048576
max_max_stream_data_local: 2097152
max_data_remote: 101007718
max_max_stream_data_remote: 796
ack_delay_remote: 1000 ... 1000
max_ack_gap_remote: 2
ack_delay_local: 25000 ... 25000
max_ack_gap_local: 2
max_mtu_sent: 1252
max_mtu_received: 1419
Client exit with code = -1
