Starting Picoquic server (v1.01a) on port 4443, server name = ::, just_once = 0, do_retry = 0
Waiting for packets.
0000000000000001: Receiving 1232 bytes from 11.0.0.1:4987 at T=0.000000 (35d013b479a64)
0000000000000001: Receiving packet type: 2 (initial), S0, Q1, Version ff00001d,
0000000000000001:     <0000000000000001>, <0000000000000000>, Seq: 1, pl: 1206
0000000000000001:     Token length: 0
0000000000000001:     Decrypted 1186 bytes
0000000000000001:     Crypto HS frame, offset 0, length 215: 010000d30303ee3b...
0000000000000001:     padding, 967 bytes

0000000000000001: Received ALPN list (1): hq-29
0000000000000001: Received transport parameter TLS extension (50 bytes):
0000000000000001:     Extension list (50 bytes):
0000000000000001:         Extension type: 5 (max_stream_data_bidi_local), length 2, 6000
0000000000000001:         Extension type: 4 (initial_max_data), length 4, 86054166
0000000000000001:         Extension type: 1 (idle_timeout), length 4, 86054161
0000000000000001:         Extension type: 6 (max_stream_data_bidi_remote), length 2, 6000
0000000000000001:         Extension type: 7 (max_stream_data_uni), length 4, 86054166
0000000000000001:         Extension type: 15 (hcid), length 8, 0000000000000000
0000000000000001:         Extension type: 12 (disable_migration), length 0
0000000000000001:         Extension type: 8 (max_streams_bidi), length 4, 8000597d
0000000000000001:         Extension type: 9 (max_streams_uni), length 4, 8000597d
0000000000000001: Sending transport parameter TLS extension (86 bytes):
0000000000000001:     Extension list (86 bytes):
0000000000000001:         Extension type: 5 (max_stream_data_bidi_local), length 4, 80200000
0000000000000001:         Extension type: 4 (initial_max_data), length 4, 80100000
0000000000000001:         Extension type: 8 (max_streams_bidi), length 2, 4201
0000000000000001:         Extension type: 1 (idle_timeout), length 4, 80007530
0000000000000001:         Extension type: 3 (max_packet_size), length 2, 45a0
0000000000000001:         Extension type: 9 (max_streams_uni), length 2, 4201
0000000000000001:         Extension type: 6 (max_stream_data_bidi_remote), length 4, 80010063
0000000000000001:         Extension type: 7 (max_stream_data_uni), length 4, 8000ffff
0000000000000001:         Extension type: 14 (active_connection_id_limit), length 1, 08
0000000000000001:         Extension type: 11 (max_ack_delay), length 1, 0a
0000000000000001:         Extension type: 15 (hcid), length 8, 7a4f53636fb80cb0
0000000000000001:         Extension type: 0 (ocid), length 8, 0000000000000001
0000000000000001:         Extension type: 2 (stateless_reset_token), length 16, 947f8edc1154893ec97e9be2ec4c497d
0000000000000001: Sending packet type: 2 (initial), S0, Q1, Version ff00001d,
0000000000000001:     <0000000000000000>, <7a4f53636fb80cb0>, Seq: 0, pl: 119
0000000000000001:     Token length: 0
0000000000000001:     Prepared 99 bytes
0000000000000001:     ACK (nb=0), 1
0000000000000001:     Crypto HS frame, offset 0, length 90: 0200005603038256...

0000000000000001: Sending packet type: 4 (handshake), S0, Q1, Version ff00001d,
0000000000000001:     <0000000000000000>, <7a4f53636fb80cb0>, Seq: 0, pl: 1082
0000000000000001:     Prepared 1062 bytes
0000000000000001:     Crypto HS frame, offset 0, length 1058: 0800006c006a0000...

0000000000000001: Sending 1252 bytes to 11.0.0.1:4987 at T=0.000021 (35d013b479a79)
0000000000000001: Server CB, Stream: 0, 0 bytes, fin=9

0000000000000001: Sending packet type: 4 (handshake), S0, Q1, Version ff00001d,
0000000000000001:     <0000000000000000>, <7a4f53636fb80cb0>, Seq: 1, pl: 207
0000000000000001:     Prepared 187 bytes
0000000000000001:     Crypto HS frame, offset 1058, length 182: bbcf97d5dd215758...

0000000000000001: Sending packet type: 6 (1rtt protected), S0, Q1,
0000000000000001:     <0000000000000000>, Seq: 0 (0), Phi: 0,
0000000000000001:     Prepared 157 bytes
0000000000000001:     NEW TOKEN[50]: 0xde8105a170564031fac3da71fdfd38e9...
0000000000000001:     NEW CONNECTION ID[1]: 0x157703a793d73752, dcdcb1f37342e4bb46def1e01f3a6e60
0000000000000001:     padding, 77 bytes

1: T= 0.000021, cwin: 15360,flight: 1667,nb_ret: 0,rtt_min: 0,rtt: 250000,rtt_var: 0,max_ack_delay: 0,state: 11
0000000000000001: Sending 415 bytes to 11.0.0.1:4987 at T=0.000021 (35d013b479a79)
0000000000000001: Sending packet type: 6 (1rtt protected), S0, Q1,
0000000000000001:     <0000000000000000>, Seq: 1 (1), Phi: 0,
0000000000000001:     Prepared 1414 bytes
0000000000000001:     ping, 1 bytes
0000000000000001:     padding, 1413 bytes

1: T= 0.000021, cwin: 15360,flight: 3107,nb_ret: 0,rtt_min: 0,rtt: 250000,rtt_var: 0,max_ack_delay: 0,state: 11
0000000000000001: Sending 1440 bytes to 11.0.0.1:4987 at T=0.000021 (35d013b479a79)
0000000000000001: Receiving 100 bytes from 11.0.0.1:4987 at T=2.100344 (35d013b67a6dc)
0000000000000001: Receiving packet type: 4 (handshake), S0, Q1, Version ff00001d,
0000000000000001:     <7a4f53636fb80cb0>, <0000000000000000>, Seq: 1, pl: 75
0000000000000001:     Decrypted 55 bytes
0000000000000001:     Crypto HS frame, offset 0, length 36: 14000020957c8acb...
0000000000000001:     padding, 16 bytes

0000000000000001: Server CB, Stream: 0, 0 bytes, fin=10

1: T= 2.100346, Lost packet type 6, number 0, size 167, DCID <0000000000000000>, reason: timer
0000000000000001: Sending packet type: 6 (1rtt protected), S0, Q1,
0000000000000001:     <0000000000000000>, Seq: 2 (2), Phi: 0,
0000000000000001:     Prepared 157 bytes
0000000000000001:     NEW TOKEN[50]: 0xde8105a170564031fac3da71fdfd38e9...
0000000000000001:     NEW CONNECTION ID[1]: 0x157703a793d73752, dcdcb1f37342e4bb46def1e01f3a6e60
0000000000000001:     padding, 77 bytes

1: T= 2.100346, cwin: 3072,flight: 1855,nb_ret: 1,rtt_min: 0,rtt: 250000,rtt_var: 0,max_ack_delay: 0,state: 14
0000000000000001: Sending 183 bytes to 11.0.0.1:4987 at T=2.100346 (35d013b67a6de)
1: T= 2.100346, Lost packet type 6, number 1, size 1424, DCID <0000000000000000>, reason: timer
0000000000000001: Sending packet type: 6 (1rtt protected), S0, Q1,
0000000000000001:     <0000000000000000>, Seq: 3 (3), Phi: 0,
0000000000000001:     Prepared 29 bytes
0000000000000001:     handshake_done
0000000000000001:     padding, 28 bytes

1: T= 2.100346, cwin: 3072,flight: 470,nb_ret: 1,rtt_min: 0,rtt: 250000,rtt_var: 0,max_ack_delay: 0,state: 14
0000000000000001: Sending 55 bytes to 11.0.0.1:4987 at T=2.100346 (35d013b67a6de)
0000000000000001: Sending packet type: 6 (1rtt protected), S0, Q1,
0000000000000001:     <0000000000000000>, Seq: 4 (4), Phi: 0,
0000000000000001:     Prepared 1374 bytes
0000000000000001:     ping, 1 bytes
0000000000000001:     padding, 1373 bytes

1: T= 2.100346, cwin: 3072,flight: 1870,nb_ret: 1,rtt_min: 0,rtt: 250000,rtt_var: 0,max_ack_delay: 0,state: 14
0000000000000001: Sending 1400 bytes to 11.0.0.1:4987 at T=2.100346 (35d013b67a6de)
0000000000000001: Receiving 115 bytes from 11.0.0.1:4987 at T=2.160798 (35d013b689302)
0000000000000001: Receiving packet type: 6 (1rtt protected), S0, Q1,
0000000000000001:     <7a4f53636fb80cb0>, Seq: 1 (1), Phi: 0,
0000000000000001:     Decrypted 86 bytes
0000000000000001:     Stream 12, offset 0, length 16, fin = 1: 474554202f696e64...
0000000000000001:     ACK (nb=0), 0
0000000000000001:     Stream 8, offset 0, length 16, fin = 1: 474554202f696e64...
0000000000000001:     ACK (nb=0), 1
0000000000000001:     Stream 20, offset 0, length 16, fin = 1: 474554202f696e64...
0000000000000001:     padding, 16 bytes

0000000000000001: Server CB, Stream: 12, 16 bytes, fin=1

0000000000000001: Server CB, Stream: 12, Processing command: GET /index.html

0000000000000001: Server CB, Stream: 8, 16 bytes, fin=1

0000000000000001: Server CB, Stream: 8, Processing command: GET /index.html

0000000000000001: Server CB, Stream: 20, 16 bytes, fin=1

0000000000000001: Server CB, Stream: 20, Processing command: GET /index.html

1: T= 2.160798, cwin: 5008,flight: 1870,nb_ret: 1,rtt_min: 2160777,rtt: 2160777,rtt_var: 1080388,max_ack_delay: 0,state: 14
0000000000000001: Sending packet type: 6 (1rtt protected), S0, Q1,
0000000000000001:     <0000000000000000>, Seq: 5 (5), Phi: 0,
0000000000000001:     Prepared 1181 bytes
0000000000000001:     ACK (nb=0), 1
0000000000000001:     Stream 8, offset 0, length 386, fin = 1: 3c21444f43545950...
0000000000000001:     Stream 12, offset 0, length 386, fin = 1: 3c21444f43545950...
0000000000000001:     Stream 20, offset 0, length 386, fin = 1: 3c21444f43545950...
0000000000000001:     padding, 6 bytes

1: T= 2.160799, cwin: 5008,flight: 3077,nb_ret: 1,rtt_min: 2160777,rtt: 2160777,rtt_var: 1080388,max_ack_delay: 0,state: 14
0000000000000001: Sending 1207 bytes to 11.0.0.1:4987 at T=2.160799 (35d013b689303)
0000000000000001: Receiving 65 bytes from 11.0.0.1:4987 at T=2.171091 (35d013b68bb37)
0000000000000001: Receiving packet type: 6 (1rtt protected), S0, Q1,
0000000000000001:     <157703a793d73752>, Seq: 2 (2), Phi: 0,
0000000000000001:     Decrypted 36 bytes
0000000000000001:     Stream 16, offset 0, length 16, fin = 1: 474554202f696e64...
0000000000000001:     padding, 16 bytes

0000000000000001: Server CB, Stream: 16, 16 bytes, fin=1

0000000000000001: Server CB, Stream: 16, Processing command: GET /index.html

1: T= 2.171091, cwin: 5008,flight: 3077,nb_ret: 1,rtt_min: 2160777,rtt: 2160777,rtt_var: 1080388,max_ack_delay: 0,state: 14
0000000000000001: Sending packet type: 6 (1rtt protected), S0, Q1,
0000000000000001:     <0000000000000000>, Seq: 6 (6), Phi: 0,
0000000000000001:     Prepared 413 bytes
0000000000000001:     ACK (nb=0), 1-2
0000000000000001:     Stream 16, offset 0, length 386, fin = 1: 3c21444f43545950...
0000000000000001:     padding, 18 bytes

1: T= 2.171092, cwin: 5008,flight: 3516,nb_ret: 1,rtt_min: 2160777,rtt: 2160777,rtt_var: 1080388,max_ack_delay: 0,state: 14
0000000000000001: Sending 439 bytes to 11.0.0.1:4987 at T=2.171092 (35d013b68bb38)
0000000000000001: Receiving 65 bytes from 11.0.0.1:4987 at T=2.181386 (35d013b68e36e)
0000000000000001: Receiving packet type: 6 (1rtt protected), S0, Q1,
0000000000000001:     <7a4f53636fb80cb0>, Seq: 3 (3), Phi: 0,
0000000000000001:     Decrypted 36 bytes
0000000000000001:     Stream 4, offset 0, length 16, fin = 1: 474554202f696e64...
0000000000000001:     padding, 16 bytes

0000000000000001: Server CB, Stream: 4, 16 bytes, fin=1

0000000000000001: Server CB, Stream: 4, Processing command: GET /index.html

1: T= 2.181386, cwin: 5008,flight: 3516,nb_ret: 1,rtt_min: 2160777,rtt: 2160777,rtt_var: 1080388,max_ack_delay: 0,state: 14
0000000000000001: Sending packet type: 6 (1rtt protected), S0, Q1,
0000000000000001:     <0000000000000000>, Seq: 7 (7), Phi: 0,
0000000000000001:     Prepared 413 bytes
0000000000000001:     ACK (nb=0), 1-3
0000000000000001:     Stream 4, offset 0, length 386, fin = 1: 3c21444f43545950...
0000000000000001:     padding, 18 bytes

1: T= 2.181387, cwin: 5008,flight: 3955,nb_ret: 1,rtt_min: 2160777,rtt: 2160777,rtt_var: 1080388,max_ack_delay: 0,state: 14
0000000000000001: Sending 439 bytes to 11.0.0.1:4987 at T=2.181387 (35d013b68e36f)
0000000000000001: Receiving 85 bytes from 11.0.0.1:4987 at T=2.276761 (35d013b6a57fd)
0000000000000001: Receiving packet type: 6 (1rtt protected), S0, Q1,
0000000000000001:     <157703a793d73752>, Seq: 4 (4), Phi: 0,
0000000000000001:     Decrypted 56 bytes
0000000000000001:     Stream 24, offset 0, length 16, fin = 1: 474554202f696e64...
0000000000000001:     Stream 48, offset 0, length 16, fin = 1: 474554202f696e64...
0000000000000001:     padding, 16 bytes

0000000000000001: Server CB, Stream: 24, 16 bytes, fin=1

0000000000000001: Server CB, Stream: 24, Processing command: GET /index.html

0000000000000001: Server CB, Stream: 48, 16 bytes, fin=1

0000000000000001: Server CB, Stream: 48, Processing command: GET /index.html

1: T= 2.276761, cwin: 5008,flight: 3955,nb_ret: 1,rtt_min: 2160777,rtt: 2160777,rtt_var: 1080388,max_ack_delay: 0,state: 14
0000000000000001: Sending packet type: 6 (1rtt protected), S0, Q1,
0000000000000001:     <0000000000000000>, Seq: 8 (8), Phi: 0,
0000000000000001:     Prepared 797 bytes
0000000000000001:     ACK (nb=0), 1-4
0000000000000001:     Stream 24, offset 0, length 386, fin = 1: 3c21444f43545950...
0000000000000001:     Stream 48, offset 0, length 386, fin = 1: 3c21444f43545950...
0000000000000001:     padding, 12 bytes

1: T= 2.276762, cwin: 5008,flight: 4778,nb_ret: 1,rtt_min: 2160777,rtt: 2160777,rtt_var: 1080388,max_ack_delay: 0,state: 14
0000000000000001: Sending 823 bytes to 11.0.0.1:4987 at T=2.276762 (35d013b6a57fe)
0000000000000001: Receiving 65 bytes from 11.0.0.1:4987 at T=2.332062 (35d013b6b3002)
0000000000000001: Receiving packet type: 6 (1rtt protected), S0, Q1,
0000000000000001:     <7a4f53636fb80cb0>, Seq: 5 (5), Phi: 0,
0000000000000001:     Decrypted 36 bytes
0000000000000001:     Stream 52, offset 0, length 16, fin = 1: 474554202f696e64...
0000000000000001:     padding, 16 bytes

0000000000000001: Server CB, Stream: 52, 16 bytes, fin=1

0000000000000001: Server CB, Stream: 52, Processing command: GET /index.html

1: T= 2.332062, cwin: 5008,flight: 4778,nb_ret: 1,rtt_min: 2160777,rtt: 2160777,rtt_var: 1080388,max_ack_delay: 0,state: 14
0000000000000001: Sending packet type: 6 (1rtt protected), S0, Q1,
0000000000000001:     <0000000000000000>, Seq: 9 (9), Phi: 0,
0000000000000001:     Prepared 413 bytes
0000000000000001:     ACK (nb=0), 1-5
0000000000000001:     Stream 52, offset 0, length 386, fin = 1: 3c21444f43545950...
0000000000000001:     padding, 18 bytes

1: T= 2.332063, cwin: 5008,flight: 5217,nb_ret: 1,rtt_min: 2160777,rtt: 2160777,rtt_var: 1080388,max_ack_delay: 0,state: 14
0000000000000001: Sending 439 bytes to 11.0.0.1:4987 at T=2.332063 (35d013b6b3003)
0000000000000001: Receiving 65 bytes from 11.0.0.1:4987 at T=2.392363 (35d013b6c1b8f)
0000000000000001: Receiving packet type: 6 (1rtt protected), S0, Q1,
0000000000000001:     <7a4f53636fb80cb0>, Seq: 6 (6), Phi: 0,
0000000000000001:     Decrypted 36 bytes
0000000000000001:     Stream 56, offset 0, length 16, fin = 1: 474554202f696e64...
0000000000000001:     padding, 16 bytes

0000000000000001: Server CB, Stream: 56, 16 bytes, fin=1

0000000000000001: Server CB, Stream: 56, Processing command: GET /index.html

1: T= 2.392363, cwin: 5008,flight: 5217,nb_ret: 1,rtt_min: 2160777,rtt: 2160777,rtt_var: 1080388,max_ack_delay: 0,state: 14
0000000000000001: Sending packet type: 6 (1rtt protected), S0, Q1,
0000000000000001:     <0000000000000000>, Seq: 10 (10), Phi: 0,
0000000000000001:     Prepared 29 bytes
0000000000000001:     ACK (nb=0), 1-6
0000000000000001:     padding, 24 bytes

1: T= 2.392364, cwin: 5008,flight: 5272,nb_ret: 1,rtt_min: 2160777,rtt: 2160777,rtt_var: 1080388,max_ack_delay: 0,state: 14
0000000000000001: Sending 55 bytes to 11.0.0.1:4987 at T=2.392364 (35d013b6c1b90)
0000000000000001: Receiving 65 bytes from 11.0.0.1:4987 at T=2.427656 (35d013b6ca56c)
0000000000000001: Receiving packet type: 6 (1rtt protected), S0, Q1,
0000000000000001:     <157703a793d73752>, Seq: 7 (7), Phi: 0,
0000000000000001:     Decrypted 36 bytes
0000000000000001:     Stream 36, offset 0, length 16, fin = 1: 474554202f696e64...
0000000000000001:     padding, 16 bytes

0000000000000001: Server CB, Stream: 36, 16 bytes, fin=1

0000000000000001: Server CB, Stream: 36, Processing command: GET /index.html

1: T= 2.427656, cwin: 5008,flight: 5272,nb_ret: 1,rtt_min: 2160777,rtt: 2160777,rtt_var: 1080388,max_ack_delay: 0,state: 14
0000000000000001: Sending packet type: 6 (1rtt protected), S0, Q1,
0000000000000001:     <0000000000000000>, Seq: 11 (11), Phi: 0,
0000000000000001:     Prepared 29 bytes
0000000000000001:     ACK (nb=0), 1-7
0000000000000001:     padding, 24 bytes

1: T= 2.427657, cwin: 5008,flight: 5327,nb_ret: 1,rtt_min: 2160777,rtt: 2160777,rtt_var: 1080388,max_ack_delay: 0,state: 14
0000000000000001: Sending 55 bytes to 11.0.0.1:4987 at T=2.427657 (35d013b6ca56d)
0000000000000001: Receiving 65 bytes from 11.0.0.1:4987 at T=2.482951 (35d013b6d7d6b)
0000000000000001: Receiving packet type: 6 (1rtt protected), S0, Q1,
0000000000000001:     <157703a793d73752>, Seq: 8 (8), Phi: 0,
0000000000000001:     Decrypted 36 bytes
0000000000000001:     Stream 44, offset 0, length 16, fin = 1: 474554202f696e64...
0000000000000001:     padding, 16 bytes

0000000000000001: Server CB, Stream: 44, 16 bytes, fin=1

0000000000000001: Server CB, Stream: 44, Processing command: GET /index.html

1: T= 2.482951, cwin: 5008,flight: 5327,nb_ret: 1,rtt_min: 2160777,rtt: 2160777,rtt_var: 1080388,max_ack_delay: 0,state: 14
0000000000000001: Sending packet type: 6 (1rtt protected), S0, Q1,
0000000000000001:     <0000000000000000>, Seq: 12 (12), Phi: 0,
0000000000000001:     Prepared 29 bytes
0000000000000001:     ACK (nb=0), 1-8
0000000000000001:     padding, 24 bytes

1: T= 2.482953, cwin: 5008,flight: 5382,nb_ret: 1,rtt_min: 2160777,rtt: 2160777,rtt_var: 1080388,max_ack_delay: 0,state: 14
0000000000000001: Sending 55 bytes to 11.0.0.1:4987 at T=2.482953 (35d013b6d7d6d)
0000000000000001: Receiving 65 bytes from 11.0.0.1:4987 at T=2.553250 (35d013b6e9006)
0000000000000001: Receiving packet type: 6 (1rtt protected), S0, Q1,
0000000000000001:     <157703a793d73752>, Seq: 9 (9), Phi: 0,
0000000000000001:     Decrypted 36 bytes
0000000000000001:     Stream 32, offset 0, length 16, fin = 1: 474554202f696e64...
0000000000000001:     padding, 16 bytes

0000000000000001: Server CB, Stream: 32, 16 bytes, fin=1

0000000000000001: Server CB, Stream: 32, Processing command: GET /index.html

1: T= 2.553250, cwin: 5008,flight: 5382,nb_ret: 1,rtt_min: 2160777,rtt: 2160777,rtt_var: 1080388,max_ack_delay: 0,state: 14
0000000000000001: Sending packet type: 6 (1rtt protected), S0, Q1,
0000000000000001:     <0000000000000000>, Seq: 13 (13), Phi: 0,
0000000000000001:     Prepared 29 bytes
0000000000000001:     ACK (nb=0), 1-9
0000000000000001:     padding, 24 bytes

1: T= 2.553251, cwin: 5008,flight: 5437,nb_ret: 1,rtt_min: 2160777,rtt: 2160777,rtt_var: 1080388,max_ack_delay: 0,state: 14
0000000000000001: Sending 55 bytes to 11.0.0.1:4987 at T=2.553251 (35d013b6e9007)
0000000000000001: Receiving 65 bytes from 11.0.0.1:4987 at T=2.648549 (35d013b700449)
0000000000000001: Receiving packet type: 6 (1rtt protected), S0, Q1,
0000000000000001:     <7a4f53636fb80cb0>, Seq: 10 (10), Phi: 0,
0000000000000001:     Decrypted 36 bytes
0000000000000001:     Stream 28, offset 0, length 16, fin = 1: 474554202f696e64...
0000000000000001:     padding, 16 bytes

0000000000000001: Server CB, Stream: 28, 16 bytes, fin=1

0000000000000001: Server CB, Stream: 28, Processing command: GET /index.html

1: T= 2.648549, cwin: 5008,flight: 5437,nb_ret: 1,rtt_min: 2160777,rtt: 2160777,rtt_var: 1080388,max_ack_delay: 0,state: 14
0000000000000001: Sending packet type: 6 (1rtt protected), S0, Q1,
0000000000000001:     <0000000000000000>, Seq: 14 (14), Phi: 0,
0000000000000001:     Prepared 29 bytes
0000000000000001:     ACK (nb=0), 1-10
0000000000000001:     padding, 24 bytes

1: T= 2.648550, cwin: 5008,flight: 5492,nb_ret: 1,rtt_min: 2160777,rtt: 2160777,rtt_var: 1080388,max_ack_delay: 0,state: 14
0000000000000001: Sending 55 bytes to 11.0.0.1:4987 at T=2.648550 (35d013b70044a)
0000000000000001: Receiving 65 bytes from 11.0.0.1:4987 at T=2.713848 (35d013b71035c)
0000000000000001: Receiving packet type: 6 (1rtt protected), S0, Q1,
0000000000000001:     <7a4f53636fb80cb0>, Seq: 11 (11), Phi: 0,
0000000000000001:     Decrypted 36 bytes
0000000000000001:     Stream 40, offset 0, length 16, fin = 1: 474554202f696e64...
0000000000000001:     padding, 16 bytes

0000000000000001: Server CB, Stream: 40, 16 bytes, fin=1

0000000000000001: Server CB, Stream: 40, Processing command: GET /index.html

1: T= 2.713848, cwin: 5008,flight: 5492,nb_ret: 1,rtt_min: 2160777,rtt: 2160777,rtt_var: 1080388,max_ack_delay: 0,state: 14
0000000000000001: Sending packet type: 6 (1rtt protected), S0, Q1,
0000000000000001:     <0000000000000000>, Seq: 15 (15), Phi: 0,
0000000000000001:     Prepared 29 bytes
0000000000000001:     ACK (nb=0), 1-11
0000000000000001:     padding, 24 bytes

1: T= 2.713849, cwin: 5008,flight: 5547,nb_ret: 1,rtt_min: 2160777,rtt: 2160777,rtt_var: 1080388,max_ack_delay: 0,state: 14
0000000000000001: Sending 55 bytes to 11.0.0.1:4987 at T=2.713849 (35d013b71035d)
0000000000000001: Receiving 55 bytes from 11.0.0.1:4987 at T=4.126010 (35d013b868f9e)
0000000000000001: Receiving packet type: 6 (1rtt protected), S0, Q1,
0000000000000001:     <7a4f53636fb80cb0>, Seq: 12 (12), Phi: 0,
0000000000000001:     Decrypted 26 bytes
0000000000000001:     ACK (nb=0), 3
0000000000000001:     ACK (nb=0), 4
0000000000000001:     padding, 16 bytes

1: T= 4.126010, cwin: 5756,flight: 4092,nb_ret: 1,rtt_min: 2025640,rtt: 2143885,rtt_var: 844076,max_ack_delay: 0,state: 14
0000000000000001: Sending packet type: 6 (1rtt protected), S0, Q1,
0000000000000001:     <0000000000000000>, Seq: 16 (16), Phi: 0,
0000000000000001:     Prepared 1373 bytes
0000000000000001:     Stream 28, offset 0, length 386, fin = 1: 3c21444f43545950...
0000000000000001:     Stream 32, offset 0, length 386, fin = 1: 3c21444f43545950...
0000000000000001:     Stream 36, offset 0, length 386, fin = 1: 3c21444f43545950...
0000000000000001:     Stream 40, offset 0, length 201, fin = 0: 3c21444f43545950...

1: T= 4.126011, cwin: 5756,flight: 5492,nb_ret: 1,rtt_min: 2025640,rtt: 2143885,rtt_var: 844076,max_ack_delay: 0,state: 14
0000000000000001: Sending 1400 bytes to 11.0.0.1:4987 at T=4.126011 (35d013b868f9f)
0000000000000001: Sending packet type: 6 (1rtt protected), S0, Q1,
0000000000000001:     <0000000000000000>, Seq: 17 (17), Phi: 0,
0000000000000001:     Prepared 1052 bytes
0000000000000001:     Stream 40, offset 201, length 185, fin = 1: 743c2f703e0d0a3c...
0000000000000001:     Stream 44, offset 0, length 386, fin = 1: 3c21444f43545950...
0000000000000001:     Stream 56, offset 0, length 386, fin = 1: 3c21444f43545950...
0000000000000001:     padding, 81 bytes

1: T= 4.126011, cwin: 5756,flight: 6571,nb_ret: 1,rtt_min: 2025640,rtt: 2143885,rtt_var: 844076,max_ack_delay: 0,state: 14
0000000000000001: Sending 1079 bytes to 11.0.0.1:4987 at T=4.126011 (35d013b868f9f)
1: T= 4.156011, Lost packet type 6, number 2, size 167, DCID <0000000000000000>, reason: repeat
0000000000000001: Receiving 53 bytes from 11.0.0.1:4987 at T=4.176526 (35d013b8754f2)
0000000000000001: Receiving packet type: 6 (1rtt protected), S0, Q1,
0000000000000001:     <157703a793d73752>, Seq: 13 (13), Phi: 0,
0000000000000001:     Decrypted 24 bytes
0000000000000001:     connection_close, Error 0x0000, Offending frame 0x5eb6, Reason length 1
1:         Reason: .
0000000000000001:     padding, 16 bytes

1: T= 4.176526, cwin: 5756,flight: 6388,nb_ret: 1,rtt_min: 2025640,rtt: 2143885,rtt_var: 844076,max_ack_delay: 0,state: 16
0000000000000001: Sending packet type: 6 (1rtt protected), S0, Q1,
0000000000000001:     <0000000000000000>, Seq: 18 (18), Phi: 0,
0000000000000001:     Prepared 4 bytes
0000000000000001:     connection_close, Error 0x0000, Reason length 0

0000000000000001: Sending 31 bytes to 11.0.0.1:4987 at T=4.176527 (35d013b8754f3)
0000000000000001: Server CB, Stream: 0, 0 bytes, fin=5

0000000000000001: Closed. Retrans= 1, spurious= 1, max sp gap = 0, max sp delay = 2160777, dg-coal: 1.111111
