Starting Picoquic (v1.01a) connection to server = 11.0.0.1, port = 4443
Testing scenario: <0:index.html;4:test.html;8:/1234567;12:main.jpg;16:war-and-peace.txt;20:en/latest/;24:/file-123K>
be0a955bd7d46636: No root crt list specified -- certificate will not be verified.

Max stream id bidir remote before start = 0 (0)
be0a955bd7d46636: Sending ALPN list (1): hq-29
be0a955bd7d46636: Sending transport parameter TLS extension (83 bytes):
be0a955bd7d46636:     Extension list (83 bytes):
be0a955bd7d46636:         Extension type: 5 (max_stream_data_bidi_local), length 4, 80200000
be0a955bd7d46636:         Extension type: 4 (initial_max_data), length 4, 80100000
be0a955bd7d46636:         Extension type: 8 (max_streams_bidi), length 2, 4201
be0a955bd7d46636:         Extension type: 1 (idle_timeout), length 4, 80007530
be0a955bd7d46636:         Extension type: 3 (max_packet_size), length 2, 45a0
be0a955bd7d46636:         Extension type: 9 (max_streams_uni), length 2, 4201
be0a955bd7d46636:         Extension type: 6 (max_stream_data_bidi_remote), length 4, 80010063
be0a955bd7d46636:         Extension type: 7 (max_stream_data_uni), length 4, 8000ffff
be0a955bd7d46636:         Extension type: 14 (active_connection_id_limit), length 1, 08
be0a955bd7d46636:         Extension type: 11 (max_ack_delay), length 1, 0a
be0a955bd7d46636:         Extension type: 15 (hcid), length 8, 5bd24897ea7ffb84
be0a955bd7d46636:         Extension type: 5948 (unknown), length 2, 4a95
be0a955bd7d46636:         Extension type: 4278378010 (min_ack_delay), length 2, 43e8
be0a955bd7d46636:         Extension type: 29016 (enable_time_stamp), length 1, 03
be0a955bd7d46636:         Extension type: 10930 (grease_quic_bit), length 0
Starting client connection. Version = ff00001d, I-CID: be0a955bd7d46636
Max stream id bidir remote after start = 0 (0)
Waiting for packets.
be0a955bd7d46636: Sending packet type: 2 (initial), S0, Q1, Version ff00001d,
be0a955bd7d46636:     <be0a955bd7d46636>, <5bd24897ea7ffb84>, Seq: 0, pl: 1226
be0a955bd7d46636:     Token length: 0
be0a955bd7d46636:     Prepared 1206 bytes
be0a955bd7d46636:     ping, 1 bytes
be0a955bd7d46636:     Crypto HS frame, offset 0, length 287: 0100011b03031789...
be0a955bd7d46636:     padding, 914 bytes

be0a955bd7d46636: Sending 1252 bytes to 11.0.0.1:4443 at T=0.000043 (35d013b37e02c)
be0a955bd7d46636: T= 0.250044, Lost packet type 2, number 0, size 1236, DCID <>, reason: timer
be0a955bd7d46636: Sending packet type: 2 (initial), S0, Q1, Version ff00001d,
be0a955bd7d46636:     <be0a955bd7d46636>, <5bd24897ea7ffb84>, Seq: 1, pl: 1226
be0a955bd7d46636:     Token length: 0
be0a955bd7d46636:     Prepared 1206 bytes
be0a955bd7d46636:     ping, 1 bytes
be0a955bd7d46636:     Crypto HS frame, offset 0, length 287: 0100011b03031789...
be0a955bd7d46636:     padding, 914 bytes

be0a955bd7d46636: Sending 1252 bytes to 11.0.0.1:4443 at T=0.250044 (35d013b3bb0bd)
be0a955bd7d46636: T= 0.500045, Lost packet type 2, number 1, size 1236, DCID <>, reason: timer
be0a955bd7d46636: Sending packet type: 2 (initial), S0, Q1, Version ff00001d,
be0a955bd7d46636:     <be0a955bd7d46636>, <5bd24897ea7ffb84>, Seq: 2, pl: 1226
be0a955bd7d46636:     Token length: 0
be0a955bd7d46636:     Prepared 1206 bytes
be0a955bd7d46636:     ping, 1 bytes
be0a955bd7d46636:     Crypto HS frame, offset 0, length 287: 0100011b03031789...
be0a955bd7d46636:     padding, 914 bytes

be0a955bd7d46636: Sending 1252 bytes to 11.0.0.1:4443 at T=0.500045 (35d013b3f814e)
be0a955bd7d46636: T= 1.000046, Lost packet type 2, number 2, size 1236, DCID <>, reason: timer
be0a955bd7d46636: Sending packet type: 2 (initial), S0, Q1, Version ff00001d,
be0a955bd7d46636:     <be0a955bd7d46636>, <5bd24897ea7ffb84>, Seq: 3, pl: 1226
be0a955bd7d46636:     Token length: 0
be0a955bd7d46636:     Prepared 1206 bytes
be0a955bd7d46636:     ping, 1 bytes
be0a955bd7d46636:     Crypto HS frame, offset 0, length 287: 0100011b03031789...
be0a955bd7d46636:     padding, 914 bytes

be0a955bd7d46636: Sending 1252 bytes to 11.0.0.1:4443 at T=1.000046 (35d013b47226f)
be0a955bd7d46636: T= 1.500047, Lost packet type 2, number 3, size 1236, DCID <>, reason: timer
be0a955bd7d46636: Sending packet type: 2 (initial), S0, Q1, Version ff00001d,
be0a955bd7d46636:     <be0a955bd7d46636>, <5bd24897ea7ffb84>, Seq: 4, pl: 1226
be0a955bd7d46636:     Token length: 0
be0a955bd7d46636:     Prepared 1206 bytes
be0a955bd7d46636:     ping, 1 bytes
be0a955bd7d46636:     Crypto HS frame, offset 0, length 287: 0100011b03031789...
be0a955bd7d46636:     padding, 914 bytes

be0a955bd7d46636: Sending 1252 bytes to 11.0.0.1:4443 at T=1.500047 (35d013b4ec390)
be0a955bd7d46636: T= 2.500050, Lost packet type 2, number 4, size 1236, DCID <>, reason: timer
be0a955bd7d46636: Sending packet type: 2 (initial), S0, Q1, Version ff00001d,
be0a955bd7d46636:     <be0a955bd7d46636>, <5bd24897ea7ffb84>, Seq: 5, pl: 1226
be0a955bd7d46636:     Token length: 0
be0a955bd7d46636:     Prepared 1206 bytes
be0a955bd7d46636:     ping, 1 bytes
be0a955bd7d46636:     Crypto HS frame, offset 0, length 287: 0100011b03031789...
be0a955bd7d46636:     padding, 914 bytes

be0a955bd7d46636: Sending 1252 bytes to 11.0.0.1:4443 at T=2.500050 (35d013b5e05d3)
be0a955bd7d46636: T= 3.500051, Lost packet type 2, number 5, size 1236, DCID <>, reason: timer
be0a955bd7d46636: Sending packet type: 2 (initial), S0, Q1, Version ff00001d,
be0a955bd7d46636:     <be0a955bd7d46636>, <5bd24897ea7ffb84>, Seq: 6, pl: 1226
be0a955bd7d46636:     Token length: 0
be0a955bd7d46636:     Prepared 1206 bytes
be0a955bd7d46636:     ping, 1 bytes
be0a955bd7d46636:     Crypto HS frame, offset 0, length 287: 0100011b03031789...
be0a955bd7d46636:     padding, 914 bytes

be0a955bd7d46636: Sending 1252 bytes to 11.0.0.1:4443 at T=3.500051 (35d013b6d4814)
be0a955bd7d46636: T= 4.500052, Lost packet type 2, number 6, size 1236, DCID <>, reason: timer
be0a955bd7d46636: Sending packet type: 2 (initial), S0, Q1, Version ff00001d,
be0a955bd7d46636:     <be0a955bd7d46636>, <5bd24897ea7ffb84>, Seq: 7, pl: 1226
be0a955bd7d46636:     Token length: 0
be0a955bd7d46636:     Prepared 1206 bytes
be0a955bd7d46636:     ping, 1 bytes
be0a955bd7d46636:     Crypto HS frame, offset 0, length 287: 0100011b03031789...
be0a955bd7d46636:     padding, 914 bytes

be0a955bd7d46636: Sending 1252 bytes to 11.0.0.1:4443 at T=4.500052 (35d013b7c8a55)
be0a955bd7d46636: T= 5.500053, Lost packet type 2, number 7, size 1236, DCID <>, reason: timer
be0a955bd7d46636: Sending packet type: 2 (initial), S0, Q1, Version ff00001d,
be0a955bd7d46636:     <be0a955bd7d46636>, <5bd24897ea7ffb84>, Seq: 8, pl: 1226
be0a955bd7d46636:     Token length: 0
be0a955bd7d46636:     Prepared 1206 bytes
be0a955bd7d46636:     ping, 1 bytes
be0a955bd7d46636:     Crypto HS frame, offset 0, length 287: 0100011b03031789...
be0a955bd7d46636:     padding, 914 bytes

be0a955bd7d46636: Sending 1252 bytes to 11.0.0.1:4443 at T=5.500053 (35d013b8bcc96)
be0a955bd7d46636: T= 6.500054, Lost packet type 2, number 8, size 1236, DCID <>, reason: timer
be0a955bd7d46636: Sending packet type: 2 (initial), S0, Q1, Version ff00001d,
be0a955bd7d46636:     <be0a955bd7d46636>, <5bd24897ea7ffb84>, Seq: 9, pl: 1226
be0a955bd7d46636:     Token length: 0
be0a955bd7d46636:     Prepared 1206 bytes
be0a955bd7d46636:     ping, 1 bytes
be0a955bd7d46636:     Crypto HS frame, offset 0, length 287: 0100011b03031789...
be0a955bd7d46636:     padding, 914 bytes

be0a955bd7d46636: Sending 1252 bytes to 11.0.0.1:4443 at T=6.500054 (35d013b9b0ed7)
be0a955bd7d46636: T= 7.500055, Lost packet type 2, number 9, size 1236, DCID <>, reason: timer
be0a955bd7d46636: Sending packet type: 2 (initial), S0, Q1, Version ff00001d,
be0a955bd7d46636:     <be0a955bd7d46636>, <5bd24897ea7ffb84>, Seq: 10, pl: 1226
be0a955bd7d46636:     Token length: 0
be0a955bd7d46636:     Prepared 1206 bytes
be0a955bd7d46636:     ping, 1 bytes
be0a955bd7d46636:     Crypto HS frame, offset 0, length 287: 0100011b03031789...
be0a955bd7d46636:     padding, 914 bytes

be0a955bd7d46636: Sending 1252 bytes to 11.0.0.1:4443 at T=7.500055 (35d013baa5118)
be0a955bd7d46636: T= 8.500056, Lost packet type 2, number 10, size 1236, DCID <>, reason: timer
be0a955bd7d46636: Reset path MTU after 5 retransmissions, 11 MTU losses
be0a955bd7d46636: Sending packet type: 2 (initial), S0, Q1, Version ff00001d,
be0a955bd7d46636:     <be0a955bd7d46636>, <5bd24897ea7ffb84>, Seq: 11, pl: 1226
be0a955bd7d46636:     Token length: 0
be0a955bd7d46636:     Prepared 1206 bytes
be0a955bd7d46636:     ping, 1 bytes
be0a955bd7d46636:     Crypto HS frame, offset 0, length 287: 0100011b03031789...
be0a955bd7d46636:     padding, 914 bytes

be0a955bd7d46636: Sending 1252 bytes to 11.0.0.1:4443 at T=8.500056 (35d013bb99359)
be0a955bd7d46636: T= 9.500059, Lost packet type 2, number 11, size 1236, DCID <>, reason: timer
be0a955bd7d46636: Reset path MTU after 5 retransmissions, 12 MTU losses
be0a955bd7d46636: Sending packet type: 2 (initial), S0, Q1, Version ff00001d,
be0a955bd7d46636:     <be0a955bd7d46636>, <5bd24897ea7ffb84>, Seq: 12, pl: 1226
be0a955bd7d46636:     Token length: 0
be0a955bd7d46636:     Prepared 1206 bytes
be0a955bd7d46636:     ping, 1 bytes
be0a955bd7d46636:     Crypto HS frame, offset 0, length 287: 0100011b03031789...
be0a955bd7d46636:     padding, 914 bytes

be0a955bd7d46636: Sending 1252 bytes to 11.0.0.1:4443 at T=9.500059 (35d013bc8d59c)
be0a955bd7d46636: T= 10.500060, Lost packet type 2, number 12, size 1236, DCID <>, reason: timer
be0a955bd7d46636: Reset path MTU after 6 retransmissions, 13 MTU losses
be0a955bd7d46636: Sending packet type: 2 (initial), S0, Q1, Version ff00001d,
be0a955bd7d46636:     <be0a955bd7d46636>, <5bd24897ea7ffb84>, Seq: 13, pl: 1226
be0a955bd7d46636:     Token length: 0
be0a955bd7d46636:     Prepared 1206 bytes
be0a955bd7d46636:     ping, 1 bytes
be0a955bd7d46636:     Crypto HS frame, offset 0, length 287: 0100011b03031789...
be0a955bd7d46636:     padding, 914 bytes

be0a955bd7d46636: Sending 1252 bytes to 11.0.0.1:4443 at T=10.500060 (35d013bd817dd)
be0a955bd7d46636: T= 11.500061, Lost packet type 2, number 13, size 1236, DCID <>, reason: timer
be0a955bd7d46636: Reset path MTU after 6 retransmissions, 14 MTU losses
be0a955bd7d46636: Sending packet type: 2 (initial), S0, Q1, Version ff00001d,
be0a955bd7d46636:     <be0a955bd7d46636>, <5bd24897ea7ffb84>, Seq: 14, pl: 1226
be0a955bd7d46636:     Token length: 0
be0a955bd7d46636:     Prepared 1206 bytes
be0a955bd7d46636:     ping, 1 bytes
be0a955bd7d46636:     Crypto HS frame, offset 0, length 287: 0100011b03031789...
be0a955bd7d46636:     padding, 914 bytes

be0a955bd7d46636: Sending 1252 bytes to 11.0.0.1:4443 at T=11.500061 (35d013be75a1e)
be0a955bd7d46636: T= 12.500062, Lost packet type 2, number 14, size 1236, DCID <>, reason: timer
be0a955bd7d46636: Reset path MTU after 7 retransmissions, 15 MTU losses
be0a955bd7d46636: Sending packet type: 2 (initial), S0, Q1, Version ff00001d,
be0a955bd7d46636:     <be0a955bd7d46636>, <5bd24897ea7ffb84>, Seq: 15, pl: 1226
be0a955bd7d46636:     Token length: 0
be0a955bd7d46636:     Prepared 1206 bytes
be0a955bd7d46636:     ping, 1 bytes
be0a955bd7d46636:     Crypto HS frame, offset 0, length 287: 0100011b03031789...
be0a955bd7d46636:     padding, 914 bytes

be0a955bd7d46636: Sending 1252 bytes to 11.0.0.1:4443 at T=12.500062 (35d013bf69c5f)
be0a955bd7d46636: T= 13.500063, Lost packet type 2, number 15, size 1236, DCID <>, reason: timer
be0a955bd7d46636: Reset path MTU after 7 retransmissions, 16 MTU losses
be0a955bd7d46636: Too many data retransmits, abandon path
be0a955bd7d46636: Sending packet type: 2 (initial), S0, Q1, Version ff00001d,
be0a955bd7d46636:     <be0a955bd7d46636>, <5bd24897ea7ffb84>, Seq: 16, pl: 1226
be0a955bd7d46636:     Token length: 0
be0a955bd7d46636:     Prepared 1206 bytes
be0a955bd7d46636:     ping, 1 bytes
be0a955bd7d46636:     Crypto HS frame, offset 0, length 287: 0100011b03031789...
be0a955bd7d46636:     padding, 914 bytes

be0a955bd7d46636: Sending 1252 bytes to 11.0.0.1:4443 at T=13.500063 (35d013c05dea0)
be0a955bd7d46636: T= 14.500064, Lost packet type 2, number 16, size 1236, DCID <>, reason: timer
be0a955bd7d46636: Reset path MTU after 8 retransmissions, 17 MTU losses
be0a955bd7d46636: Sending packet type: 2 (initial), S0, Q1, Version ff00001d,
be0a955bd7d46636:     <be0a955bd7d46636>, <5bd24897ea7ffb84>, Seq: 17, pl: 1226
be0a955bd7d46636:     Token length: 0
be0a955bd7d46636:     Prepared 1206 bytes
be0a955bd7d46636:     ping, 1 bytes
be0a955bd7d46636:     Crypto HS frame, offset 0, length 287: 0100011b03031789...
be0a955bd7d46636:     padding, 914 bytes

be0a955bd7d46636: Sending 1252 bytes to 11.0.0.1:4443 at T=14.500064 (35d013c1520e1)
be0a955bd7d46636: T= 15.500067, Lost packet type 2, number 17, size 1236, DCID <>, reason: timer
be0a955bd7d46636: Reset path MTU after 8 retransmissions, 18 MTU losses
be0a955bd7d46636: Too many data retransmits, abandon path
be0a955bd7d46636: Sending packet type: 2 (initial), S0, Q1, Version ff00001d,
be0a955bd7d46636:     <be0a955bd7d46636>, <5bd24897ea7ffb84>, Seq: 18, pl: 1226
be0a955bd7d46636:     Token length: 0
be0a955bd7d46636:     Prepared 1206 bytes
be0a955bd7d46636:     ping, 1 bytes
be0a955bd7d46636:     Crypto HS frame, offset 0, length 287: 0100011b03031789...
be0a955bd7d46636:     padding, 914 bytes

be0a955bd7d46636: Sending 1252 bytes to 11.0.0.1:4443 at T=15.500067 (35d013c246324)
be0a955bd7d46636: T= 16.500068, Lost packet type 2, number 18, size 1236, DCID <>, reason: timer
be0a955bd7d46636: Reset path MTU after 9 retransmissions, 19 MTU losses
be0a955bd7d46636: Sending packet type: 2 (initial), S0, Q1, Version ff00001d,
be0a955bd7d46636:     <be0a955bd7d46636>, <5bd24897ea7ffb84>, Seq: 19, pl: 1226
be0a955bd7d46636:     Token length: 0
be0a955bd7d46636:     Prepared 1206 bytes
be0a955bd7d46636:     ping, 1 bytes
be0a955bd7d46636:     Crypto HS frame, offset 0, length 287: 0100011b03031789...
be0a955bd7d46636:     padding, 914 bytes

be0a955bd7d46636: Sending 1252 bytes to 11.0.0.1:4443 at T=16.500068 (35d013c33a565)
be0a955bd7d46636: T= 17.500069, Lost packet type 2, number 19, size 1236, DCID <>, reason: timer
be0a955bd7d46636: Reset path MTU after 9 retransmissions, 20 MTU losses
be0a955bd7d46636: Too many data retransmits, abandon path
be0a955bd7d46636: Sending packet type: 2 (initial), S0, Q1, Version ff00001d,
be0a955bd7d46636:     <be0a955bd7d46636>, <5bd24897ea7ffb84>, Seq: 20, pl: 1226
be0a955bd7d46636:     Token length: 0
be0a955bd7d46636:     Prepared 1206 bytes
be0a955bd7d46636:     ping, 1 bytes
be0a955bd7d46636:     Crypto HS frame, offset 0, length 287: 0100011b03031789...
be0a955bd7d46636:     padding, 914 bytes

be0a955bd7d46636: Sending 1252 bytes to 11.0.0.1:4443 at T=17.500069 (35d013c42e7a6)
be0a955bd7d46636: T= 18.500070, Lost packet type 2, number 20, size 1236, DCID <>, reason: timer
be0a955bd7d46636: Reset path MTU after 10 retransmissions, 21 MTU losses
be0a955bd7d46636: Sending packet type: 2 (initial), S0, Q1, Version ff00001d,
be0a955bd7d46636:     <be0a955bd7d46636>, <5bd24897ea7ffb84>, Seq: 21, pl: 1226
be0a955bd7d46636:     Token length: 0
be0a955bd7d46636:     Prepared 1206 bytes
be0a955bd7d46636:     ping, 1 bytes
be0a955bd7d46636:     Crypto HS frame, offset 0, length 287: 0100011b03031789...
be0a955bd7d46636:     padding, 914 bytes

be0a955bd7d46636: Sending 1252 bytes to 11.0.0.1:4443 at T=18.500070 (35d013c5229e7)
be0a955bd7d46636: T= 19.500071, Lost packet type 2, number 21, size 1236, DCID <>, reason: timer
be0a955bd7d46636: Reset path MTU after 10 retransmissions, 22 MTU losses
be0a955bd7d46636: Too many data retransmits, abandon path
be0a955bd7d46636: Sending packet type: 2 (initial), S0, Q1, Version ff00001d,
be0a955bd7d46636:     <be0a955bd7d46636>, <5bd24897ea7ffb84>, Seq: 22, pl: 1226
be0a955bd7d46636:     Token length: 0
be0a955bd7d46636:     Prepared 1206 bytes
be0a955bd7d46636:     ping, 1 bytes
be0a955bd7d46636:     Crypto HS frame, offset 0, length 287: 0100011b03031789...
be0a955bd7d46636:     padding, 914 bytes

be0a955bd7d46636: Sending 1252 bytes to 11.0.0.1:4443 at T=19.500071 (35d013c616c28)
be0a955bd7d46636: T= 20.500072, Lost packet type 2, number 22, size 1236, DCID <>, reason: timer
be0a955bd7d46636: Reset path MTU after 11 retransmissions, 23 MTU losses
be0a955bd7d46636: Sending packet type: 2 (initial), S0, Q1, Version ff00001d,
be0a955bd7d46636:     <be0a955bd7d46636>, <5bd24897ea7ffb84>, Seq: 23, pl: 1226
be0a955bd7d46636:     Token length: 0
be0a955bd7d46636:     Prepared 1206 bytes
be0a955bd7d46636:     ping, 1 bytes
be0a955bd7d46636:     Crypto HS frame, offset 0, length 287: 0100011b03031789...
be0a955bd7d46636:     padding, 914 bytes

be0a955bd7d46636: Sending 1252 bytes to 11.0.0.1:4443 at T=20.500072 (35d013c70ae69)
be0a955bd7d46636: T= 21.500075, Lost packet type 2, number 23, size 1236, DCID <>, reason: timer
be0a955bd7d46636: Reset path MTU after 11 retransmissions, 24 MTU losses
be0a955bd7d46636: Too many data retransmits, abandon path
be0a955bd7d46636: Sending packet type: 2 (initial), S0, Q1, Version ff00001d,
be0a955bd7d46636:     <be0a955bd7d46636>, <5bd24897ea7ffb84>, Seq: 24, pl: 1226
be0a955bd7d46636:     Token length: 0
be0a955bd7d46636:     Prepared 1206 bytes
be0a955bd7d46636:     ping, 1 bytes
be0a955bd7d46636:     Crypto HS frame, offset 0, length 287: 0100011b03031789...
be0a955bd7d46636:     padding, 914 bytes

be0a955bd7d46636: Sending 1252 bytes to 11.0.0.1:4443 at T=21.500075 (35d013c7ff0ac)
be0a955bd7d46636: T= 22.500076, Lost packet type 2, number 24, size 1236, DCID <>, reason: timer
be0a955bd7d46636: Reset path MTU after 12 retransmissions, 25 MTU losses
be0a955bd7d46636: Sending packet type: 2 (initial), S0, Q1, Version ff00001d,
be0a955bd7d46636:     <be0a955bd7d46636>, <5bd24897ea7ffb84>, Seq: 25, pl: 1226
be0a955bd7d46636:     Token length: 0
be0a955bd7d46636:     Prepared 1206 bytes
be0a955bd7d46636:     ping, 1 bytes
be0a955bd7d46636:     Crypto HS frame, offset 0, length 287: 0100011b03031789...
be0a955bd7d46636:     padding, 914 bytes

be0a955bd7d46636: Sending 1252 bytes to 11.0.0.1:4443 at T=22.500076 (35d013c8f32ed)
be0a955bd7d46636: T= 23.500077, Lost packet type 2, number 25, size 1236, DCID <>, reason: timer
be0a955bd7d46636: Reset path MTU after 12 retransmissions, 26 MTU losses
be0a955bd7d46636: Too many data retransmits, abandon path
be0a955bd7d46636: Sending packet type: 2 (initial), S0, Q1, Version ff00001d,
be0a955bd7d46636:     <be0a955bd7d46636>, <5bd24897ea7ffb84>, Seq: 26, pl: 1226
be0a955bd7d46636:     Token length: 0
be0a955bd7d46636:     Prepared 1206 bytes
be0a955bd7d46636:     ping, 1 bytes
be0a955bd7d46636:     Crypto HS frame, offset 0, length 287: 0100011b03031789...
be0a955bd7d46636:     padding, 914 bytes

be0a955bd7d46636: Sending 1252 bytes to 11.0.0.1:4443 at T=23.500077 (35d013c9e752e)
be0a955bd7d46636: T= 24.500078, Lost packet type 2, number 26, size 1236, DCID <>, reason: timer
be0a955bd7d46636: Reset path MTU after 13 retransmissions, 27 MTU losses
be0a955bd7d46636: Sending packet type: 2 (initial), S0, Q1, Version ff00001d,
be0a955bd7d46636:     <be0a955bd7d46636>, <5bd24897ea7ffb84>, Seq: 27, pl: 1226
be0a955bd7d46636:     Token length: 0
be0a955bd7d46636:     Prepared 1206 bytes
be0a955bd7d46636:     ping, 1 bytes
be0a955bd7d46636:     Crypto HS frame, offset 0, length 287: 0100011b03031789...
be0a955bd7d46636:     padding, 914 bytes

be0a955bd7d46636: Sending 1252 bytes to 11.0.0.1:4443 at T=24.500078 (35d013cadb76f)
be0a955bd7d46636: T= 25.500079, Lost packet type 2, number 27, size 1236, DCID <>, reason: timer
be0a955bd7d46636: Reset path MTU after 13 retransmissions, 28 MTU losses
be0a955bd7d46636: Too many data retransmits, abandon path
be0a955bd7d46636: Sending packet type: 2 (initial), S0, Q1, Version ff00001d,
be0a955bd7d46636:     <be0a955bd7d46636>, <5bd24897ea7ffb84>, Seq: 28, pl: 1226
be0a955bd7d46636:     Token length: 0
be0a955bd7d46636:     Prepared 1206 bytes
be0a955bd7d46636:     ping, 1 bytes
be0a955bd7d46636:     Crypto HS frame, offset 0, length 287: 0100011b03031789...
be0a955bd7d46636:     padding, 914 bytes

be0a955bd7d46636: Sending 1252 bytes to 11.0.0.1:4443 at T=25.500079 (35d013cbcf9b0)
be0a955bd7d46636: T= 26.500080, Lost packet type 2, number 28, size 1236, DCID <>, reason: timer
be0a955bd7d46636: Reset path MTU after 14 retransmissions, 29 MTU losses
be0a955bd7d46636: Sending packet type: 2 (initial), S0, Q1, Version ff00001d,
be0a955bd7d46636